[INFO] Scanning for projects...
[INFO] 
[INFO] ------------------< si.confreg:registration-backend >-------------------
[INFO] Building registration-backend 0.1.0
[INFO]   from pom.xml
[INFO] --------------------------------[ jar ]---------------------------------
[INFO] 
[INFO] --- jacoco:0.8.12:prepare-agent (prepare-agent) @ registration-backend ---
[INFO] argLine set to -javaagent:C:\\Users\\tanej\\.m2\\repository\\org\\jacoco\\org.jacoco.agent\\0.8.12\\org.jacoco.agent-0.8.12-runtime.jar=destfile=C:\\Users\\tanej\\Documents\\LAB\\tanej-confreg-C1\\02_output\\backend\\target\\jacoco.exec
[INFO] 
[INFO] --- resources:3.5.0:resources (default-resources) @ registration-backend ---
[INFO] Copying 1 resource from src\main\resources to target\classes
[INFO] Copying 1 resource from src\main\resources to target\classes
[INFO] 
[INFO] --- compiler:3.15.0:compile (default-compile) @ registration-backend ---
[INFO] Nothing to compile - all classes are up to date.
[INFO] 
[INFO] --- spotless:2.44.3:check (default-cli) @ registration-backend ---
[INFO] Spotless.Java is keeping 50 files clean - 0 needs changes to be clean, 0 were already clean, 50 were skipped because caching determined they were already clean
[INFO] 
[INFO] >>> pmd:3.26.0:check (default-cli) > :pmd @ registration-backend >>>
[INFO] 
[INFO] --- pmd:3.26.0:pmd (pmd) @ registration-backend ---
[INFO] PMD version: 7.7.0
[WARNING] Unable to find a URL to the parent project. The parent menu will NOT be added.
[INFO] Rendering content with org.apache.maven.skins:maven-fluido-skin:jar:2.0.0-M9 skin
[INFO] 
[INFO] <<< pmd:3.26.0:check (default-cli) < :pmd @ registration-backend <<<
[INFO] 
[INFO] 
[INFO] --- pmd:3.26.0:check (default-cli) @ registration-backend ---
[INFO] 
[INFO] >>> pmd:3.26.0:cpd-check (default-cli) > :cpd @ registration-backend >>>
[INFO] 
[INFO] --- pmd:3.26.0:cpd (cpd) @ registration-backend ---
[WARNING] Unable to find a URL to the parent project. The parent menu will NOT be added.
[INFO] Rendering content with org.apache.maven.skins:maven-fluido-skin:jar:2.0.0-M9 skin
[INFO] 
[INFO] <<< pmd:3.26.0:cpd-check (default-cli) < :cpd @ registration-backend <<<
[INFO] 
[INFO] 
[INFO] --- pmd:3.26.0:cpd-check (default-cli) @ registration-backend ---
[INFO] 
[INFO] >>> spotbugs:4.10.4.1:check (default-cli) > :spotbugs @ registration-backend >>>
[INFO] 
[INFO] --- spotbugs:4.10.4.1:spotbugs (spotbugs) @ registration-backend ---
[INFO] Done SpotBugs Analysis....
[INFO] Skipping com.github.spotbugs:spotbugs-maven-plugin:4.10.4.1:spotbugs report goal
[INFO] 
[INFO] <<< spotbugs:4.10.4.1:check (default-cli) < :spotbugs @ registration-backend <<<
[INFO] 
[INFO] 
[INFO] --- spotbugs:4.10.4.1:check (default-cli) @ registration-backend ---
[INFO] BugInstance size is 5
[INFO] Error size is 0
[INFO] Total bugs: 5
[ERROR] Medium: si.confreg.registration.domain.RegistrationInput.workshops() may expose internal representation by returning RegistrationInput.workshops [si.confreg.registration.domain.RegistrationInput] At RegistrationInput.java:[line 8] EI_EXPOSE_REP
[ERROR] Medium: new si.confreg.registration.domain.RegistrationInput(String, String, String, String, String, String, String, List) may expose internal representation by storing an externally mutable object into RegistrationInput.workshops [si.confreg.registration.domain.RegistrationInput] At RegistrationInput.java:[line 8] EI_EXPOSE_REP2
[ERROR] Medium: si.confreg.registration.domain.RegistrationValidator$Result.invalidFields() may expose internal representation by returning RegistrationValidator$Result.invalidFields [si.confreg.registration.domain.RegistrationValidator$Result] At RegistrationValidator.java:[line 35] EI_EXPOSE_REP
[ERROR] Medium: new si.confreg.registration.domain.RegistrationValidator$Result(Participant, List) may expose internal representation by storing an externally mutable object into RegistrationValidator$Result.invalidFields [si.confreg.registration.domain.RegistrationValidator$Result] At RegistrationValidator.java:[line 35] EI_EXPOSE_REP2
[ERROR] Medium: Exception thrown in class si.confreg.registration.mail.SmtpConfirmationSender at new si.confreg.registration.mail.SmtpConfirmationSender(JavaMailSender, BusinessSettings, String) will leave the constructor. The object under construction remains partially initialized and may be vulnerable to Finalizer attacks. [si.confreg.registration.mail.SmtpConfirmationSender, si.confreg.registration.mail.SmtpConfirmationSender] At SmtpConfirmationSender.java:[line 32]At SmtpConfirmationSender.java:[line 32] CT_CONSTRUCTOR_THROW
[INFO] 


To see bug detail using the Spotbugs GUI, use the following command "mvn spotbugs:gui"



[INFO] ------------------------------------------------------------------------
[INFO] BUILD FAILURE
[INFO] ------------------------------------------------------------------------
[INFO] Total time:  34.851 s
[INFO] Finished at: 2026-10-06T21:47:30+02:00
[INFO] ------------------------------------------------------------------------
[ERROR] Failed to execute goal com.github.spotbugs:spotbugs-maven-plugin:4.10.4.1:check (default-cli) on project registration-backend: failed with 5 bugs and 0 errors -> [Help 1]
[ERROR] 
[ERROR] To see the full stack trace of the errors, re-run Maven with the -e switch.
[ERROR] Re-run Maven using the -X switch to enable full debug logging.
[ERROR] 
[ERROR] For more information about the errors and possible solutions, please read the following articles:
[ERROR] [Help 1] http://cwiki.apache.org/confluence/display/MAVEN/MojoExecutionException
