[INFO] Scanning for projects...
[INFO] 
[INFO] ------------------< si.confreg:registration-backend >-------------------
[INFO] Building registration-backend 0.1.0
[INFO]   from pom.xml
[INFO] --------------------------------[ jar ]---------------------------------
[INFO] 
[INFO] --- jacoco:0.8.12:prepare-agent (prepare-agent) @ registration-backend ---
[INFO] argLine set to -javaagent:C:\\Users\\tanej\\.m2\\repository\\org\\jacoco\\org.jacoco.agent\\0.8.12\\org.jacoco.agent-0.8.12-runtime.jar=destfile=C:\\Users\\tanej\\Documents\\LAB\\tanej-confreg-C1\\02_output\\backend\\target\\jacoco.exec
[INFO] 
[INFO] --- resources:3.5.0:resources (default-resources) @ registration-backend ---
[INFO] Copying 1 resource from src\main\resources to target\classes
[INFO] Copying 1 resource from src\main\resources to target\classes
[INFO] 
[INFO] --- compiler:3.15.0:compile (default-compile) @ registration-backend ---
[INFO] Nothing to compile - all classes are up to date.
[INFO] 
[INFO] --- resources:3.5.0:testResources (default-testResources) @ registration-backend ---
[INFO] Copying 1 resource from src\test\resources to target\test-classes
[INFO] 
[INFO] --- compiler:3.15.0:testCompile (default-testCompile) @ registration-backend ---
[INFO] Nothing to compile - all classes are up to date.
[INFO] 
[INFO] --- surefire:3.5.6:test (default-test) @ registration-backend ---
[INFO] Using auto detected provider org.apache.maven.surefire.junitplatform.JUnitPlatformProvider
[INFO] 
[INFO] -------------------------------------------------------
[INFO]  T E S T S
[INFO] -------------------------------------------------------
[INFO] Running si.confreg.registration.acceptance.ArchitectureAcceptanceTest
21:41:43.879 [main] INFO com.tngtech.archunit.core.PluginLoader -- Detected Java version 21.0.11
[ERROR] Tests run: 8, Failures: 1, Errors: 0, Skipped: 0, Time elapsed: 5.644 s <<< FAILURE! -- in si.confreg.registration.acceptance.ArchitectureAcceptanceTest
[ERROR] si.confreg.registration.acceptance.ArchitectureAcceptanceTest.AR_07_rule5_onlyMailComponentSendsEmail -- Time elapsed: 0.059 s <<< FAILURE!
java.lang.AssertionError: 
Architecture Violation [Priority: MEDIUM] - Rule 'no classes that reside outside of package 'si.confreg.registration.mail..' should depend on classes that reside in any package ['org.springframework.mail..', 'jakarta.mail..']' was violated (1 times):
Method <si.confreg.registration.config.ApplicationConfiguration.confirmationSender(org.springframework.mail.javamail.JavaMailSender, si.confreg.registration.application.BusinessSettings, si.confreg.registration.config.AppProperties)> has parameter of type <org.springframework.mail.javamail.JavaMailSender> in (ApplicationConfiguration.java:0)
	at com.tngtech.archunit.lang.ArchRule$Assertions.assertNoViolation(ArchRule.java:94)
	at com.tngtech.archunit.lang.ArchRule$Assertions.check(ArchRule.java:86)
	at com.tngtech.archunit.lang.ArchRule$Factory$SimpleArchRule.check(ArchRule.java:165)
	at com.tngtech.archunit.lang.syntax.ObjectsShouldInternal.check(ObjectsShouldInternal.java:81)
	at si.confreg.registration.acceptance.ArchitectureAcceptanceTest.AR_07_rule5_onlyMailComponentSendsEmail(ArchitectureAcceptanceTest.java:125)

[INFO] Running si.confreg.registration.acceptance.ConfirmationEmailAcceptanceTest
21:41:49.993 [main] INFO org.springframework.test.context.support.AnnotationConfigContextLoaderUtils -- Could not detect default configuration classes for test class [si.confreg.registration.acceptance.ConfirmationEmailAcceptanceTest]: ConfirmationEmailAcceptanceTest does not declare any static, non-private, non-final, nested classes annotated with @Configuration.
21:41:50.299 [main] INFO org.springframework.boot.test.context.SpringBootTestContextBootstrapper -- Found @SpringBootConfiguration si.confreg.registration.RegistrationApplication for test class si.confreg.registration.acceptance.ConfirmationEmailAcceptanceTest
21:41:50.561 [main] INFO org.springframework.test.context.support.AnnotationConfigContextLoaderUtils -- Could not detect default configuration classes for test class [si.confreg.registration.acceptance.ConfirmationEmailAcceptanceTest]: ConfirmationEmailAcceptanceTest does not declare any static, non-private, non-final, nested classes annotated with @Configuration.
21:41:50.562 [main] INFO org.springframework.test.context.support.AnnotationConfigContextLoaderUtils -- Could not detect default configuration classes for test class [si.confreg.registration.acceptance.AcceptanceTestBase]: AcceptanceTestBase does not declare any static, non-private, non-final, nested classes annotated with @Configuration.
21:41:50.565 [main] INFO org.springframework.boot.test.context.SpringBootTestContextBootstrapper -- Found @SpringBootConfiguration si.confreg.registration.RegistrationApplication for test class si.confreg.registration.acceptance.ConfirmationEmailAcceptanceTest
21:41:50.764 [main] INFO org.testcontainers.images.PullPolicy -- Image pull policy will be performed by: DefaultPullPolicy()
21:41:50.771 [main] INFO org.testcontainers.utility.ImageNameSubstitutor -- Image name substitution will be performed by: DefaultImageNameSubstitutor (composite of 'ConfigurationFileImageNameSubstitutor' and 'PrefixingImageNameSubstitutor')
21:41:50.812 [main] INFO org.testcontainers.DockerClientFactory -- Testcontainers version: 2.0.5
21:41:52.042 [main] INFO org.testcontainers.dockerclient.DockerClientProviderStrategy -- Loaded org.testcontainers.dockerclient.NpipeSocketClientProviderStrategy from ~/.testcontainers.properties, will try it first
21:41:53.434 [main] INFO org.testcontainers.dockerclient.DockerClientProviderStrategy -- Found Docker environment with local Npipe socket (npipe:////./pipe/docker_engine)
21:41:53.435 [main] INFO org.testcontainers.DockerClientFactory -- Docker host IP address is localhost
21:41:53.497 [main] INFO org.testcontainers.DockerClientFactory -- Connected to docker: 
  Server Version: 29.8.0
  API Version: 1.56
  Operating System: Docker Desktop
  Total Memory: 7612 MB
  Labels: 
    com.docker.desktop.address=npipe://\\.\pipe\docker_cli
21:41:54.530 [main] INFO tc.testcontainers/ryuk:0.14.0 -- Creating container for image: testcontainers/ryuk:0.14.0
21:41:54.793 [main] INFO org.testcontainers.utility.RegistryAuthLocator -- Credential helper/store (docker-credential-desktop) does not have credentials for https://index.docker.io/v1/
21:41:55.411 [main] INFO tc.testcontainers/ryuk:0.14.0 -- Container testcontainers/ryuk:0.14.0 is starting: 370b98a536b6c38bb5e56314b5e91f96178bb59e476ec32f10c66dcce3ee85b8
21:41:56.565 [main] INFO tc.testcontainers/ryuk:0.14.0 -- Container testcontainers/ryuk:0.14.0 started in PT2.0353284S
21:41:56.588 [main] INFO org.testcontainers.utility.RyukResourceReaper -- Ryuk started - will monitor and terminate Testcontainers containers on JVM exit
21:41:56.589 [main] INFO org.testcontainers.DockerClientFactory -- Checking the system...
21:41:56.589 [main] INFO org.testcontainers.DockerClientFactory -- ?? Docker server version should be at least 1.6.0
21:41:56.589 [main] INFO tc.postgres:16.15-alpine -- Creating container for image: postgres:16.15-alpine
21:41:56.831 [main] INFO tc.postgres:16.15-alpine -- Container postgres:16.15-alpine is starting: 3ae0f732017e445ab58f20fe2144c1e38c2d4a9660faff5770c972e3f20a632b
21:42:02.222 [main] INFO tc.postgres:16.15-alpine -- Container postgres:16.15-alpine started in PT5.6330417S
21:42:02.223 [main] INFO tc.postgres:16.15-alpine -- Container is started (JDBC URL: jdbc:postgresql://localhost:62811/test?loggerLevel=OFF)
21:42:02.224 [main] INFO tc.axllent/mailpit:v1.31.1 -- Creating container for image: axllent/mailpit:v1.31.1
21:42:02.447 [main] INFO tc.axllent/mailpit:v1.31.1 -- Container axllent/mailpit:v1.31.1 is starting: ebdde5edf509dc852e07ba89d256e6d49303637ba779b8c79aec6d94d867d70a
21:42:03.154 [main] INFO org.testcontainers.containers.wait.strategy.HttpWaitStrategy -- /intelligent_mcclintock: Waiting for 60 seconds for URL: http://localhost:62814/livez (where port 62814 maps to container port 8025)
21:42:03.223 [main] INFO tc.axllent/mailpit:v1.31.1 -- Container axllent/mailpit:v1.31.1 started in PT0.9984632S

  .   ____          _            __ _ _
 /\\ / ___'_ __ _ _(_)_ __  __ _ \ \ \ \
( ( )\___ | '_ | '_| | '_ \/ _` | \ \ \ \
 \\/  ___)| |_)| | | | | || (_| |  ) ) ) )
  '  |____| .__|_| |_|_| |_\__, | / / / /
 =========|_|==============|___/=/_/_/_/

 :: Spring Boot ::                (v4.1.1)

2026-10-06T21:42:04.952+02:00  INFO 5996 --- [registration-backend] [           main] s.c.r.a.ConfirmationEmailAcceptanceTest  : Starting ConfirmationEmailAcceptanceTest using Java 21.0.11 with PID 5996 (started by tanej in C:\Users\tanej\Documents\LAB\tanej-confreg-C1\02_output\backend)
2026-10-06T21:42:04.955+02:00  INFO 5996 --- [registration-backend] [           main] s.c.r.a.ConfirmationEmailAcceptanceTest  : No active profile set, falling back to 1 default profile: "default"
2026-10-06T21:42:07.448+02:00  INFO 5996 --- [registration-backend] [           main] .s.d.r.c.RepositoryConfigurationDelegate : Bootstrapping Spring Data JPA repositories in DEFAULT mode.
2026-10-06T21:42:07.645+02:00  INFO 5996 --- [registration-backend] [           main] .s.d.r.c.RepositoryConfigurationDelegate : Finished Spring Data repository scanning in 158 ms. Found 1 JPA repository interface.
2026-10-06T21:42:09.875+02:00  INFO 5996 --- [registration-backend] [           main] o.s.boot.tomcat.TomcatWebServer          : Tomcat initialized with port 0 (http)
2026-10-06T21:42:09.921+02:00  INFO 5996 --- [registration-backend] [           main] o.apache.catalina.core.StandardService   : Starting service [Tomcat]
2026-10-06T21:42:09.922+02:00  INFO 5996 --- [registration-backend] [           main] o.apache.catalina.core.StandardEngine    : Starting Servlet engine: [Apache Tomcat/11.0.26]
2026-10-06T21:42:10.081+02:00  INFO 5996 --- [registration-backend] [           main] b.w.c.s.WebApplicationContextInitializer : Root WebApplicationContext: initialization completed in 5057 ms
2026-10-06T21:42:11.076+02:00  INFO 5996 --- [registration-backend] [           main] com.zaxxer.hikari.HikariDataSource       : HikariPool-1 - Starting...
2026-10-06T21:42:11.558+02:00  INFO 5996 --- [registration-backend] [           main] com.zaxxer.hikari.pool.HikariPool        : HikariPool-1 - Added connection org.postgresql.jdbc.PgConnection@1b068afc
2026-10-06T21:42:11.560+02:00  INFO 5996 --- [registration-backend] [           main] com.zaxxer.hikari.HikariDataSource       : HikariPool-1 - Start completed.
2026-10-06T21:42:11.634+02:00  INFO 5996 --- [registration-backend] [           main] org.flywaydb.core.FlywayExecutor         : Database: jdbc:postgresql://localhost:62811/test?loggerLevel=OFF (PostgreSQL 16.15)
2026-10-06T21:42:11.849+02:00  INFO 5996 --- [registration-backend] [           main] o.f.c.i.s.JdbcTableSchemaHistory         : Schema history table "public"."flyway_schema_history" does not exist yet
2026-10-06T21:42:11.858+02:00  INFO 5996 --- [registration-backend] [           main] o.f.core.internal.command.DbValidate     : Successfully validated 1 migration (execution time 00:00.058s)
2026-10-06T21:42:11.918+02:00  INFO 5996 --- [registration-backend] [           main] o.f.c.i.s.JdbcTableSchemaHistory         : Creating Schema History table "public"."flyway_schema_history" ...
2026-10-06T21:42:12.056+02:00  INFO 5996 --- [registration-backend] [           main] o.f.core.internal.command.DbMigrate      : Current version of schema "public": << Empty Schema >>
2026-10-06T21:42:12.095+02:00  INFO 5996 --- [registration-backend] [           main] o.f.core.internal.command.DbMigrate      : Migrating schema "public" to version "1 - create registration"
2026-10-06T21:42:12.197+02:00  INFO 5996 --- [registration-backend] [           main] o.f.core.internal.command.DbMigrate      : Successfully applied 1 migration to schema "public", now at version v1 (execution time 00:00.054s)
2026-10-06T21:42:12.462+02:00  INFO 5996 --- [registration-backend] [           main] org.hibernate.orm.jpa                    : HHH008540: Processing PersistenceUnitInfo [name: default]
2026-10-06T21:42:12.633+02:00  INFO 5996 --- [registration-backend] [           main] org.hibernate.orm.core                   : HHH000001: Hibernate ORM core version 7.4.5.Final
2026-10-06T21:42:14.013+02:00  INFO 5996 --- [registration-backend] [           main] o.s.o.j.p.SpringPersistenceUnitInfo      : No LoadTimeWeaver setup: ignoring JPA class transformer
2026-10-06T21:42:14.318+02:00  INFO 5996 --- [registration-backend] [           main] org.hibernate.orm.connections.pooling    : HHH10001005: Database info:
	Database JDBC URL [jdbc:postgresql://localhost:62811/test?loggerLevel=OFF]
	Database driver: PostgreSQL JDBC Driver
	Database dialect: PostgreSQLDialect
	Database version: 16.15
	Default catalog/schema: test/public
	Autocommit mode: undefined/unknown
	Isolation level: READ_COMMITTED [default READ_COMMITTED]
	JDBC fetch size: none
	Pool: DataSourceConnectionProvider
	Minimum pool size: undefined/unknown
	Maximum pool size: undefined/unknown
2026-10-06T21:42:17.363+02:00  INFO 5996 --- [registration-backend] [           main] org.hibernate.orm.core                   : HHH000489: No JTA platform available (set 'hibernate.transaction.jta.platform' to enable JTA platform integration)
2026-10-06T21:42:17.548+02:00  INFO 5996 --- [registration-backend] [           main] j.LocalContainerEntityManagerFactoryBean : Initialized JPA EntityManagerFactory for persistence unit 'default'
2026-10-06T21:42:17.979+02:00  INFO 5996 --- [registration-backend] [           main] o.s.d.j.r.query.QueryEnhancerFactories   : Hibernate is in classpath; If applicable, HQL parser will be used.
2026-10-06T21:42:19.042+02:00  INFO 5996 --- [registration-backend] [           main] r$InitializeUserDetailsManagerConfigurer : Global AuthenticationManager configured with UserDetailsService bean with name organizer
2026-10-06T21:42:20.836+02:00  INFO 5996 --- [registration-backend] [           main] o.s.boot.tomcat.TomcatWebServer          : Tomcat started on port 62829 (http) with context path '/'
2026-10-06T21:42:21.072+02:00  INFO 5996 --- [registration-backend] [           main] o.s.boot.tomcat.TomcatWebServer          : Tomcat initialized with port 0 (http)
2026-10-06T21:42:21.075+02:00  INFO 5996 --- [registration-backend] [           main] o.apache.catalina.core.StandardService   : Starting service [Tomcat]
2026-10-06T21:42:21.076+02:00  INFO 5996 --- [registration-backend] [           main] o.apache.catalina.core.StandardEngine    : Starting Servlet engine: [Apache Tomcat/11.0.26]
2026-10-06T21:42:21.157+02:00  INFO 5996 --- [registration-backend] [           main] b.w.c.s.WebApplicationContextInitializer : Root WebApplicationContext: initialization completed in 314 ms
2026-10-06T21:42:21.188+02:00  INFO 5996 --- [registration-backend] [           main] o.s.b.a.e.web.EndpointLinksResolver      : Exposing 1 endpoint beneath base path '/actuator'
2026-10-06T21:42:21.275+02:00  INFO 5996 --- [registration-backend] [           main] o.s.boot.tomcat.TomcatWebServer          : Tomcat started on port 62830 (http) with context path '/'
2026-10-06T21:42:21.292+02:00  INFO 5996 --- [registration-backend] [           main] s.c.r.a.ConfirmationEmailAcceptanceTest  : Started ConfirmationEmailAcceptanceTest in 17.207 seconds (process running for 40.818)
Mockito is currently self-attaching to enable the inline-mock-maker. This will no longer work in future releases of the JDK. Please add Mockito as an agent to your build as described in Mockito's documentation: https://javadoc.io/doc/org.mockito/mockito-core/latest/org.mockito/org/mockito/Mockito.html#0.3
WARNING: A Java agent has been loaded dynamically (C:\Users\tanej\.m2\repository\net\bytebuddy\byte-buddy-agent\1.18.11\byte-buddy-agent-1.18.11.jar)
WARNING: If a serviceability tool is in use, please run with -XX:+EnableDynamicAgentLoading to hide this warning
WARNING: If a serviceability tool is not in use, please run with -Djdk.instrument.traceUsage for more information
WARNING: Dynamic loading of agents will be disallowed by default in a future release
Java HotSpot(TM) 64-Bit Server VM warning: Sharing is only supported for boot loader classes because bootstrap classpath has been appended
2026-10-06T21:42:22.604+02:00  INFO 5996 --- [registration-backend] [o-auto-1-exec-1] o.a.c.c.C.[Tomcat].[localhost].[/]       : Initializing Spring DispatcherServlet 'dispatcherServlet'
2026-10-06T21:42:22.606+02:00  INFO 5996 --- [registration-backend] [o-auto-1-exec-1] o.s.web.servlet.DispatcherServlet        : Initializing Servlet 'dispatcherServlet'
2026-10-06T21:42:22.610+02:00  INFO 5996 --- [registration-backend] [o-auto-1-exec-1] o.s.web.servlet.DispatcherServlet        : Completed initialization in 2 ms
[INFO] Tests run: 4, Failures: 0, Errors: 0, Skipped: 0, Time elapsed: 35.48 s -- in si.confreg.registration.acceptance.ConfirmationEmailAcceptanceTest
[INFO] Running si.confreg.registration.acceptance.MailFailureAcceptanceTest
2026-10-06T21:42:24.938+02:00  INFO 5996 --- [registration-backend] [           main] t.c.s.AnnotationConfigContextLoaderUtils : Could not detect default configuration classes for test class [si.confreg.registration.acceptance.MailFailureAcceptanceTest]: MailFailureAcceptanceTest does not declare any static, non-private, non-final, nested classes annotated with @Configuration.
2026-10-06T21:42:24.942+02:00  INFO 5996 --- [registration-backend] [           main] .b.t.c.SpringBootTestContextBootstrapper : Found @SpringBootConfiguration si.confreg.registration.RegistrationApplication for test class si.confreg.registration.acceptance.MailFailureAcceptanceTest
2026-10-06T21:42:24.947+02:00  INFO 5996 --- [registration-backend] [           main] t.c.s.AnnotationConfigContextLoaderUtils : Could not detect default configuration classes for test class [si.confreg.registration.acceptance.MailFailureAcceptanceTest]: MailFailureAcceptanceTest does not declare any static, non-private, non-final, nested classes annotated with @Configuration.
2026-10-06T21:42:24.948+02:00  INFO 5996 --- [registration-backend] [           main] t.c.s.AnnotationConfigContextLoaderUtils : Could not detect default configuration classes for test class [si.confreg.registration.acceptance.AcceptanceTestBase]: AcceptanceTestBase does not declare any static, non-private, non-final, nested classes annotated with @Configuration.
2026-10-06T21:42:24.950+02:00  INFO 5996 --- [registration-backend] [           main] .b.t.c.SpringBootTestContextBootstrapper : Found @SpringBootConfiguration si.confreg.registration.RegistrationApplication for test class si.confreg.registration.acceptance.MailFailureAcceptanceTest
2026-10-06T21:42:24.961+02:00  INFO 5996 --- [registration-backend] [           main] o.s.boot.tomcat.GracefulShutdown         : Commencing graceful shutdown. Waiting for active requests to complete
2026-10-06T21:42:24.977+02:00  INFO 5996 --- [registration-backend] [tomcat-shutdown] o.s.boot.tomcat.GracefulShutdown         : Graceful shutdown complete

  .   ____          _            __ _ _
 /\\ / ___'_ __ _ _(_)_ __  __ _ \ \ \ \
( ( )\___ | '_ | '_| | '_ \/ _` | \ \ \ \
 \\/  ___)| |_)| | | | | || (_| |  ) ) ) )
  '  |____| .__|_| |_|_| |_\__, | / / / /
 =========|_|==============|___/=/_/_/_/

 :: Spring Boot ::                (v4.1.1)

2026-10-06T21:42:25.080+02:00  INFO 5996 --- [registration-backend] [           main] s.c.r.a.MailFailureAcceptanceTest        : Starting MailFailureAcceptanceTest using Java 21.0.11 with PID 5996 (started by tanej in C:\Users\tanej\Documents\LAB\tanej-confreg-C1\02_output\backend)
2026-10-06T21:42:25.080+02:00  INFO 5996 --- [registration-backend] [           main] s.c.r.a.MailFailureAcceptanceTest        : No active profile set, falling back to 1 default profile: "default"
2026-10-06T21:42:25.496+02:00  INFO 5996 --- [registration-backend] [           main] .s.d.r.c.RepositoryConfigurationDelegate : Bootstrapping Spring Data JPA repositories in DEFAULT mode.
2026-10-06T21:42:25.528+02:00  INFO 5996 --- [registration-backend] [           main] .s.d.r.c.RepositoryConfigurationDelegate : Finished Spring Data repository scanning in 29 ms. Found 1 JPA repository interface.
2026-10-06T21:42:25.713+02:00  INFO 5996 --- [registration-backend] [           main] o.s.boot.tomcat.TomcatWebServer          : Tomcat initialized with port 0 (http)
2026-10-06T21:42:25.715+02:00  INFO 5996 --- [registration-backend] [           main] o.apache.catalina.core.StandardService   : Starting service [Tomcat]
2026-10-06T21:42:25.716+02:00  INFO 5996 --- [registration-backend] [           main] o.apache.catalina.core.StandardEngine    : Starting Servlet engine: [Apache Tomcat/11.0.26]
2026-10-06T21:42:25.798+02:00  INFO 5996 --- [registration-backend] [           main] b.w.c.s.WebApplicationContextInitializer : Root WebApplicationContext: initialization completed in 715 ms
2026-10-06T21:42:25.954+02:00  INFO 5996 --- [registration-backend] [           main] com.zaxxer.hikari.HikariDataSource       : HikariPool-2 - Starting...
2026-10-06T21:42:26.042+02:00  INFO 5996 --- [registration-backend] [           main] com.zaxxer.hikari.pool.HikariPool        : HikariPool-2 - Added connection org.postgresql.jdbc.PgConnection@6bda8390
2026-10-06T21:42:26.042+02:00  INFO 5996 --- [registration-backend] [           main] com.zaxxer.hikari.HikariDataSource       : HikariPool-2 - Start completed.
2026-10-06T21:42:26.048+02:00  INFO 5996 --- [registration-backend] [           main] org.flywaydb.core.FlywayExecutor         : Database: jdbc:postgresql://localhost:62811/test?loggerLevel=OFF (PostgreSQL 16.15)
2026-10-06T21:42:26.132+02:00  INFO 5996 --- [registration-backend] [           main] o.f.core.internal.command.DbValidate     : Successfully validated 1 migration (execution time 00:00.027s)
2026-10-06T21:42:26.205+02:00  INFO 5996 --- [registration-backend] [           main] o.f.core.internal.command.DbMigrate      : Current version of schema "public": 1
2026-10-06T21:42:26.208+02:00  INFO 5996 --- [registration-backend] [           main] o.f.core.internal.command.DbMigrate      : Schema "public" is up to date. No migration necessary.
2026-10-06T21:42:26.275+02:00  INFO 5996 --- [registration-backend] [           main] org.hibernate.orm.jpa                    : HHH008540: Processing PersistenceUnitInfo [name: default]
2026-10-06T21:42:26.338+02:00  INFO 5996 --- [registration-backend] [           main] o.s.o.j.p.SpringPersistenceUnitInfo      : No LoadTimeWeaver setup: ignoring JPA class transformer
2026-10-06T21:42:26.363+02:00  INFO 5996 --- [registration-backend] [           main] org.hibernate.orm.connections.pooling    : HHH10001005: Database info:
	Database JDBC URL [jdbc:postgresql://localhost:62811/test?loggerLevel=OFF]
	Database driver: PostgreSQL JDBC Driver
	Database dialect: PostgreSQLDialect
	Database version: 16.15
	Default catalog/schema: test/public
	Autocommit mode: undefined/unknown
	Isolation level: READ_COMMITTED [default READ_COMMITTED]
	JDBC fetch size: none
	Pool: DataSourceConnectionProvider
	Minimum pool size: undefined/unknown
	Maximum pool size: undefined/unknown
2026-10-06T21:42:26.462+02:00  INFO 5996 --- [registration-backend] [           main] org.hibernate.orm.core                   : HHH000489: No JTA platform available (set 'hibernate.transaction.jta.platform' to enable JTA platform integration)
2026-10-06T21:42:26.527+02:00  INFO 5996 --- [registration-backend] [           main] j.LocalContainerEntityManagerFactoryBean : Initialized JPA EntityManagerFactory for persistence unit 'default'
2026-10-06T21:42:26.809+02:00  INFO 5996 --- [registration-backend] [           main] r$InitializeUserDetailsManagerConfigurer : Global AuthenticationManager configured with UserDetailsService bean with name organizer
2026-10-06T21:42:27.136+02:00  INFO 5996 --- [registration-backend] [           main] o.s.boot.tomcat.TomcatWebServer          : Tomcat started on port 62849 (http) with context path '/'
2026-10-06T21:42:27.275+02:00  INFO 5996 --- [registration-backend] [           main] o.s.boot.tomcat.TomcatWebServer          : Tomcat initialized with port 0 (http)
2026-10-06T21:42:27.277+02:00  INFO 5996 --- [registration-backend] [           main] o.apache.catalina.core.StandardService   : Starting service [Tomcat]
2026-10-06T21:42:27.279+02:00  INFO 5996 --- [registration-backend] [           main] o.apache.catalina.core.StandardEngine    : Starting Servlet engine: [Apache Tomcat/11.0.26]
2026-10-06T21:42:27.368+02:00  INFO 5996 --- [registration-backend] [           main] b.w.c.s.WebApplicationContextInitializer : Root WebApplicationContext: initialization completed in 229 ms
2026-10-06T21:42:27.387+02:00  INFO 5996 --- [registration-backend] [           main] o.s.b.a.e.web.EndpointLinksResolver      : Exposing 1 endpoint beneath base path '/actuator'
2026-10-06T21:42:27.469+02:00  INFO 5996 --- [registration-backend] [           main] o.s.boot.tomcat.TomcatWebServer          : Tomcat started on port 62850 (http) with context path '/'
2026-10-06T21:42:27.475+02:00  INFO 5996 --- [registration-backend] [           main] s.c.r.a.MailFailureAcceptanceTest        : Started MailFailureAcceptanceTest in 2.474 seconds (process running for 47.0)
2026-10-06T21:42:27.489+02:00  INFO 5996 --- [registration-backend] [o-auto-3-exec-1] o.a.c.c.C.[Tomcat-1].[localhost].[/]     : Initializing Spring DispatcherServlet 'dispatcherServlet'
2026-10-06T21:42:27.489+02:00  INFO 5996 --- [registration-backend] [o-auto-3-exec-1] o.s.web.servlet.DispatcherServlet        : Initializing Servlet 'dispatcherServlet'
2026-10-06T21:42:27.493+02:00  INFO 5996 --- [registration-backend] [o-auto-3-exec-1] o.s.web.servlet.DispatcherServlet        : Completed initialization in 4 ms
[ERROR] Tests run: 2, Failures: 2, Errors: 0, Skipped: 0, Time elapsed: 2.818 s <<< FAILURE! -- in si.confreg.registration.acceptance.MailFailureAcceptanceTest
[ERROR] si.confreg.registration.acceptance.MailFailureAcceptanceTest.AC_001_09_failureResponseHasNoInternalDetails -- Time elapsed: 0.167 s <<< FAILURE!
java.lang.AssertionError: 

Expecting actual:
  201
to be between:
  [500, 599]

	at si.confreg.registration.acceptance.MailFailureAcceptanceTest.AC_001_09_failureResponseHasNoInternalDetails(MailFailureAcceptanceTest.java:45)

[ERROR] si.confreg.registration.acceptance.MailFailureAcceptanceTest.AC_001_09_registrationFailsAndIsNotStoredWhenEmailCannotBeSent -- Time elapsed: 0.100 s <<< FAILURE!
java.lang.AssertionError: 
[{"registrationNumber":"REG-000006","firstName":"Špela","lastName":"Žagar ?e?","email":"smtp-down-98ed84ea@example.com","payerType":"private","companyName":null,"companyAddress":null,"companyVatId":null,"workshop":null,"netFee":100.10,"vat":25.03,"grossFee":125.13}] 
Expecting actual:
  201
to be between:
  [500, 599]

	at si.confreg.registration.acceptance.MailFailureAcceptanceTest.AC_001_09_registrationFailsAndIsNotStoredWhenEmailCannotBeSent(MailFailureAcceptanceTest.java:34)

[INFO] Running si.confreg.registration.acceptance.RegistrationFeeAcceptanceTest
2026-10-06T21:42:27.756+02:00  INFO 5996 --- [registration-backend] [           main] t.c.s.AnnotationConfigContextLoaderUtils : Could not detect default configuration classes for test class [si.confreg.registration.acceptance.RegistrationFeeAcceptanceTest]: RegistrationFeeAcceptanceTest does not declare any static, non-private, non-final, nested classes annotated with @Configuration.
2026-10-06T21:42:27.758+02:00  INFO 5996 --- [registration-backend] [           main] .b.t.c.SpringBootTestContextBootstrapper : Found @SpringBootConfiguration si.confreg.registration.RegistrationApplication for test class si.confreg.registration.acceptance.RegistrationFeeAcceptanceTest
2026-10-06T21:42:27.761+02:00  INFO 5996 --- [registration-backend] [           main] t.c.s.AnnotationConfigContextLoaderUtils : Could not detect default configuration classes for test class [si.confreg.registration.acceptance.RegistrationFeeAcceptanceTest]: RegistrationFeeAcceptanceTest does not declare any static, non-private, non-final, nested classes annotated with @Configuration.
2026-10-06T21:42:27.761+02:00  INFO 5996 --- [registration-backend] [           main] t.c.s.AnnotationConfigContextLoaderUtils : Could not detect default configuration classes for test class [si.confreg.registration.acceptance.AcceptanceTestBase]: AcceptanceTestBase does not declare any static, non-private, non-final, nested classes annotated with @Configuration.
2026-10-06T21:42:27.762+02:00  INFO 5996 --- [registration-backend] [           main] .b.t.c.SpringBootTestContextBootstrapper : Found @SpringBootConfiguration si.confreg.registration.RegistrationApplication for test class si.confreg.registration.acceptance.RegistrationFeeAcceptanceTest
2026-10-06T21:42:27.768+02:00  INFO 5996 --- [registration-backend] [           main] o.s.boot.tomcat.GracefulShutdown         : Commencing graceful shutdown. Waiting for active requests to complete
2026-10-06T21:42:27.784+02:00  INFO 5996 --- [registration-backend] [tomcat-shutdown] o.s.boot.tomcat.GracefulShutdown         : Graceful shutdown complete
2026-10-06T21:42:27.792+02:00  INFO 5996 --- [registration-backend] [           main] o.s.boot.tomcat.TomcatWebServer          : Tomcat started on port 62857 (http) with context path '/'
[INFO] Tests run: 8, Failures: 0, Errors: 0, Skipped: 0, Time elapsed: 0.660 s -- in si.confreg.registration.acceptance.RegistrationFeeAcceptanceTest
[INFO] Running si.confreg.registration.acceptance.RegistrationStorageAcceptanceTest
2026-10-06T21:42:28.417+02:00  INFO 5996 --- [registration-backend] [           main] t.c.s.AnnotationConfigContextLoaderUtils : Could not detect default configuration classes for test class [si.confreg.registration.acceptance.RegistrationStorageAcceptanceTest]: RegistrationStorageAcceptanceTest does not declare any static, non-private, non-final, nested classes annotated with @Configuration.
2026-10-06T21:42:28.422+02:00  INFO 5996 --- [registration-backend] [           main] .b.t.c.SpringBootTestContextBootstrapper : Found @SpringBootConfiguration si.confreg.registration.RegistrationApplication for test class si.confreg.registration.acceptance.RegistrationStorageAcceptanceTest
2026-10-06T21:42:28.424+02:00  INFO 5996 --- [registration-backend] [           main] t.c.s.AnnotationConfigContextLoaderUtils : Could not detect default configuration classes for test class [si.confreg.registration.acceptance.RegistrationStorageAcceptanceTest]: RegistrationStorageAcceptanceTest does not declare any static, non-private, non-final, nested classes annotated with @Configuration.
2026-10-06T21:42:28.424+02:00  INFO 5996 --- [registration-backend] [           main] t.c.s.AnnotationConfigContextLoaderUtils : Could not detect default configuration classes for test class [si.confreg.registration.acceptance.AcceptanceTestBase]: AcceptanceTestBase does not declare any static, non-private, non-final, nested classes annotated with @Configuration.
2026-10-06T21:42:28.427+02:00  INFO 5996 --- [registration-backend] [           main] .b.t.c.SpringBootTestContextBootstrapper : Found @SpringBootConfiguration si.confreg.registration.RegistrationApplication for test class si.confreg.registration.acceptance.RegistrationStorageAcceptanceTest
[INFO] Tests run: 9, Failures: 0, Errors: 0, Skipped: 0, Time elapsed: 2.975 s -- in si.confreg.registration.acceptance.RegistrationStorageAcceptanceTest
[INFO] Running si.confreg.registration.acceptance.ValidationAcceptanceTest
2026-10-06T21:42:31.398+02:00  INFO 5996 --- [registration-backend] [           main] t.c.s.AnnotationConfigContextLoaderUtils : Could not detect default configuration classes for test class [si.confreg.registration.acceptance.ValidationAcceptanceTest]: ValidationAcceptanceTest does not declare any static, non-private, non-final, nested classes annotated with @Configuration.
2026-10-06T21:42:31.401+02:00  INFO 5996 --- [registration-backend] [           main] .b.t.c.SpringBootTestContextBootstrapper : Found @SpringBootConfiguration si.confreg.registration.RegistrationApplication for test class si.confreg.registration.acceptance.ValidationAcceptanceTest
2026-10-06T21:42:31.403+02:00  INFO 5996 --- [registration-backend] [           main] t.c.s.AnnotationConfigContextLoaderUtils : Could not detect default configuration classes for test class [si.confreg.registration.acceptance.ValidationAcceptanceTest]: ValidationAcceptanceTest does not declare any static, non-private, non-final, nested classes annotated with @Configuration.
2026-10-06T21:42:31.404+02:00  INFO 5996 --- [registration-backend] [           main] t.c.s.AnnotationConfigContextLoaderUtils : Could not detect default configuration classes for test class [si.confreg.registration.acceptance.AcceptanceTestBase]: AcceptanceTestBase does not declare any static, non-private, non-final, nested classes annotated with @Configuration.
2026-10-06T21:42:31.405+02:00  INFO 5996 --- [registration-backend] [           main] .b.t.c.SpringBootTestContextBootstrapper : Found @SpringBootConfiguration si.confreg.registration.RegistrationApplication for test class si.confreg.registration.acceptance.ValidationAcceptanceTest
[INFO] Tests run: 17, Failures: 0, Errors: 0, Skipped: 0, Time elapsed: 19.92 s -- in si.confreg.registration.acceptance.ValidationAcceptanceTest
[INFO] Running si.confreg.registration.acceptance.WorkshopAcceptanceTest
2026-10-06T21:42:51.315+02:00  INFO 5996 --- [registration-backend] [           main] t.c.s.AnnotationConfigContextLoaderUtils : Could not detect default configuration classes for test class [si.confreg.registration.acceptance.WorkshopAcceptanceTest]: WorkshopAcceptanceTest does not declare any static, non-private, non-final, nested classes annotated with @Configuration.
2026-10-06T21:42:51.319+02:00  INFO 5996 --- [registration-backend] [           main] .b.t.c.SpringBootTestContextBootstrapper : Found @SpringBootConfiguration si.confreg.registration.RegistrationApplication for test class si.confreg.registration.acceptance.WorkshopAcceptanceTest
2026-10-06T21:42:51.322+02:00  INFO 5996 --- [registration-backend] [           main] t.c.s.AnnotationConfigContextLoaderUtils : Could not detect default configuration classes for test class [si.confreg.registration.acceptance.WorkshopAcceptanceTest]: WorkshopAcceptanceTest does not declare any static, non-private, non-final, nested classes annotated with @Configuration.
2026-10-06T21:42:51.323+02:00  INFO 5996 --- [registration-backend] [           main] t.c.s.AnnotationConfigContextLoaderUtils : Could not detect default configuration classes for test class [si.confreg.registration.acceptance.AcceptanceTestBase]: AcceptanceTestBase does not declare any static, non-private, non-final, nested classes annotated with @Configuration.
2026-10-06T21:42:51.325+02:00  INFO 5996 --- [registration-backend] [           main] .b.t.c.SpringBootTestContextBootstrapper : Found @SpringBootConfiguration si.confreg.registration.RegistrationApplication for test class si.confreg.registration.acceptance.WorkshopAcceptanceTest
[INFO] Tests run: 4, Failures: 0, Errors: 0, Skipped: 0, Time elapsed: 0.607 s -- in si.confreg.registration.acceptance.WorkshopAcceptanceTest
[INFO] 
[INFO] Results:
[INFO] 
[ERROR] Failures: 
[ERROR]   ArchitectureAcceptanceTest.AR_07_rule5_onlyMailComponentSendsEmail:125 Architecture Violation [Priority: MEDIUM] - Rule 'no classes that reside outside of package 'si.confreg.registration.mail..' should depend on classes that reside in any package ['org.springframework.mail..', 'jakarta.mail..']' was violated (1 times):
Method <si.confreg.registration.config.ApplicationConfiguration.confirmationSender(org.springframework.mail.javamail.JavaMailSender, si.confreg.registration.application.BusinessSettings, si.confreg.registration.config.AppProperties)> has parameter of type <org.springframework.mail.javamail.JavaMailSender> in (ApplicationConfiguration.java:0)
[ERROR]   MailFailureAcceptanceTest.AC_001_09_failureResponseHasNoInternalDetails:45 
Expecting actual:
  201
to be between:
  [500, 599]

[ERROR]   MailFailureAcceptanceTest.AC_001_09_registrationFailsAndIsNotStoredWhenEmailCannotBeSent:34 [{"registrationNumber":"REG-000006","firstName":"Špela","lastName":"Žagar ?e?","email":"smtp-down-98ed84ea@example.com","payerType":"private","companyName":null,"companyAddress":null,"companyVatId":null,"workshop":null,"netFee":100.10,"vat":25.03,"grossFee":125.13}] 
Expecting actual:
  201
to be between:
  [500, 599]

[INFO] 
[ERROR] Tests run: 52, Failures: 3, Errors: 0, Skipped: 0
[INFO] 
[INFO] ------------------------------------------------------------------------
[INFO] BUILD FAILURE
[INFO] ------------------------------------------------------------------------
[INFO] Total time:  01:18 min
[INFO] Finished at: 2026-10-06T21:42:53+02:00
[INFO] ------------------------------------------------------------------------
[ERROR] Failed to execute goal org.apache.maven.plugins:maven-surefire-plugin:3.5.6:test (default-test) on project registration-backend: There are test failures.
[ERROR] 
[ERROR] See C:\Users\tanej\Documents\LAB\tanej-confreg-C1\02_output\backend\target\surefire-reports for the individual test results.
[ERROR] See dump files (if any exist) [date].dump, [date]-jvmRun[N].dump and [date].dumpstream.
[ERROR] -> [Help 1]
[ERROR] 
[ERROR] To see the full stack trace of the errors, re-run Maven with the -e switch.
[ERROR] Re-run Maven using the -X switch to enable full debug logging.
[ERROR] 
[ERROR] For more information about the errors and possible solutions, please read the following articles:
[ERROR] [Help 1] http://cwiki.apache.org/confluence/display/MAVEN/MojoFailureException
