 Network confreg_default Creating 
 Network confreg_default Creating 
 Network confreg_default Created 
 Network confreg_default Created 
 Container confreg-postgres-1 Creating 
 Container confreg-mailpit-1 Creating 
 Container confreg-mailpit-1 Created 
 Container confreg-postgres-1 Created 
 Container confreg-backend-1 Creating 
 Container confreg-backend-1 Created 
 Container confreg-frontend-1 Creating 
 Container confreg-frontend-1 Created 
 Container confreg-postgres-1 Starting 
 Container confreg-mailpit-1 Starting 
 Container confreg-postgres-1 Started 
 Container confreg-mailpit-1 Started 
 Container confreg-postgres-1 Waiting 
 Container confreg-mailpit-1 Waiting 
 Container confreg-mailpit-1 Healthy 
 Container confreg-postgres-1 Healthy 
 Container confreg-backend-1 Starting 
 Container confreg-backend-1 Started 
 Container confreg-backend-1 Waiting 
 Container confreg-backend-1 Healthy 
 Container confreg-frontend-1 Starting 
 Container confreg-frontend-1 Started 
 Container confreg-backend-1 Waiting 
 Container confreg-frontend-1 Waiting 
 Container confreg-postgres-1 Waiting 
 Container confreg-mailpit-1 Waiting 
 Container confreg-mailpit-1 Healthy 
 Container confreg-postgres-1 Healthy 
 Container confreg-backend-1 Healthy 
 Container confreg-frontend-1 Healthy 
