
> registration-frontend@0.1.0 build
> tsc --noEmit && vite build

[36mvite v6.4.3 [32mbuilding for production...[36m[39m
transforming...
[32m✓[39m 28 modules transformed.
rendering chunks...
computing gzip size...
[2mdist/[22m[32mindex.html                [39m[1m[2m  0.33 kB[22m[1m[22m[2m │ gzip:  0.24 kB[22m
[2mdist/[22m[36massets/index-BGF9gnSB.js  [39m[1m[2m223.98 kB[22m[1m[22m[2m │ gzip: 69.55 kB[22m
[32m✓ built in 1.68s[39m
build exit 0

> registration-frontend@0.1.0 check
> prettier --check . && eslint . && tsc --noEmit

Checking formatting...
All matched files use Prettier code style!
check exit 0

> registration-frontend@0.1.0 test
> vitest run


 RUN  v5.0.3 C:/Users/tanej/Documents/LAB/tanej-confreg-C1/02_output/frontend

No test files found, exiting with code 0

include: src/**/*.test.{ts,tsx}
exclude:  **/node_modules/**, **/.git/**

test exit 0
