[INFO] Scanning for projects...
[INFO] 
[INFO] ------------------< si.confreg:registration-backend >-------------------
[INFO] Building registration-backend 0.1.0
[INFO]   from pom.xml
[INFO] --------------------------------[ jar ]---------------------------------
[INFO] 
[INFO] --- dependency:3.10.0:list (default-cli) @ registration-backend ---
[INFO] 
[INFO] The following files have been resolved:
[INFO]    org.springframework.boot:spring-boot-starter-webmvc:jar:4.1.1:compile -- module spring.boot.starter.webmvc [auto]
[INFO]    org.springframework.boot:spring-boot-starter:jar:4.1.1:compile -- module spring.boot.starter [auto]
[INFO]    org.springframework.boot:spring-boot-starter-logging:jar:4.1.1:compile -- module spring.boot.starter.logging [auto]
[INFO]    ch.qos.logback:logback-classic:jar:1.5.38:compile -- module ch.qos.logback.classic
[INFO]    ch.qos.logback:logback-core:jar:1.5.38:compile -- module ch.qos.logback.core
[INFO]    org.apache.logging.log4j:log4j-to-slf4j:jar:2.26.1:compile -- module org.apache.logging.log4j.to.slf4j
[INFO]    org.slf4j:jul-to-slf4j:jar:2.0.18:compile -- module jul.to.slf4j
[INFO]    org.springframework.boot:spring-boot-autoconfigure:jar:4.1.1:compile -- module spring.boot.autoconfigure [auto]
[INFO]    jakarta.annotation:jakarta.annotation-api:jar:3.0.0:compile -- module jakarta.annotation
[INFO]    org.yaml:snakeyaml:jar:2.6:compile -- module org.yaml.snakeyaml
[INFO]    org.springframework.boot:spring-boot-starter-jackson:jar:4.1.1:compile -- module spring.boot.starter.jackson [auto]
[INFO]    org.springframework.boot:spring-boot-jackson:jar:4.1.1:compile -- module spring.boot.jackson [auto]
[INFO]    org.springframework.boot:spring-boot-starter-tomcat:jar:4.1.1:compile -- module spring.boot.starter.tomcat [auto]
[INFO]    org.springframework.boot:spring-boot-starter-tomcat-runtime:jar:4.1.1:compile -- module spring.boot.starter.tomcat.runtime [auto]
[INFO]    org.apache.tomcat.embed:tomcat-embed-websocket:jar:11.0.26:compile -- module org.apache.tomcat.embed.websocket
[INFO]    org.springframework.boot:spring-boot-tomcat:jar:4.1.1:compile -- module spring.boot.tomcat [auto]
[INFO]    org.springframework.boot:spring-boot-http-converter:jar:4.1.1:compile -- module spring.boot.http.converter [auto]
[INFO]    org.springframework.boot:spring-boot:jar:4.1.1:compile -- module spring.boot [auto]
[INFO]    org.springframework:spring-context:jar:7.0.9:compile -- module spring.context [auto]
[INFO]    org.springframework:spring-web:jar:7.0.9:compile -- module spring.web [auto]
[INFO]    org.springframework.boot:spring-boot-webmvc:jar:4.1.1:compile -- module spring.boot.webmvc [auto]
[INFO]    org.springframework.boot:spring-boot-servlet:jar:4.1.1:compile -- module spring.boot.servlet [auto]
[INFO]    org.springframework:spring-webmvc:jar:7.0.9:compile -- module spring.webmvc [auto]
[INFO]    org.springframework:spring-expression:jar:7.0.9:compile -- module spring.expression [auto]
[INFO]    org.springframework.boot:spring-boot-starter-data-jpa:jar:4.1.1:compile -- module spring.boot.starter.data.jpa [auto]
[INFO]    org.springframework.boot:spring-boot-starter-jdbc:jar:4.1.1:compile -- module spring.boot.starter.jdbc [auto]
[INFO]    com.zaxxer:HikariCP:jar:7.0.2:compile -- module com.zaxxer.hikari
[INFO]    org.springframework.boot:spring-boot-data-jpa:jar:4.1.1:compile -- module spring.boot.data.jpa [auto]
[INFO]    org.springframework.boot:spring-boot-data-commons:jar:4.1.1:compile -- module spring.boot.data.commons [auto]
[INFO]    org.springframework.boot:spring-boot-persistence:jar:4.1.1:compile -- module spring.boot.persistence [auto]
[INFO]    org.springframework.data:spring-data-commons:jar:4.1.1:compile -- module spring.data.commons [auto]
[INFO]    org.springframework.boot:spring-boot-hibernate:jar:4.1.1:compile -- module spring.boot.hibernate [auto]
[INFO]    org.springframework.boot:spring-boot-jpa:jar:4.1.1:compile -- module spring.boot.jpa [auto]
[INFO]    jakarta.persistence:jakarta.persistence-api:jar:3.2.0:compile -- module jakarta.persistence
[INFO]    org.hibernate.orm:hibernate-core:jar:7.4.5.Final:compile -- module org.hibernate.orm.core [auto]
[INFO]    jakarta.transaction:jakarta.transaction-api:jar:2.0.1:compile -- module jakarta.transaction
[INFO]    org.hibernate.models:hibernate-models:jar:1.1.1:runtime -- module org.hibernate.models [auto]
[INFO]    org.glassfish.jaxb:jaxb-runtime:jar:4.0.9:runtime -- module org.glassfish.jaxb.runtime
[INFO]    org.glassfish.jaxb:jaxb-core:jar:4.0.9:runtime -- module org.glassfish.jaxb.core
[INFO]    org.glassfish.jaxb:txw2:jar:4.0.9:runtime -- module com.sun.xml.txw2
[INFO]    com.sun.istack:istack-commons-runtime:jar:4.1.2:runtime -- module com.sun.istack.runtime
[INFO]    jakarta.inject:jakarta.inject-api:jar:2.0.1:runtime -- module jakarta.inject
[INFO]    org.springframework:spring-orm:jar:7.0.9:compile -- module spring.orm [auto]
[INFO]    org.springframework.data:spring-data-jpa:jar:4.1.1:compile -- module spring.data.jpa [auto]
[INFO]    org.springframework:spring-tx:jar:7.0.9:compile -- module spring.tx [auto]
[INFO]    org.antlr:antlr4-runtime:jar:4.13.2:compile -- module org.antlr.antlr4.runtime [auto]
[INFO]    org.springframework:spring-aspects:jar:7.0.9:compile -- module spring.aspects [auto]
[INFO]    org.aspectj:aspectjweaver:jar:1.9.25.1:compile -- module org.aspectj.weaver [auto]
[INFO]    org.springframework.boot:spring-boot-jdbc:jar:4.1.1:compile -- module spring.boot.jdbc [auto]
[INFO]    org.springframework.boot:spring-boot-sql:jar:4.1.1:compile -- module spring.boot.sql [auto]
[INFO]    org.springframework.boot:spring-boot-transaction:jar:4.1.1:compile -- module spring.boot.transaction [auto]
[INFO]    org.springframework:spring-jdbc:jar:7.0.9:compile -- module spring.jdbc [auto]
[INFO]    org.springframework.boot:spring-boot-starter-validation:jar:4.1.1:compile -- module spring.boot.starter.validation [auto]
[INFO]    org.springframework.boot:spring-boot-validation:jar:4.1.1:compile -- module spring.boot.validation [auto]
[INFO]    org.apache.tomcat.embed:tomcat-embed-el:jar:11.0.26:compile -- module org.apache.tomcat.embed.el
[INFO]    org.hibernate.validator:hibernate-validator:jar:9.1.3.Final:compile -- module org.hibernate.validator
[INFO]    jakarta.validation:jakarta.validation-api:jar:3.1.1:compile -- module jakarta.validation
[INFO]    org.jboss.logging:jboss-logging:jar:3.6.3.Final:compile -- module org.jboss.logging
[INFO]    com.fasterxml:classmate:jar:1.7.3:compile -- module com.fasterxml.classmate
[INFO]    org.springframework.boot:spring-boot-starter-mail:jar:4.1.1:compile -- module spring.boot.starter.mail [auto]
[INFO]    org.springframework.boot:spring-boot-mail:jar:4.1.1:compile -- module spring.boot.mail [auto]
[INFO]    org.springframework:spring-context-support:jar:7.0.9:compile -- module spring.context.support [auto]
[INFO]    jakarta.mail:jakarta.mail-api:jar:2.1.5:compile -- module jakarta.mail
[INFO]    org.eclipse.angus:angus-mail:jar:2.0.5:runtime -- module org.eclipse.angus.mail
[INFO]    org.eclipse.angus:angus-activation:jar:2.0.3:runtime -- module org.eclipse.angus.activation
[INFO]    org.springframework.boot:spring-boot-starter-actuator:jar:4.1.1:compile -- module spring.boot.starter.actuator [auto]
[INFO]    org.springframework.boot:spring-boot-starter-micrometer-metrics:jar:4.1.1:compile -- module spring.boot.starter.micrometer.metrics [auto]
[INFO]    org.springframework.boot:spring-boot-micrometer-metrics:jar:4.1.1:compile -- module spring.boot.micrometer.metrics [auto]
[INFO]    org.springframework.boot:spring-boot-micrometer-observation:jar:4.1.1:compile -- module spring.boot.micrometer.observation [auto]
[INFO]    org.springframework.boot:spring-boot-actuator-autoconfigure:jar:4.1.1:compile -- module spring.boot.actuator.autoconfigure [auto]
[INFO]    org.springframework.boot:spring-boot-actuator:jar:4.1.1:compile -- module spring.boot.actuator [auto]
[INFO]    org.springframework.boot:spring-boot-health:jar:4.1.1:compile -- module spring.boot.health [auto]
[INFO]    io.micrometer:micrometer-observation:jar:1.17.1:compile -- module micrometer.observation [auto]
[INFO]    org.jspecify:jspecify:jar:1.0.1:compile -- module org.jspecify
[INFO]    io.micrometer:micrometer-commons:jar:1.17.1:compile -- module micrometer.commons [auto]
[INFO]    io.micrometer:micrometer-jakarta9:jar:1.17.1:compile -- module micrometer.jakarta9 [auto]
[INFO]    io.micrometer:micrometer-core:jar:1.17.1:compile -- module micrometer.core [auto]
[INFO]    org.hdrhistogram:HdrHistogram:jar:2.2.2:runtime -- module HdrHistogram (auto)
[INFO]    org.springframework.boot:spring-boot-starter-security:jar:4.1.1:compile -- module spring.boot.starter.security [auto]
[INFO]    org.springframework.boot:spring-boot-security:jar:4.1.1:compile -- module spring.boot.security [auto]
[INFO]    org.springframework.security:spring-security-config:jar:7.1.1:compile -- module spring.security.config [auto]
[INFO]    org.springframework.security:spring-security-core:jar:7.1.1:compile -- module spring.security.core [auto]
[INFO]    org.springframework.security:spring-security-crypto:jar:7.1.1:compile -- module spring.security.crypto [auto]
[INFO]    org.springframework.security:spring-security-web:jar:7.1.1:compile -- module spring.security.web [auto]
[INFO]    org.springframework:spring-aop:jar:7.0.9:compile -- module spring.aop [auto]
[INFO]    org.springframework:spring-beans:jar:7.0.9:compile -- module spring.beans [auto]
[INFO]    org.springframework.boot:spring-boot-starter-flyway:jar:4.1.1:compile -- module spring.boot.starter.flyway [auto]
[INFO]    org.springframework.boot:spring-boot-flyway:jar:4.1.1:compile -- module spring.boot.flyway [auto]
[INFO]    org.flywaydb:flyway-core:jar:12.4.0:compile -- module flyway.core (auto)
[INFO]    tools.jackson.core:jackson-databind:jar:3.1.5:compile -- module tools.jackson.databind
[INFO]    com.fasterxml.jackson.core:jackson-annotations:jar:2.21:compile -- module com.fasterxml.jackson.annotation
[INFO]    tools.jackson.core:jackson-core:jar:3.1.5:compile -- module tools.jackson.core
[INFO]    org.flywaydb:flyway-database-postgresql:jar:12.4.0:compile -- module flyway.database.postgresql (auto)
[INFO]    org.postgresql:postgresql:jar:42.7.13:runtime -- module org.postgresql.jdbc [auto]
[INFO]    org.checkerframework:checker-qual:jar:3.55.1:runtime -- module org.checkerframework.checker.qual
[INFO]    org.apache.poi:poi-ooxml:jar:5.5.1:compile -- module org.apache.poi.ooxml
[INFO]    org.apache.poi:poi:jar:5.5.1:compile -- module org.apache.poi.poi
[INFO]    commons-codec:commons-codec:jar:1.21.0:compile -- module org.apache.commons.codec
[INFO]    org.apache.commons:commons-math3:jar:3.6.1:compile -- module commons.math3 (auto)
[INFO]    com.zaxxer:SparseBitSet:jar:1.3:compile -- module com.zaxxer.sparsebitset [auto]
[INFO]    org.apache.poi:poi-ooxml-lite:jar:5.5.1:compile -- module org.apache.poi.ooxml.schemas
[INFO]    org.apache.xmlbeans:xmlbeans:jar:5.3.0:compile -- module org.apache.xmlbeans
[INFO]    org.apache.commons:commons-compress:jar:1.28.0:compile -- module org.apache.commons.compress
[INFO]    commons-io:commons-io:jar:2.21.0:compile -- module org.apache.commons.io
[INFO]    com.github.virtuald:curvesapi:jar:1.08:compile -- module com.github.virtuald.curvesapi [auto]
[INFO]    org.apache.commons:commons-collections4:jar:4.5.0:compile -- module org.apache.commons.collections4
[INFO]    org.apache.tomcat.embed:tomcat-embed-core:jar:11.0.26:compile -- module org.apache.tomcat.embed.core
[INFO]    org.apache.tomcat:tomcat-annotations-api:jar:11.0.26:compile -- module jakarta.annotation
[INFO]    org.apache.logging.log4j:log4j-api:jar:2.26.1:compile -- module org.apache.logging.log4j
[INFO]    org.apache.commons:commons-lang3:jar:3.20.0:compile -- module org.apache.commons.lang3
[INFO]    org.springframework.boot:spring-boot-starter-test:jar:4.1.1:test -- module spring.boot.starter.test [auto]
[INFO]    org.springframework.boot:spring-boot-test:jar:4.1.1:test -- module spring.boot.test [auto]
[INFO]    org.springframework.boot:spring-boot-test-autoconfigure:jar:4.1.1:test -- module spring.boot.test.autoconfigure [auto]
[INFO]    com.jayway.jsonpath:json-path:jar:2.10.0:test -- module json.path [auto]
[INFO]    org.slf4j:slf4j-api:jar:2.0.18:compile -- module org.slf4j
[INFO]    jakarta.xml.bind:jakarta.xml.bind-api:jar:4.0.5:runtime -- module jakarta.xml.bind
[INFO]    jakarta.activation:jakarta.activation-api:jar:2.1.4:compile -- module jakarta.activation
[INFO]    net.minidev:json-smart:jar:2.6.0:test -- module json.smart (auto)
[INFO]    net.minidev:accessors-smart:jar:2.6.0:test -- module accessors.smart (auto)
[INFO]    org.ow2.asm:asm:jar:9.7.1:test -- module org.objectweb.asm
[INFO]    org.assertj:assertj-core:jar:3.27.7:test -- module org.assertj.core
[INFO]    net.bytebuddy:byte-buddy:jar:1.18.11:runtime -- module net.bytebuddy
[INFO]    org.awaitility:awaitility:jar:4.3.0:test -- module awaitility (auto)
[INFO]    org.hamcrest:hamcrest:jar:3.0:test -- module org.hamcrest [auto]
[INFO]    org.junit.jupiter:junit-jupiter:jar:6.0.3:test -- module org.junit.jupiter
[INFO]    org.junit.jupiter:junit-jupiter-api:jar:6.0.3:test -- module org.junit.jupiter.api
[INFO]    org.opentest4j:opentest4j:jar:1.3.0:test -- module org.opentest4j
[INFO]    org.junit.platform:junit-platform-commons:jar:6.0.3:test -- module org.junit.platform.commons
[INFO]    org.apiguardian:apiguardian-api:jar:1.1.2:test -- module org.apiguardian.api
[INFO]    org.junit.jupiter:junit-jupiter-params:jar:6.0.3:test -- module org.junit.jupiter.params
[INFO]    org.junit.jupiter:junit-jupiter-engine:jar:6.0.3:test -- module org.junit.jupiter.engine
[INFO]    org.junit.platform:junit-platform-engine:jar:6.0.3:test -- module org.junit.platform.engine
[INFO]    org.mockito:mockito-core:jar:5.23.0:test -- module org.mockito
[INFO]    net.bytebuddy:byte-buddy-agent:jar:1.18.11:test -- module net.bytebuddy.agent
[INFO]    org.objenesis:objenesis:jar:3.3:test -- module org.objenesis [auto]
[INFO]    org.mockito:mockito-junit-jupiter:jar:5.23.0:test -- module org.mockito.junit.jupiter
[INFO]    org.skyscreamer:jsonassert:jar:1.5.3:test -- module jsonassert (auto)
[INFO]    com.vaadin.external.google:android-json:jar:0.0.20131108.vaadin1:test -- module android.json (auto)
[INFO]    org.springframework:spring-core:jar:7.0.9:compile -- module spring.core [auto]
[INFO]    commons-logging:commons-logging:jar:1.3.6:compile -- module org.apache.commons.logging
[INFO]    org.springframework:spring-test:jar:7.0.9:test -- module spring.test [auto]
[INFO]    org.xmlunit:xmlunit-core:jar:2.11.0:test -- module org.xmlunit [auto]
[INFO]    org.springframework.boot:spring-boot-starter-webmvc-test:jar:4.1.1:test -- module spring.boot.starter.webmvc.test [auto]
[INFO]    org.springframework.boot:spring-boot-starter-jackson-test:jar:4.1.1:test -- module spring.boot.starter.jackson.test [auto]
[INFO]    org.springframework.boot:spring-boot-webmvc-test:jar:4.1.1:test -- module spring.boot.webmvc.test [auto]
[INFO]    org.springframework.boot:spring-boot-web-server:jar:4.1.1:compile -- module spring.boot.web.server [auto]
[INFO]    org.springframework.boot:spring-boot-resttestclient:jar:4.1.1:test -- module spring.boot.resttestclient [auto]
[INFO]    org.testcontainers:testcontainers-junit-jupiter:jar:2.0.5:test -- module testcontainers.junit.jupiter (auto)
[INFO]    org.testcontainers:testcontainers:jar:2.0.5:test -- module testcontainers (auto)
[INFO]    org.rnorth.duct-tape:duct-tape:jar:1.0.8:test -- module duct.tape (auto)
[INFO]    org.jetbrains:annotations:jar:17.0.0:test -- module org.jetbrains.annotations [auto]
[INFO]    com.github.docker-java:docker-java-api:jar:3.7.1:test -- module com.github.dockerjava.api [auto]
[INFO]    com.github.docker-java:docker-java-transport-zerodep:jar:3.7.1:test -- module com.github.dockerjava.transport.zerodep [auto]
[INFO]    com.github.docker-java:docker-java-transport:jar:3.7.1:test -- module com.github.dockerjava.transport [auto]
[INFO]    net.java.dev.jna:jna:jar:5.18.1:test -- module com.sun.jna [auto]
[INFO]    org.testcontainers:testcontainers-postgresql:jar:2.0.5:test -- module testcontainers.postgresql (auto)
[INFO]    org.testcontainers:testcontainers-jdbc:jar:2.0.5:test -- module testcontainers.jdbc (auto)
[INFO]    org.testcontainers:testcontainers-database-commons:jar:2.0.5:test -- module testcontainers.database.commons (auto)
[INFO]    com.tngtech.archunit:archunit-junit5:jar:1.3.2:test -- module com.tngtech.archunit.junit5 [auto]
[INFO]    com.tngtech.archunit:archunit-junit5-api:jar:1.3.2:test -- module com.tngtech.archunit.junit5.api [auto]
[INFO]    com.tngtech.archunit:archunit:jar:1.3.2:test -- module com.tngtech.archunit [auto]
[INFO]    com.tngtech.archunit:archunit-junit5-engine:jar:1.3.2:test -- module com.tngtech.archunit.junit5.engine [auto]
[INFO]    com.tngtech.archunit:archunit-junit5-engine-api:jar:1.3.2:test -- module com.tngtech.archunit.junit5.engineapi [auto]
[INFO] 
[INFO] ------------------------------------------------------------------------
[INFO] BUILD SUCCESS
[INFO] ------------------------------------------------------------------------
[INFO] Total time:  2.637 s
[INFO] Finished at: 2026-10-07T00:25:49+02:00
[INFO] ------------------------------------------------------------------------
