[INFO] Scanning for projects...
[INFO] 
[INFO] ------------------< si.confreg:registration-backend >-------------------
[INFO] Building registration-backend 0.1.0-SNAPSHOT
[INFO]   from pom.xml
[INFO] --------------------------------[ jar ]---------------------------------
[INFO] 
[INFO] --- dependency-check:12.1.0:check (default-cli) @ registration-backend ---
[INFO] Checking for updates
[INFO] Skipping the NVD API Update as it was completed within the last 240 minutes
[INFO] Skipping Known Exploited Vulnerabilities update check since last check was within 24 hours.
[INFO] Check for updates complete (518 ms)
[INFO] 

Dependency-Check is an open source tool performing a best effort analysis of 3rd party dependencies; false positives and false negatives may exist in the analysis performed by the tool. Use of the tool and the reporting provided constitutes acceptance for use in an AS IS condition, and there are NO warranties, implied or otherwise, with regard to the analysis or its use. Any use of the tool and the reporting provided is at the user's risk. In no event shall the copyright holder or OWASP be held liable for any damages whatsoever arising out of or in connection with the use of this tool, the analysis performed, or the resulting report.


   About ODC: https://jeremylong.github.io/DependencyCheck/general/internals.html
   False Positives: https://jeremylong.github.io/DependencyCheck/general/suppression.html

? Sponsor: https://github.com/sponsors/jeremylong


[INFO] Analysis Started
[INFO] Finished Archive Analyzer (1 seconds)
[INFO] Finished File Name Analyzer (0 seconds)
[INFO] Finished Jar Analyzer (0 seconds)
[ERROR] ----------------------------------------------------
[ERROR] .NET Assembly Analyzer could not be initialized and at least one 'exe' or 'dll' was scanned. The 'dotnet' executable could not be found on the path; either disable the Assembly Analyzer or add the path to dotnet core in the configuration.
[ERROR] The dotnet 8.0 core runtime or SDK is required to analyze assemblies
[ERROR] ----------------------------------------------------
[INFO] Finished Dependency Merging Analyzer (0 seconds)
[INFO] Finished Hint Analyzer (0 seconds)
[INFO] Finished Version Filter Analyzer (0 seconds)
Oct 06, 2026 4:23:58 PM org.apache.lucene.store.MemorySegmentIndexInputProvider <init>
INFO: Using MemorySegmentIndexInput with Java 21 or later; to disable start with -Dorg.apache.lucene.store.MMapDirectory.enableMemorySegments=false
Oct 06, 2026 4:23:58 PM org.apache.lucene.internal.vectorization.VectorizationProvider lookup
WARNING: Java vector incubator module is not readable. For optimal vector performance, pass '--add-modules jdk.incubator.vector' to enable Vector API.
[INFO] Created CPE Index (2 seconds)
[INFO] Finished CPE Analyzer (4 seconds)
[INFO] Finished False Positive Analyzer (0 seconds)
[INFO] Finished NVD CVE Analyzer (0 seconds)
[INFO] Finished RetireJS Analyzer (0 seconds)
[INFO] Finished Vulnerability Suppression Analyzer (0 seconds)
[INFO] Finished Known Exploited Vulnerability Analyzer (0 seconds)
[INFO] Finished Dependency Bundling Analyzer (0 seconds)
[INFO] Finished Unused Suppression Rule Analyzer (0 seconds)
[INFO] Analysis Complete (9 seconds)
[INFO] Writing HTML report to: C:\Users\tanej\Documents\LAB\tanej-confreg-C0\02_output\backend\target\dependency-check-report.html
[INFO] Writing JSON report to: C:\Users\tanej\Documents\LAB\tanej-confreg-C0\02_output\backend\target\dependency-check-report.json
[INFO] ------------------------------------------------------------------------
[INFO] BUILD SUCCESS
[INFO] ------------------------------------------------------------------------
[INFO] Total time:  15.078 s
[INFO] Finished at: 2026-10-06T16:24:05+02:00
[INFO] ------------------------------------------------------------------------
