== build exit 0
[2mdist/[22m[32mindex.html                [39m[1m[2m  0.33 kB[22m[1m[22m[2m │ gzip:  0.24 kB[22m
[2mdist/[22m[36massets/index-DMxAdNoG.js  [39m[1m[2m224.00 kB[22m[1m[22m[2m │ gzip: 69.56 kB[22m
[32m✓ built in 1.51s[39m
== check exit 0

Checking formatting...
All matched files use Prettier code style!
== test exit 0
include: src/**/*.test.{ts,tsx}, tests/**/*.test.{ts,tsx}
exclude:  **/node_modules/**, **/.git/**

== coverage exit 0
Functions    : 0% ( 0/1 )
Lines        : 0% ( 0/4 )
================================================================================
== duplication exit 0
[90m└────────┴────────────────┴─────────────┴──────────────┴──────────────┴──────────────────┴───────────────────┘[39m
[90mFound 0 clones.[39m
[90mtime: 39.061ms[39m
== versions
vitest/5.0.3 win32-x64 node-v24.10.0
jscpd 5.4.0
10.0.0
== stryker probe
exit 0
          | % Mutation score |          |           |            |          |          |
All files | 100.00 |  100.00 |        1 |         0 |          0 |        0 |        0 |
