# npm audit report

@vitest/mocker  2.1.0 - 4.1.10
Severity: moderate
Vitest: Path Traversal / Arbitrary File Read via @vitest/mocker Redirect Mock - https://github.com/advisories/GHSA-82fw-gwwq-j7x9
fix available via `npm audit fix --force`
Will install vitest@5.0.3, which is a breaking change
node_modules/@vitest/mocker
  vitest  0.0.95 - 4.1.10
  Depends on vulnerable versions of @vitest/mocker
  Depends on vulnerable versions of tinypool
  node_modules/vitest
    @vitest/coverage-v8  2.1.0-beta.1 - 4.1.10
    Depends on vulnerable versions of vitest
    node_modules/@vitest/coverage-v8

braces  *
Severity: high
braces vulnerable to stack-exhaustion denial of service through deeply nested patterns - https://github.com/advisories/GHSA-vfj7-8cjw-p6xm
fix available via `npm audit fix --force`
Will install jscpd@5.4.0, which is a breaking change
node_modules/braces
  micromatch  >=0.2.0
  Depends on vulnerable versions of braces
  node_modules/micromatch
    fast-glob  *
    Depends on vulnerable versions of micromatch
    node_modules/fast-glob
      @jscpd/finder  *
      Depends on vulnerable versions of fast-glob
      node_modules/@jscpd/finder
        jscpd  3.3.0-alpha.2 - 4.3.0
        Depends on vulnerable versions of @jscpd/finder
        node_modules/jscpd

qs  2.2.5 - 6.15.3
Severity: moderate
qs has a remotely triggerable DoS: qs.stringify crashes with TypeError on null/undefined entries in comma-format arrays when encodeValuesOnly is set - https://github.com/advisories/GHSA-q8mj-m7cp-5q26
qs array-limit bypass via bracket-key comma parsing - https://github.com/advisories/GHSA-x5fp-wj9c-mxmx
qs: Denial of Service via Attacker Controlled isBuffer - https://github.com/advisories/GHSA-4mjr-xmp4-gh2g
fix available via `npm audit fix`
node_modules/qs
  typed-rest-client  2.3.1 - 3.1.0
  Depends on vulnerable versions of qs
  node_modules/typed-rest-client

tinypool  <=2.1.1
Severity: critical
Tinypool: Prototype Pollution gadget in worker options leads to Remote Code Execution - https://github.com/advisories/GHSA-5gmw-xhrv-c9v3
Tinypool: Prototype Pollution Gadget to RCE in run() options - https://github.com/advisories/GHSA-85c8-ppgw-ccpr
fix available via `npm audit fix --force`
Will install vitest@5.0.3, which is a breaking change
node_modules/tinypool


11 vulnerabilities (4 moderate, 5 high, 2 critical)

To address issues that do not require attention, run:
  npm audit fix

To address all issues (including breaking changes), run:
  npm audit fix --force
