maven org.springframework.boot:spring-boot-starter-parent 4.1.1 200
maven org.springframework.boot:spring-boot-starter-webmvc 4.1.1 200
maven org.springframework.boot:spring-boot-starter-data-jpa 4.1.1 200
maven org.springframework.boot:spring-boot-starter-validation 4.1.1 200
maven org.springframework.boot:spring-boot-starter-mail 4.1.1 200
maven org.springframework.boot:spring-boot-starter-actuator 4.1.1 200
maven org.springframework.boot:spring-boot-starter-security 4.1.1 200
maven org.springframework.boot:spring-boot-starter-flyway 4.1.1 200
maven org.springframework.boot:spring-boot-starter-test 4.1.1 200
maven org.springframework.boot:spring-boot-starter-webmvc-test 4.1.1 200
maven org.springframework.boot:spring-boot-maven-plugin 4.1.1 200
maven org.flywaydb:flyway-core 12.4.0 200
maven org.flywaydb:flyway-database-postgresql 12.4.0 200
maven org.postgresql:postgresql 42.7.13 200
maven org.apache.poi:poi-ooxml 5.5.1 200
maven org.apache.tomcat.embed:tomcat-embed-core 11.0.26 200
maven org.apache.logging.log4j:log4j-api 2.26.1 200
maven org.apache.commons:commons-lang3 3.20.0 200
maven org.testcontainers:testcontainers-junit-jupiter 2.0.5 200
maven org.testcontainers:testcontainers-postgresql 2.0.5 200
maven com.tngtech.archunit:archunit-junit5 1.3.2 200
maven org.apache.maven.wrapper:maven-wrapper 3.3.2 200
maven org.apache.maven.plugins:maven-wrapper-plugin 3.3.2 200
maven org.apache.maven:apache-maven 3.9.9 200
maven com.diffplug.spotless:spotless-maven-plugin 2.44.3 200
maven com.github.spotbugs:spotbugs-maven-plugin 4.10.4.1 200
maven org.apache.maven.plugins:maven-pmd-plugin 3.26.0 200
maven org.jacoco:jacoco-maven-plugin 0.8.12 200
maven org.pitest:pitest-maven 1.30.0 200
maven org.pitest:pitest-junit5-plugin 1.2.3 200
maven org.owasp:dependency-check-maven 12.1.0 200
npm react 19.3.0 200
npm react-dom 19.3.0 200
npm @types/react 19.3.0 200
npm @types/react-dom 19.3.0 200
npm @vitejs/plugin-react 4.7.0 200
npm @testing-library/react 16.3.3 200
npm @testing-library/jest-dom 6.9.1 200
npm jsdom 26.1.0 200
npm globals 15.15.0 200
npm vite 6.4.3 200
npm typescript 5.9.3 200
npm eslint 9.39.5 200
npm @eslint/js 9.39.5 200
npm typescript-eslint 8.70.1 200
npm eslint-plugin-react-hooks 5.2.0 200
npm eslint-plugin-react-refresh 0.4.26 200
npm prettier 3.9.9 200
npm vitest 3.2.7 200
npm @vitest/coverage-v8 3.2.7 200
npm @playwright/test 1.63.0 200
npm @stryker-mutator/core 10.0.0 200
npm @stryker-mutator/vitest-runner 10.0.0 200
npm jscpd 4.3.0 200
npm npm 11.6.2 200
container postgres:16.15-alpine ok
container eclipse-temurin:21.0.10_7-jre-alpine ok
container node:24.13.0-alpine ok
container nginx:1.30.5-alpine ok
container axllent/mailpit:v1.31.1 ok
container semgrep/semgrep:1.177.0 ok
container zricethezav/gitleaks:v8.30.1 ok
container aldanial/cloc:2.10 ok
