[INFO] Scanning for projects...
[INFO] 
[INFO] ------------------< si.confreg:registration-backend >-------------------
[INFO] Building registration-backend 0.1.0
[INFO]   from pom.xml
[INFO] --------------------------------[ jar ]---------------------------------
[INFO] 
[INFO] --- jacoco:0.8.12:prepare-agent (prepare-agent) @ registration-backend ---
[INFO] argLine set to -javaagent:C:\\Users\\tanej\\.m2\\repository\\org\\jacoco\\org.jacoco.agent\\0.8.12\\org.jacoco.agent-0.8.12-runtime.jar=destfile=C:\\Users\\tanej\\Documents\\LAB\\tanej-confreg-C2\\02_output\\backend\\target\\jacoco.exec
[INFO] 
[INFO] --- resources:3.5.0:resources (default-resources) @ registration-backend ---
[INFO] Copying 1 resource from src\main\resources to target\classes
[INFO] Copying 0 resource from src\main\resources to target\classes
[INFO] 
[INFO] --- compiler:3.15.0:compile (default-compile) @ registration-backend ---
[INFO] Nothing to compile - all classes are up to date.
[INFO] 
[INFO] --- resources:3.5.0:testResources (default-testResources) @ registration-backend ---
[INFO] skip non existing resourceDirectory C:\Users\tanej\Documents\LAB\tanej-confreg-C2\02_output\backend\src\test\resources
[INFO] 
[INFO] --- compiler:3.15.0:testCompile (default-testCompile) @ registration-backend ---
[INFO] Recompiling the module because of changed source code.
[INFO] Compiling 9 source files with javac [debug parameters release 21] to target\test-classes
[INFO] 
[INFO] --- surefire:3.5.6:test (default-test) @ registration-backend ---
[INFO] Using auto detected provider org.apache.maven.surefire.junitplatform.JUnitPlatformProvider
[INFO] 
[INFO] -------------------------------------------------------
[INFO]  T E S T S
[INFO] -------------------------------------------------------
[INFO] Running si.confreg.registration.acceptance.ConfirmationAcceptanceTest
13:32:41.952 [main] INFO org.springframework.test.context.support.AnnotationConfigContextLoaderUtils -- Could not detect default configuration classes for test class [si.confreg.registration.acceptance.ConfirmationAcceptanceTest]: ConfirmationAcceptanceTest does not declare any static, non-private, non-final, nested classes annotated with @Configuration.
13:32:42.480 [main] INFO org.springframework.boot.test.context.SpringBootTestContextBootstrapper -- Found @SpringBootConfiguration si.confreg.registration.RegistrationApplication for test class si.confreg.registration.acceptance.ConfirmationAcceptanceTest
13:32:42.836 [main] INFO org.springframework.test.context.support.AnnotationConfigContextLoaderUtils -- Could not detect default configuration classes for test class [si.confreg.registration.acceptance.ConfirmationAcceptanceTest]: ConfirmationAcceptanceTest does not declare any static, non-private, non-final, nested classes annotated with @Configuration.
13:32:42.837 [main] INFO org.springframework.test.context.support.AnnotationConfigContextLoaderUtils -- Could not detect default configuration classes for test class [si.confreg.registration.acceptance.AcceptanceTestBase]: AcceptanceTestBase does not declare any static, non-private, non-final, nested classes annotated with @Configuration.
13:32:42.844 [main] INFO org.springframework.boot.test.context.SpringBootTestContextBootstrapper -- Found @SpringBootConfiguration si.confreg.registration.RegistrationApplication for test class si.confreg.registration.acceptance.ConfirmationAcceptanceTest
13:32:43.229 [main] INFO org.testcontainers.images.PullPolicy -- Image pull policy will be performed by: DefaultPullPolicy()
13:32:43.236 [main] INFO org.testcontainers.utility.ImageNameSubstitutor -- Image name substitution will be performed by: DefaultImageNameSubstitutor (composite of 'ConfigurationFileImageNameSubstitutor' and 'PrefixingImageNameSubstitutor')
13:32:43.276 [main] INFO org.testcontainers.DockerClientFactory -- Testcontainers version: 2.0.5
13:32:44.658 [main] INFO org.testcontainers.dockerclient.DockerClientProviderStrategy -- Loaded org.testcontainers.dockerclient.NpipeSocketClientProviderStrategy from ~/.testcontainers.properties, will try it first
13:33:08.068 [main] INFO org.testcontainers.dockerclient.DockerClientProviderStrategy -- Found Docker environment with local Npipe socket (npipe:////./pipe/docker_engine)
13:33:08.074 [main] INFO org.testcontainers.DockerClientFactory -- Docker host IP address is localhost
13:33:08.152 [main] INFO org.testcontainers.DockerClientFactory -- Connected to docker: 
  Server Version: 29.8.0
  API Version: 1.56
  Operating System: Docker Desktop
  Total Memory: 7612 MB
  Labels: 
    com.docker.desktop.address=npipe://\\.\pipe\docker_cli
13:33:09.256 [main] INFO tc.testcontainers/ryuk:0.14.0 -- Creating container for image: testcontainers/ryuk:0.14.0
13:33:09.651 [main] INFO org.testcontainers.utility.RegistryAuthLocator -- Credential helper/store (docker-credential-desktop) does not have credentials for https://index.docker.io/v1/
13:33:10.225 [main] INFO tc.testcontainers/ryuk:0.14.0 -- Container testcontainers/ryuk:0.14.0 is starting: b9b5044b82524407519b79533f9557471033c2f64a00321b0009aa0fcce73ce1
13:33:11.393 [main] INFO tc.testcontainers/ryuk:0.14.0 -- Container testcontainers/ryuk:0.14.0 started in PT2.1369728S
13:33:11.414 [main] INFO org.testcontainers.utility.RyukResourceReaper -- Ryuk started - will monitor and terminate Testcontainers containers on JVM exit
13:33:11.415 [main] INFO org.testcontainers.DockerClientFactory -- Checking the system...
13:33:11.417 [main] INFO org.testcontainers.DockerClientFactory -- ?? Docker server version should be at least 1.6.0
13:33:11.418 [main] INFO tc.postgres:16.15-alpine -- Creating container for image: postgres:16.15-alpine
13:33:11.678 [main] INFO tc.postgres:16.15-alpine -- Container postgres:16.15-alpine is starting: 212a60c5c4a0e216efbd3f79243875a2ae12de1bcfcc4090df0fb78a50983bbd
13:33:17.387 [main] INFO tc.postgres:16.15-alpine -- Container postgres:16.15-alpine started in PT5.9680825S
13:33:17.388 [main] INFO tc.postgres:16.15-alpine -- Container is started (JDBC URL: jdbc:postgresql://localhost:50769/test?loggerLevel=OFF)
13:33:17.390 [main] INFO tc.axllent/mailpit:v1.31.1 -- Creating container for image: axllent/mailpit:v1.31.1
13:33:17.623 [main] INFO tc.axllent/mailpit:v1.31.1 -- Container axllent/mailpit:v1.31.1 is starting: 88d82459711516d18851cfec37b0b59377e5bd0a41866ad5d196e2a5ec3e42f2
13:33:18.540 [main] INFO tc.axllent/mailpit:v1.31.1 -- Container axllent/mailpit:v1.31.1 started in PT1.1498738S

  .   ____          _            __ _ _
 /\\ / ___'_ __ _ _(_)_ __  __ _ \ \ \ \
( ( )\___ | '_ | '_| | '_ \/ _` | \ \ \ \
 \\/  ___)| |_)| | | | | || (_| |  ) ) ) )
  '  |____| .__|_| |_|_| |_\__, | / / / /
 =========|_|==============|___/=/_/_/_/

 :: Spring Boot ::                (v4.1.1)

2026-10-06T13:33:20.825+02:00  INFO 37172 --- [registration-backend] [           main] s.c.r.a.ConfirmationAcceptanceTest       : Starting ConfirmationAcceptanceTest using Java 21.0.11 with PID 37172 (started by tanej in C:\Users\tanej\Documents\LAB\tanej-confreg-C2\02_output\backend)
2026-10-06T13:33:20.829+02:00  INFO 37172 --- [registration-backend] [           main] s.c.r.a.ConfirmationAcceptanceTest       : No active profile set, falling back to 1 default profile: "default"
2026-10-06T13:33:23.433+02:00  INFO 37172 --- [registration-backend] [           main] .s.d.r.c.RepositoryConfigurationDelegate : Bootstrapping Spring Data JPA repositories in DEFAULT mode.
2026-10-06T13:33:23.543+02:00  INFO 37172 --- [registration-backend] [           main] .s.d.r.c.RepositoryConfigurationDelegate : Finished Spring Data repository scanning in 71 ms. Found 0 JPA repository interfaces.
2026-10-06T13:33:25.867+02:00  INFO 37172 --- [registration-backend] [           main] o.s.boot.tomcat.TomcatWebServer          : Tomcat initialized with port 0 (http)
2026-10-06T13:33:25.942+02:00  INFO 37172 --- [registration-backend] [           main] o.apache.catalina.core.StandardService   : Starting service [Tomcat]
2026-10-06T13:33:25.943+02:00  INFO 37172 --- [registration-backend] [           main] o.apache.catalina.core.StandardEngine    : Starting Servlet engine: [Apache Tomcat/11.0.26]
2026-10-06T13:33:26.211+02:00  INFO 37172 --- [registration-backend] [           main] b.w.c.s.WebApplicationContextInitializer : Root WebApplicationContext: initialization completed in 5302 ms
2026-10-06T13:33:27.611+02:00  INFO 37172 --- [registration-backend] [           main] com.zaxxer.hikari.HikariDataSource       : HikariPool-1 - Starting...
2026-10-06T13:33:28.284+02:00  INFO 37172 --- [registration-backend] [           main] com.zaxxer.hikari.pool.HikariPool        : HikariPool-1 - Added connection org.postgresql.jdbc.PgConnection@610480b5
2026-10-06T13:33:28.289+02:00  INFO 37172 --- [registration-backend] [           main] com.zaxxer.hikari.HikariDataSource       : HikariPool-1 - Start completed.
2026-10-06T13:33:28.394+02:00  INFO 37172 --- [registration-backend] [           main] org.flywaydb.core.FlywayExecutor         : Database: jdbc:postgresql://localhost:50769/test?loggerLevel=OFF (PostgreSQL 16.15)
2026-10-06T13:33:28.631+02:00  INFO 37172 --- [registration-backend] [           main] o.f.c.i.s.JdbcTableSchemaHistory         : Schema history table "public"."flyway_schema_history" does not exist yet
2026-10-06T13:33:28.641+02:00  INFO 37172 --- [registration-backend] [           main] o.f.core.internal.command.DbValidate     : Successfully validated 0 migrations (execution time 00:00.086s)
2026-10-06T13:33:28.642+02:00  WARN 37172 --- [registration-backend] [           main] o.f.core.internal.command.DbValidate     : No migrations found. Are your locations set up correctly?
2026-10-06T13:33:28.704+02:00  INFO 37172 --- [registration-backend] [           main] o.f.c.i.s.JdbcTableSchemaHistory         : Creating Schema History table "public"."flyway_schema_history" ...
2026-10-06T13:33:28.883+02:00  INFO 37172 --- [registration-backend] [           main] o.f.core.internal.command.DbMigrate      : Current version of schema "public": << Empty Schema >>
2026-10-06T13:33:28.905+02:00  INFO 37172 --- [registration-backend] [           main] o.f.core.internal.command.DbMigrate      : Schema "public" is up to date. No migration necessary.
2026-10-06T13:33:29.307+02:00  INFO 37172 --- [registration-backend] [           main] org.hibernate.orm.jpa                    : HHH008540: Processing PersistenceUnitInfo [name: default]
2026-10-06T13:33:29.599+02:00  INFO 37172 --- [registration-backend] [           main] org.hibernate.orm.core                   : HHH000001: Hibernate ORM core version 7.4.5.Final
2026-10-06T13:33:31.467+02:00  INFO 37172 --- [registration-backend] [           main] o.s.o.j.p.SpringPersistenceUnitInfo      : No LoadTimeWeaver setup: ignoring JPA class transformer
2026-10-06T13:33:31.867+02:00  INFO 37172 --- [registration-backend] [           main] org.hibernate.orm.connections.pooling    : HHH10001005: Database info:
	Database JDBC URL [jdbc:postgresql://localhost:50769/test?loggerLevel=OFF]
	Database driver: PostgreSQL JDBC Driver
	Database dialect: PostgreSQLDialect
	Database version: 16.15
	Default catalog/schema: test/public
	Autocommit mode: undefined/unknown
	Isolation level: READ_COMMITTED [default READ_COMMITTED]
	JDBC fetch size: none
	Pool: DataSourceConnectionProvider
	Minimum pool size: undefined/unknown
	Maximum pool size: undefined/unknown
2026-10-06T13:33:33.591+02:00  INFO 37172 --- [registration-backend] [           main] org.hibernate.orm.core                   : HHH000489: No JTA platform available (set 'hibernate.transaction.jta.platform' to enable JTA platform integration)
2026-10-06T13:33:33.766+02:00  INFO 37172 --- [registration-backend] [           main] j.LocalContainerEntityManagerFactoryBean : Initialized JPA EntityManagerFactory for persistence unit 'default'
2026-10-06T13:33:35.575+02:00  WARN 37172 --- [registration-backend] [           main] .s.a.UserDetailsServiceAutoConfiguration : 

Using generated security password: 0c7d9ba0-49d6-4a2c-9697-aee947ff0c66

This generated password is for development use only. Your security configuration must be updated before running your application in production.

2026-10-06T13:33:35.656+02:00  INFO 37172 --- [registration-backend] [           main] r$InitializeUserDetailsManagerConfigurer : Global AuthenticationManager configured with UserDetailsService bean with name inMemoryUserDetailsManager
2026-10-06T13:33:36.316+02:00  INFO 37172 --- [registration-backend] [           main] o.s.b.a.e.web.EndpointLinksResolver      : Exposing 1 endpoint beneath base path '/actuator'
2026-10-06T13:33:36.761+02:00  INFO 37172 --- [registration-backend] [           main] o.s.boot.tomcat.TomcatWebServer          : Tomcat started on port 50785 (http) with context path '/'
2026-10-06T13:33:36.781+02:00  INFO 37172 --- [registration-backend] [           main] s.c.r.a.ConfirmationAcceptanceTest       : Started ConfirmationAcceptanceTest in 17.13 seconds (process running for 59.437)
Mockito is currently self-attaching to enable the inline-mock-maker. This will no longer work in future releases of the JDK. Please add Mockito as an agent to your build as described in Mockito's documentation: https://javadoc.io/doc/org.mockito/mockito-core/latest/org.mockito/org/mockito/Mockito.html#0.3
WARNING: A Java agent has been loaded dynamically (C:\Users\tanej\.m2\repository\net\bytebuddy\byte-buddy-agent\1.18.11\byte-buddy-agent-1.18.11.jar)
WARNING: If a serviceability tool is in use, please run with -XX:+EnableDynamicAgentLoading to hide this warning
WARNING: If a serviceability tool is not in use, please run with -Djdk.instrument.traceUsage for more information
WARNING: Dynamic loading of agents will be disallowed by default in a future release
Java HotSpot(TM) 64-Bit Server VM warning: Sharing is only supported for boot loader classes because bootstrap classpath has been appended
[ERROR] Tests run: 3, Failures: 3, Errors: 0, Skipped: 0, Time elapsed: 57.67 s <<< FAILURE! -- in si.confreg.registration.acceptance.ConfirmationAcceptanceTest
[ERROR] si.confreg.registration.acceptance.ConfirmationAcceptanceTest.ac_001_04_storedRegistrationAnswers201WithRegistrationNumber -- Time elapsed: 1.645 s <<< FAILURE!
java.lang.AssertionError: 
[configuration property app.early-bird-deadline provided by the application] 
Expecting not blank but was: null
	at si.confreg.registration.acceptance.AcceptanceTestBase.config(AcceptanceTestBase.java:99)
	at si.confreg.registration.acceptance.AcceptanceTestBase.earlyBirdDeadline(AcceptanceTestBase.java:108)
	at si.confreg.registration.acceptance.AcceptanceTestBase.earlyInstant(AcceptanceTestBase.java:154)
	at si.confreg.registration.acceptance.ConfirmationAcceptanceTest.ac_001_04_storedRegistrationAnswers201WithRegistrationNumber(ConfirmationAcceptanceTest.java:15)

[ERROR] si.confreg.registration.acceptance.ConfirmationAcceptanceTest.ac_001_04_eachOfTwoRegistrationsGetsItsOwnSingleConfirmation -- Time elapsed: 0.014 s <<< FAILURE!
java.lang.AssertionError: 
[configuration property app.early-bird-deadline provided by the application] 
Expecting not blank but was: null
	at si.confreg.registration.acceptance.AcceptanceTestBase.config(AcceptanceTestBase.java:99)
	at si.confreg.registration.acceptance.AcceptanceTestBase.earlyBirdDeadline(AcceptanceTestBase.java:108)
	at si.confreg.registration.acceptance.AcceptanceTestBase.earlyInstant(AcceptanceTestBase.java:154)
	at si.confreg.registration.acceptance.ConfirmationAcceptanceTest.ac_001_04_eachOfTwoRegistrationsGetsItsOwnSingleConfirmation(ConfirmationAcceptanceTest.java:46)

[ERROR] si.confreg.registration.acceptance.ConfirmationAcceptanceTest.ac_001_04_exactlyOneConfirmationMailStatesNumberAndFees -- Time elapsed: 0.012 s <<< FAILURE!
java.lang.AssertionError: 
[configuration property app.early-bird-deadline provided by the application] 
Expecting not blank but was: null
	at si.confreg.registration.acceptance.AcceptanceTestBase.config(AcceptanceTestBase.java:99)
	at si.confreg.registration.acceptance.AcceptanceTestBase.earlyBirdDeadline(AcceptanceTestBase.java:108)
	at si.confreg.registration.acceptance.AcceptanceTestBase.regularInstant(AcceptanceTestBase.java:158)
	at si.confreg.registration.acceptance.ConfirmationAcceptanceTest.ac_001_04_exactlyOneConfirmationMailStatesNumberAndFees(ConfirmationAcceptanceTest.java:26)

[INFO] Running si.confreg.registration.acceptance.FeeAcceptanceTest
2026-10-06T13:33:38.744+02:00  INFO 37172 --- [registration-backend] [           main] t.c.s.AnnotationConfigContextLoaderUtils : Could not detect default configuration classes for test class [si.confreg.registration.acceptance.FeeAcceptanceTest]: FeeAcceptanceTest does not declare any static, non-private, non-final, nested classes annotated with @Configuration.
2026-10-06T13:33:38.754+02:00  INFO 37172 --- [registration-backend] [           main] .b.t.c.SpringBootTestContextBootstrapper : Found @SpringBootConfiguration si.confreg.registration.RegistrationApplication for test class si.confreg.registration.acceptance.FeeAcceptanceTest
2026-10-06T13:33:38.757+02:00  INFO 37172 --- [registration-backend] [           main] t.c.s.AnnotationConfigContextLoaderUtils : Could not detect default configuration classes for test class [si.confreg.registration.acceptance.FeeAcceptanceTest]: FeeAcceptanceTest does not declare any static, non-private, non-final, nested classes annotated with @Configuration.
2026-10-06T13:33:38.758+02:00  INFO 37172 --- [registration-backend] [           main] t.c.s.AnnotationConfigContextLoaderUtils : Could not detect default configuration classes for test class [si.confreg.registration.acceptance.AcceptanceTestBase]: AcceptanceTestBase does not declare any static, non-private, non-final, nested classes annotated with @Configuration.
2026-10-06T13:33:38.760+02:00  INFO 37172 --- [registration-backend] [           main] .b.t.c.SpringBootTestContextBootstrapper : Found @SpringBootConfiguration si.confreg.registration.RegistrationApplication for test class si.confreg.registration.acceptance.FeeAcceptanceTest
[ERROR] Tests run: 7, Failures: 7, Errors: 0, Skipped: 0, Time elapsed: 0.145 s <<< FAILURE! -- in si.confreg.registration.acceptance.FeeAcceptanceTest
[ERROR] si.confreg.registration.acceptance.FeeAcceptanceTest.ac_001_03_lastSecondOfDeadlineDayInConferenceTimeZoneIsEarlyBird -- Time elapsed: 0.014 s <<< FAILURE!
java.lang.AssertionError: 
[configuration property app.early-bird-deadline provided by the application] 
Expecting not blank but was: null
	at si.confreg.registration.acceptance.AcceptanceTestBase.config(AcceptanceTestBase.java:99)
	at si.confreg.registration.acceptance.AcceptanceTestBase.earlyBirdDeadline(AcceptanceTestBase.java:108)
	at si.confreg.registration.acceptance.AcceptanceTestBase.firstRegularInstant(AcceptanceTestBase.java:150)
	at si.confreg.registration.acceptance.FeeAcceptanceTest.ac_001_03_lastSecondOfDeadlineDayInConferenceTimeZoneIsEarlyBird(FeeAcceptanceTest.java:38)

[ERROR] si.confreg.registration.acceptance.FeeAcceptanceTest.ac_001_02_submissionAfterDeadlineIsStoredWithRegularFee -- Time elapsed: 0.012 s <<< FAILURE!
java.lang.AssertionError: 
[configuration property app.early-bird-deadline provided by the application] 
Expecting not blank but was: null
	at si.confreg.registration.acceptance.AcceptanceTestBase.config(AcceptanceTestBase.java:99)
	at si.confreg.registration.acceptance.AcceptanceTestBase.earlyBirdDeadline(AcceptanceTestBase.java:108)
	at si.confreg.registration.acceptance.AcceptanceTestBase.regularInstant(AcceptanceTestBase.java:158)
	at si.confreg.registration.acceptance.FeeAcceptanceTest.ac_001_02_submissionAfterDeadlineIsStoredWithRegularFee(FeeAcceptanceTest.java:32)

[ERROR] si.confreg.registration.acceptance.FeeAcceptanceTest.ac_001_06_companyFromOtherEuMemberStatePaysSlovenianVatEarlyBird -- Time elapsed: 0.012 s <<< FAILURE!
java.lang.AssertionError: 
[configuration property app.early-bird-deadline provided by the application] 
Expecting not blank but was: null
	at si.confreg.registration.acceptance.AcceptanceTestBase.config(AcceptanceTestBase.java:99)
	at si.confreg.registration.acceptance.AcceptanceTestBase.earlyBirdDeadline(AcceptanceTestBase.java:108)
	at si.confreg.registration.acceptance.AcceptanceTestBase.earlyInstant(AcceptanceTestBase.java:154)
	at si.confreg.registration.acceptance.FeeAcceptanceTest.ac_001_06_companyFromOtherEuMemberStatePaysSlovenianVatEarlyBird(FeeAcceptanceTest.java:51)

[ERROR] si.confreg.registration.acceptance.FeeAcceptanceTest.ac_001_01_submissionOnOrBeforeDeadlineIsStoredWithEarlyBirdFee -- Time elapsed: 0.011 s <<< FAILURE!
java.lang.AssertionError: 
[configuration property app.early-bird-deadline provided by the application] 
Expecting not blank but was: null
	at si.confreg.registration.acceptance.AcceptanceTestBase.config(AcceptanceTestBase.java:99)
	at si.confreg.registration.acceptance.AcceptanceTestBase.earlyBirdDeadline(AcceptanceTestBase.java:108)
	at si.confreg.registration.acceptance.AcceptanceTestBase.earlyInstant(AcceptanceTestBase.java:154)
	at si.confreg.registration.acceptance.FeeAcceptanceTest.ac_001_01_submissionOnOrBeforeDeadlineIsStoredWithEarlyBirdFee(FeeAcceptanceTest.java:20)

[ERROR] si.confreg.registration.acceptance.FeeAcceptanceTest.ac_001_01_submissionOnDeadlineDayIsStoredWithEarlyBirdFee -- Time elapsed: 0.012 s <<< FAILURE!
java.lang.AssertionError: 
[configuration property app.early-bird-deadline provided by the application] 
Expecting not blank but was: null
	at si.confreg.registration.acceptance.AcceptanceTestBase.config(AcceptanceTestBase.java:99)
	at si.confreg.registration.acceptance.AcceptanceTestBase.earlyBirdDeadline(AcceptanceTestBase.java:108)
	at si.confreg.registration.acceptance.FeeAcceptanceTest.ac_001_01_submissionOnDeadlineDayIsStoredWithEarlyBirdFee(FeeAcceptanceTest.java:26)

[ERROR] si.confreg.registration.acceptance.FeeAcceptanceTest.ac_001_06_companyFromOtherEuMemberStatePaysSlovenianVatRegular -- Time elapsed: 0.012 s <<< FAILURE!
java.lang.AssertionError: 
[configuration property app.early-bird-deadline provided by the application] 
Expecting not blank but was: null
	at si.confreg.registration.acceptance.AcceptanceTestBase.config(AcceptanceTestBase.java:99)
	at si.confreg.registration.acceptance.AcceptanceTestBase.earlyBirdDeadline(AcceptanceTestBase.java:108)
	at si.confreg.registration.acceptance.AcceptanceTestBase.regularInstant(AcceptanceTestBase.java:158)
	at si.confreg.registration.acceptance.FeeAcceptanceTest.ac_001_06_companyFromOtherEuMemberStatePaysSlovenianVatRegular(FeeAcceptanceTest.java:57)

[ERROR] si.confreg.registration.acceptance.FeeAcceptanceTest.ac_001_03_firstSecondAfterDeadlineDayInConferenceTimeZoneIsRegular -- Time elapsed: 0.013 s <<< FAILURE!
java.lang.AssertionError: 
[configuration property app.early-bird-deadline provided by the application] 
Expecting not blank but was: null
	at si.confreg.registration.acceptance.AcceptanceTestBase.config(AcceptanceTestBase.java:99)
	at si.confreg.registration.acceptance.AcceptanceTestBase.earlyBirdDeadline(AcceptanceTestBase.java:108)
	at si.confreg.registration.acceptance.AcceptanceTestBase.firstRegularInstant(AcceptanceTestBase.java:150)
	at si.confreg.registration.acceptance.FeeAcceptanceTest.ac_001_03_firstSecondAfterDeadlineDayInConferenceTimeZoneIsRegular(FeeAcceptanceTest.java:45)

[INFO] Running si.confreg.registration.acceptance.OrganizerAccessAcceptanceTest
2026-10-06T13:33:38.889+02:00  INFO 37172 --- [registration-backend] [           main] t.c.s.AnnotationConfigContextLoaderUtils : Could not detect default configuration classes for test class [si.confreg.registration.acceptance.OrganizerAccessAcceptanceTest]: OrganizerAccessAcceptanceTest does not declare any static, non-private, non-final, nested classes annotated with @Configuration.
2026-10-06T13:33:38.894+02:00  INFO 37172 --- [registration-backend] [           main] .b.t.c.SpringBootTestContextBootstrapper : Found @SpringBootConfiguration si.confreg.registration.RegistrationApplication for test class si.confreg.registration.acceptance.OrganizerAccessAcceptanceTest
2026-10-06T13:33:38.894+02:00  INFO 37172 --- [registration-backend] [           main] t.c.s.AnnotationConfigContextLoaderUtils : Could not detect default configuration classes for test class [si.confreg.registration.acceptance.OrganizerAccessAcceptanceTest]: OrganizerAccessAcceptanceTest does not declare any static, non-private, non-final, nested classes annotated with @Configuration.
2026-10-06T13:33:38.894+02:00  INFO 37172 --- [registration-backend] [           main] t.c.s.AnnotationConfigContextLoaderUtils : Could not detect default configuration classes for test class [si.confreg.registration.acceptance.AcceptanceTestBase]: AcceptanceTestBase does not declare any static, non-private, non-final, nested classes annotated with @Configuration.
2026-10-06T13:33:38.901+02:00  INFO 37172 --- [registration-backend] [           main] .b.t.c.SpringBootTestContextBootstrapper : Found @SpringBootConfiguration si.confreg.registration.RegistrationApplication for test class si.confreg.registration.acceptance.OrganizerAccessAcceptanceTest
[ERROR] Tests run: 5, Failures: 5, Errors: 0, Skipped: 0, Time elapsed: 0.086 s <<< FAILURE! -- in si.confreg.registration.acceptance.OrganizerAccessAcceptanceTest
[ERROR] si.confreg.registration.acceptance.OrganizerAccessAcceptanceTest.ac_001_11_readingWithoutCredentialsIsRejectedWithoutData -- Time elapsed: 0.015 s <<< FAILURE!
java.lang.AssertionError: 
[configuration property app.early-bird-deadline provided by the application] 
Expecting not blank but was: null
	at si.confreg.registration.acceptance.AcceptanceTestBase.config(AcceptanceTestBase.java:99)
	at si.confreg.registration.acceptance.AcceptanceTestBase.earlyBirdDeadline(AcceptanceTestBase.java:108)
	at si.confreg.registration.acceptance.AcceptanceTestBase.earlyInstant(AcceptanceTestBase.java:154)
	at si.confreg.registration.acceptance.OrganizerAccessAcceptanceTest.ac_001_11_readingWithoutCredentialsIsRejectedWithoutData(OrganizerAccessAcceptanceTest.java:44)

[ERROR] si.confreg.registration.acceptance.OrganizerAccessAcceptanceTest.ac_001_11_readingWithWrongPasswordIsRejectedWithoutData -- Time elapsed: 0.009 s <<< FAILURE!
java.lang.AssertionError: 
[configuration property app.early-bird-deadline provided by the application] 
Expecting not blank but was: null
	at si.confreg.registration.acceptance.AcceptanceTestBase.config(AcceptanceTestBase.java:99)
	at si.confreg.registration.acceptance.AcceptanceTestBase.earlyBirdDeadline(AcceptanceTestBase.java:108)
	at si.confreg.registration.acceptance.AcceptanceTestBase.earlyInstant(AcceptanceTestBase.java:154)
	at si.confreg.registration.acceptance.OrganizerAccessAcceptanceTest.ac_001_11_readingWithWrongPasswordIsRejectedWithoutData(OrganizerAccessAcceptanceTest.java:56)

[ERROR] si.confreg.registration.acceptance.OrganizerAccessAcceptanceTest.ac_001_11_readingWithWrongUsernameIsRejectedWithoutData -- Time elapsed: 0.012 s <<< FAILURE!
java.lang.AssertionError: 
[configuration property app.early-bird-deadline provided by the application] 
Expecting not blank but was: null
	at si.confreg.registration.acceptance.AcceptanceTestBase.config(AcceptanceTestBase.java:99)
	at si.confreg.registration.acceptance.AcceptanceTestBase.earlyBirdDeadline(AcceptanceTestBase.java:108)
	at si.confreg.registration.acceptance.AcceptanceTestBase.earlyInstant(AcceptanceTestBase.java:154)
	at si.confreg.registration.acceptance.OrganizerAccessAcceptanceTest.ac_001_11_readingWithWrongUsernameIsRejectedWithoutData(OrganizerAccessAcceptanceTest.java:71)

[ERROR] si.confreg.registration.acceptance.OrganizerAccessAcceptanceTest.ac_001_10_organizerReadsEveryFieldOfStoredRegistration -- Time elapsed: 0.006 s <<< FAILURE!
java.lang.AssertionError: 
[configuration property app.workshops provided by the application] 
Expecting not blank but was: null
	at si.confreg.registration.acceptance.AcceptanceTestBase.config(AcceptanceTestBase.java:99)
	at si.confreg.registration.acceptance.AcceptanceTestBase.workshops(AcceptanceTestBase.java:126)
	at si.confreg.registration.acceptance.OrganizerAccessAcceptanceTest.ac_001_10_organizerReadsEveryFieldOfStoredRegistration(OrganizerAccessAcceptanceTest.java:18)

[ERROR] si.confreg.registration.acceptance.OrganizerAccessAcceptanceTest.ac_001_12_unknownRegistrationNumberAnswers404WithoutData -- Time elapsed: 0.010 s <<< FAILURE!
java.lang.AssertionError: 
[configuration property app.early-bird-deadline provided by the application] 
Expecting not blank but was: null
	at si.confreg.registration.acceptance.AcceptanceTestBase.config(AcceptanceTestBase.java:99)
	at si.confreg.registration.acceptance.AcceptanceTestBase.earlyBirdDeadline(AcceptanceTestBase.java:108)
	at si.confreg.registration.acceptance.AcceptanceTestBase.earlyInstant(AcceptanceTestBase.java:154)
	at si.confreg.registration.acceptance.OrganizerAccessAcceptanceTest.ac_001_12_unknownRegistrationNumberAnswers404WithoutData(OrganizerAccessAcceptanceTest.java:83)

[INFO] Running si.confreg.registration.acceptance.PayerDataAcceptanceTest
2026-10-06T13:33:38.982+02:00  INFO 37172 --- [registration-backend] [           main] t.c.s.AnnotationConfigContextLoaderUtils : Could not detect default configuration classes for test class [si.confreg.registration.acceptance.PayerDataAcceptanceTest]: PayerDataAcceptanceTest does not declare any static, non-private, non-final, nested classes annotated with @Configuration.
2026-10-06T13:33:38.985+02:00  INFO 37172 --- [registration-backend] [           main] .b.t.c.SpringBootTestContextBootstrapper : Found @SpringBootConfiguration si.confreg.registration.RegistrationApplication for test class si.confreg.registration.acceptance.PayerDataAcceptanceTest
2026-10-06T13:33:38.990+02:00  INFO 37172 --- [registration-backend] [           main] t.c.s.AnnotationConfigContextLoaderUtils : Could not detect default configuration classes for test class [si.confreg.registration.acceptance.PayerDataAcceptanceTest]: PayerDataAcceptanceTest does not declare any static, non-private, non-final, nested classes annotated with @Configuration.
2026-10-06T13:33:38.990+02:00  INFO 37172 --- [registration-backend] [           main] t.c.s.AnnotationConfigContextLoaderUtils : Could not detect default configuration classes for test class [si.confreg.registration.acceptance.AcceptanceTestBase]: AcceptanceTestBase does not declare any static, non-private, non-final, nested classes annotated with @Configuration.
2026-10-06T13:33:38.993+02:00  INFO 37172 --- [registration-backend] [           main] .b.t.c.SpringBootTestContextBootstrapper : Found @SpringBootConfiguration si.confreg.registration.RegistrationApplication for test class si.confreg.registration.acceptance.PayerDataAcceptanceTest
[ERROR] Tests run: 3, Failures: 3, Errors: 0, Skipped: 0, Time elapsed: 0.056 s <<< FAILURE! -- in si.confreg.registration.acceptance.PayerDataAcceptanceTest
[ERROR] si.confreg.registration.acceptance.PayerDataAcceptanceTest.ac_001_05_privatePayerIsStoredWithoutCompanyData -- Time elapsed: 0.008 s <<< FAILURE!
java.lang.AssertionError: 
[configuration property app.early-bird-deadline provided by the application] 
Expecting not blank but was: null
	at si.confreg.registration.acceptance.AcceptanceTestBase.config(AcceptanceTestBase.java:99)
	at si.confreg.registration.acceptance.AcceptanceTestBase.earlyBirdDeadline(AcceptanceTestBase.java:108)
	at si.confreg.registration.acceptance.AcceptanceTestBase.earlyInstant(AcceptanceTestBase.java:154)
	at si.confreg.registration.acceptance.PayerDataAcceptanceTest.ac_001_05_privatePayerIsStoredWithoutCompanyData(PayerDataAcceptanceTest.java:25)

[ERROR] si.confreg.registration.acceptance.PayerDataAcceptanceTest.ac_001_05_noInvoiceAndNoPaymentRequestIsCreated -- Time elapsed: 0.008 s <<< FAILURE!
java.lang.AssertionError: 
[configuration property app.early-bird-deadline provided by the application] 
Expecting not blank but was: null
	at si.confreg.registration.acceptance.AcceptanceTestBase.config(AcceptanceTestBase.java:99)
	at si.confreg.registration.acceptance.AcceptanceTestBase.earlyBirdDeadline(AcceptanceTestBase.java:108)
	at si.confreg.registration.acceptance.AcceptanceTestBase.earlyInstant(AcceptanceTestBase.java:154)
	at si.confreg.registration.acceptance.PayerDataAcceptanceTest.ac_001_05_noInvoiceAndNoPaymentRequestIsCreated(PayerDataAcceptanceTest.java:38)

[ERROR] si.confreg.registration.acceptance.PayerDataAcceptanceTest.ac_001_05_companyPayerDataIsStoredWithRegistration -- Time elapsed: 0.012 s <<< FAILURE!
java.lang.AssertionError: 
[configuration property app.early-bird-deadline provided by the application] 
Expecting not blank but was: null
	at si.confreg.registration.acceptance.AcceptanceTestBase.config(AcceptanceTestBase.java:99)
	at si.confreg.registration.acceptance.AcceptanceTestBase.earlyBirdDeadline(AcceptanceTestBase.java:108)
	at si.confreg.registration.acceptance.AcceptanceTestBase.earlyInstant(AcceptanceTestBase.java:154)
	at si.confreg.registration.acceptance.PayerDataAcceptanceTest.ac_001_05_companyPayerDataIsStoredWithRegistration(PayerDataAcceptanceTest.java:14)

[INFO] Running si.confreg.registration.acceptance.RateLimitAcceptanceTest
2026-10-06T13:33:39.043+02:00  INFO 37172 --- [registration-backend] [           main] t.c.s.AnnotationConfigContextLoaderUtils : Could not detect default configuration classes for test class [si.confreg.registration.acceptance.RateLimitAcceptanceTest]: RateLimitAcceptanceTest does not declare any static, non-private, non-final, nested classes annotated with @Configuration.
2026-10-06T13:33:39.045+02:00  INFO 37172 --- [registration-backend] [           main] .b.t.c.SpringBootTestContextBootstrapper : Found @SpringBootConfiguration si.confreg.registration.RegistrationApplication for test class si.confreg.registration.acceptance.RateLimitAcceptanceTest
2026-10-06T13:33:39.048+02:00  INFO 37172 --- [registration-backend] [           main] t.c.s.AnnotationConfigContextLoaderUtils : Could not detect default configuration classes for test class [si.confreg.registration.acceptance.RateLimitAcceptanceTest]: RateLimitAcceptanceTest does not declare any static, non-private, non-final, nested classes annotated with @Configuration.
2026-10-06T13:33:39.048+02:00  INFO 37172 --- [registration-backend] [           main] t.c.s.AnnotationConfigContextLoaderUtils : Could not detect default configuration classes for test class [si.confreg.registration.acceptance.AcceptanceTestBase]: AcceptanceTestBase does not declare any static, non-private, non-final, nested classes annotated with @Configuration.
2026-10-06T13:33:39.052+02:00  INFO 37172 --- [registration-backend] [           main] .b.t.c.SpringBootTestContextBootstrapper : Found @SpringBootConfiguration si.confreg.registration.RegistrationApplication for test class si.confreg.registration.acceptance.RateLimitAcceptanceTest

  .   ____          _            __ _ _
 /\\ / ___'_ __ _ _(_)_ __  __ _ \ \ \ \
( ( )\___ | '_ | '_| | '_ \/ _` | \ \ \ \
 \\/  ___)| |_)| | | | | || (_| |  ) ) ) )
  '  |____| .__|_| |_|_| |_\__, | / / / /
 =========|_|==============|___/=/_/_/_/

 :: Spring Boot ::                (v4.1.1)

2026-10-06T13:33:39.123+02:00  INFO 37172 --- [registration-backend] [           main] s.c.r.a.RateLimitAcceptanceTest          : Starting RateLimitAcceptanceTest using Java 21.0.11 with PID 37172 (started by tanej in C:\Users\tanej\Documents\LAB\tanej-confreg-C2\02_output\backend)
2026-10-06T13:33:39.123+02:00  INFO 37172 --- [registration-backend] [           main] s.c.r.a.RateLimitAcceptanceTest          : No active profile set, falling back to 1 default profile: "default"
2026-10-06T13:33:39.645+02:00  INFO 37172 --- [registration-backend] [           main] .s.d.r.c.RepositoryConfigurationDelegate : Bootstrapping Spring Data JPA repositories in DEFAULT mode.
2026-10-06T13:33:39.656+02:00  INFO 37172 --- [registration-backend] [           main] .s.d.r.c.RepositoryConfigurationDelegate : Finished Spring Data repository scanning in 6 ms. Found 0 JPA repository interfaces.
2026-10-06T13:33:39.937+02:00  INFO 37172 --- [registration-backend] [           main] o.s.boot.tomcat.TomcatWebServer          : Tomcat initialized with port 0 (http)
2026-10-06T13:33:39.940+02:00  INFO 37172 --- [registration-backend] [           main] o.apache.catalina.core.StandardService   : Starting service [Tomcat]
2026-10-06T13:33:39.941+02:00  INFO 37172 --- [registration-backend] [           main] o.apache.catalina.core.StandardEngine    : Starting Servlet engine: [Apache Tomcat/11.0.26]
2026-10-06T13:33:40.044+02:00  INFO 37172 --- [registration-backend] [           main] b.w.c.s.WebApplicationContextInitializer : Root WebApplicationContext: initialization completed in 909 ms
2026-10-06T13:33:40.246+02:00  INFO 37172 --- [registration-backend] [           main] com.zaxxer.hikari.HikariDataSource       : HikariPool-2 - Starting...
2026-10-06T13:33:40.283+02:00  INFO 37172 --- [registration-backend] [           main] com.zaxxer.hikari.pool.HikariPool        : HikariPool-2 - Added connection org.postgresql.jdbc.PgConnection@353ed7c8
2026-10-06T13:33:40.283+02:00  INFO 37172 --- [registration-backend] [           main] com.zaxxer.hikari.HikariDataSource       : HikariPool-2 - Start completed.
2026-10-06T13:33:40.288+02:00  INFO 37172 --- [registration-backend] [           main] org.flywaydb.core.FlywayExecutor         : Database: jdbc:postgresql://localhost:50769/test?loggerLevel=OFF (PostgreSQL 16.15)
2026-10-06T13:33:40.354+02:00  INFO 37172 --- [registration-backend] [           main] o.f.core.internal.command.DbValidate     : Successfully validated 0 migrations (execution time 00:00.018s)
2026-10-06T13:33:40.354+02:00  WARN 37172 --- [registration-backend] [           main] o.f.core.internal.command.DbValidate     : No migrations found. Are your locations set up correctly?
2026-10-06T13:33:40.424+02:00  INFO 37172 --- [registration-backend] [           main] o.f.core.internal.command.DbMigrate      : Current version of schema "public": << Empty Schema >>
2026-10-06T13:33:40.426+02:00  INFO 37172 --- [registration-backend] [           main] o.f.core.internal.command.DbMigrate      : Schema "public" is up to date. No migration necessary.
2026-10-06T13:33:40.477+02:00  INFO 37172 --- [registration-backend] [           main] org.hibernate.orm.jpa                    : HHH008540: Processing PersistenceUnitInfo [name: default]
2026-10-06T13:33:40.550+02:00  INFO 37172 --- [registration-backend] [           main] o.s.o.j.p.SpringPersistenceUnitInfo      : No LoadTimeWeaver setup: ignoring JPA class transformer
2026-10-06T13:33:40.574+02:00  INFO 37172 --- [registration-backend] [           main] org.hibernate.orm.connections.pooling    : HHH10001005: Database info:
	Database JDBC URL [jdbc:postgresql://localhost:50769/test?loggerLevel=OFF]
	Database driver: PostgreSQL JDBC Driver
	Database dialect: PostgreSQLDialect
	Database version: 16.15
	Default catalog/schema: test/public
	Autocommit mode: undefined/unknown
	Isolation level: READ_COMMITTED [default READ_COMMITTED]
	JDBC fetch size: none
	Pool: DataSourceConnectionProvider
	Minimum pool size: undefined/unknown
	Maximum pool size: undefined/unknown
2026-10-06T13:33:40.635+02:00  INFO 37172 --- [registration-backend] [           main] org.hibernate.orm.core                   : HHH000489: No JTA platform available (set 'hibernate.transaction.jta.platform' to enable JTA platform integration)
2026-10-06T13:33:40.693+02:00  INFO 37172 --- [registration-backend] [           main] j.LocalContainerEntityManagerFactoryBean : Initialized JPA EntityManagerFactory for persistence unit 'default'
2026-10-06T13:33:41.041+02:00  WARN 37172 --- [registration-backend] [           main] .s.a.UserDetailsServiceAutoConfiguration : 

Using generated security password: 766152d9-0527-4a2f-b4d2-be16afaecb7b

This generated password is for development use only. Your security configuration must be updated before running your application in production.

2026-10-06T13:33:41.057+02:00  INFO 37172 --- [registration-backend] [           main] r$InitializeUserDetailsManagerConfigurer : Global AuthenticationManager configured with UserDetailsService bean with name inMemoryUserDetailsManager
2026-10-06T13:33:41.121+02:00  INFO 37172 --- [registration-backend] [           main] o.s.b.a.e.web.EndpointLinksResolver      : Exposing 1 endpoint beneath base path '/actuator'
2026-10-06T13:33:41.187+02:00  INFO 37172 --- [registration-backend] [           main] o.s.boot.tomcat.TomcatWebServer          : Tomcat started on port 50796 (http) with context path '/'
2026-10-06T13:33:41.193+02:00  INFO 37172 --- [registration-backend] [           main] s.c.r.a.RateLimitAcceptanceTest          : Started RateLimitAcceptanceTest in 2.126 seconds (process running for 63.847)
[ERROR] Tests run: 1, Failures: 1, Errors: 0, Skipped: 0, Time elapsed: 2.170 s <<< FAILURE! -- in si.confreg.registration.acceptance.RateLimitAcceptanceTest
[ERROR] si.confreg.registration.acceptance.RateLimitAcceptanceTest.ac_001_13_requestOverTheHourlyLimitIsRejectedNothingStoredNoMail -- Time elapsed: 0.012 s <<< FAILURE!
java.lang.AssertionError: 
[configuration property app.early-bird-deadline provided by the application] 
Expecting not blank but was: null
	at si.confreg.registration.acceptance.AcceptanceTestBase.config(AcceptanceTestBase.java:99)
	at si.confreg.registration.acceptance.AcceptanceTestBase.earlyBirdDeadline(AcceptanceTestBase.java:108)
	at si.confreg.registration.acceptance.AcceptanceTestBase.earlyInstant(AcceptanceTestBase.java:154)
	at si.confreg.registration.acceptance.RateLimitAcceptanceTest.ac_001_13_requestOverTheHourlyLimitIsRejectedNothingStoredNoMail(RateLimitAcceptanceTest.java:19)

[INFO] Running si.confreg.registration.acceptance.RepeatedRegistrationAcceptanceTest
2026-10-06T13:33:41.217+02:00  INFO 37172 --- [registration-backend] [           main] t.c.s.AnnotationConfigContextLoaderUtils : Could not detect default configuration classes for test class [si.confreg.registration.acceptance.RepeatedRegistrationAcceptanceTest]: RepeatedRegistrationAcceptanceTest does not declare any static, non-private, non-final, nested classes annotated with @Configuration.
2026-10-06T13:33:41.221+02:00  INFO 37172 --- [registration-backend] [           main] .b.t.c.SpringBootTestContextBootstrapper : Found @SpringBootConfiguration si.confreg.registration.RegistrationApplication for test class si.confreg.registration.acceptance.RepeatedRegistrationAcceptanceTest
2026-10-06T13:33:41.223+02:00  INFO 37172 --- [registration-backend] [           main] t.c.s.AnnotationConfigContextLoaderUtils : Could not detect default configuration classes for test class [si.confreg.registration.acceptance.RepeatedRegistrationAcceptanceTest]: RepeatedRegistrationAcceptanceTest does not declare any static, non-private, non-final, nested classes annotated with @Configuration.
2026-10-06T13:33:41.224+02:00  INFO 37172 --- [registration-backend] [           main] t.c.s.AnnotationConfigContextLoaderUtils : Could not detect default configuration classes for test class [si.confreg.registration.acceptance.AcceptanceTestBase]: AcceptanceTestBase does not declare any static, non-private, non-final, nested classes annotated with @Configuration.
2026-10-06T13:33:41.226+02:00  INFO 37172 --- [registration-backend] [           main] .b.t.c.SpringBootTestContextBootstrapper : Found @SpringBootConfiguration si.confreg.registration.RegistrationApplication for test class si.confreg.registration.acceptance.RepeatedRegistrationAcceptanceTest
[ERROR] Tests run: 2, Failures: 2, Errors: 0, Skipped: 0, Time elapsed: 0.042 s <<< FAILURE! -- in si.confreg.registration.acceptance.RepeatedRegistrationAcceptanceTest
[ERROR] si.confreg.registration.acceptance.RepeatedRegistrationAcceptanceTest.ac_001_09_eachRepeatedRegistrationGetsItsOwnConfirmation -- Time elapsed: 0.008 s <<< FAILURE!
java.lang.AssertionError: 
[configuration property app.early-bird-deadline provided by the application] 
Expecting not blank but was: null
	at si.confreg.registration.acceptance.AcceptanceTestBase.config(AcceptanceTestBase.java:99)
	at si.confreg.registration.acceptance.AcceptanceTestBase.earlyBirdDeadline(AcceptanceTestBase.java:108)
	at si.confreg.registration.acceptance.AcceptanceTestBase.earlyInstant(AcceptanceTestBase.java:154)
	at si.confreg.registration.acceptance.RepeatedRegistrationAcceptanceTest.ac_001_09_eachRepeatedRegistrationGetsItsOwnConfirmation(RepeatedRegistrationAcceptanceTest.java:37)

[ERROR] si.confreg.registration.acceptance.RepeatedRegistrationAcceptanceTest.ac_001_09_secondRegistrationIsStoredWithOwnNumberAndFeeFirstUnchanged -- Time elapsed: 0.007 s <<< FAILURE!
java.lang.AssertionError: 
[configuration property app.early-bird-deadline provided by the application] 
Expecting not blank but was: null
	at si.confreg.registration.acceptance.AcceptanceTestBase.config(AcceptanceTestBase.java:99)
	at si.confreg.registration.acceptance.AcceptanceTestBase.earlyBirdDeadline(AcceptanceTestBase.java:108)
	at si.confreg.registration.acceptance.AcceptanceTestBase.earlyInstant(AcceptanceTestBase.java:154)
	at si.confreg.registration.acceptance.RepeatedRegistrationAcceptanceTest.ac_001_09_secondRegistrationIsStoredWithOwnNumberAndFeeFirstUnchanged(RepeatedRegistrationAcceptanceTest.java:14)

[INFO] Running si.confreg.registration.acceptance.ValidationAcceptanceTest
2026-10-06T13:33:41.261+02:00  INFO 37172 --- [registration-backend] [           main] t.c.s.AnnotationConfigContextLoaderUtils : Could not detect default configuration classes for test class [si.confreg.registration.acceptance.ValidationAcceptanceTest]: ValidationAcceptanceTest does not declare any static, non-private, non-final, nested classes annotated with @Configuration.
2026-10-06T13:33:41.264+02:00  INFO 37172 --- [registration-backend] [           main] .b.t.c.SpringBootTestContextBootstrapper : Found @SpringBootConfiguration si.confreg.registration.RegistrationApplication for test class si.confreg.registration.acceptance.ValidationAcceptanceTest
2026-10-06T13:33:41.266+02:00  INFO 37172 --- [registration-backend] [           main] t.c.s.AnnotationConfigContextLoaderUtils : Could not detect default configuration classes for test class [si.confreg.registration.acceptance.ValidationAcceptanceTest]: ValidationAcceptanceTest does not declare any static, non-private, non-final, nested classes annotated with @Configuration.
2026-10-06T13:33:41.267+02:00  INFO 37172 --- [registration-backend] [           main] t.c.s.AnnotationConfigContextLoaderUtils : Could not detect default configuration classes for test class [si.confreg.registration.acceptance.AcceptanceTestBase]: AcceptanceTestBase does not declare any static, non-private, non-final, nested classes annotated with @Configuration.
2026-10-06T13:33:41.269+02:00  INFO 37172 --- [registration-backend] [           main] .b.t.c.SpringBootTestContextBootstrapper : Found @SpringBootConfiguration si.confreg.registration.RegistrationApplication for test class si.confreg.registration.acceptance.ValidationAcceptanceTest
[ERROR] Tests run: 13, Failures: 13, Errors: 0, Skipped: 0, Time elapsed: 0.134 s <<< FAILURE! -- in si.confreg.registration.acceptance.ValidationAcceptanceTest
[ERROR] si.confreg.registration.acceptance.ValidationAcceptanceTest.ac_001_07_companyPayerWithoutCompanyDataIsRejectedPerField -- Time elapsed: 0.008 s <<< FAILURE!
java.lang.AssertionError: 
[configuration property app.early-bird-deadline provided by the application] 
Expecting not blank but was: null
	at si.confreg.registration.acceptance.AcceptanceTestBase.config(AcceptanceTestBase.java:99)
	at si.confreg.registration.acceptance.AcceptanceTestBase.earlyBirdDeadline(AcceptanceTestBase.java:108)
	at si.confreg.registration.acceptance.AcceptanceTestBase.earlyInstant(AcceptanceTestBase.java:154)
	at si.confreg.registration.acceptance.ValidationAcceptanceTest.assertRejected(ValidationAcceptanceTest.java:16)
	at si.confreg.registration.acceptance.ValidationAcceptanceTest.ac_001_07_companyPayerWithoutCompanyDataIsRejectedPerField(ValidationAcceptanceTest.java:87)

[ERROR] si.confreg.registration.acceptance.ValidationAcceptanceTest.ac_001_07_emailWithLineBreakIsRejected -- Time elapsed: 0.007 s <<< FAILURE!
java.lang.AssertionError: 
[configuration property app.early-bird-deadline provided by the application] 
Expecting not blank but was: null
	at si.confreg.registration.acceptance.AcceptanceTestBase.config(AcceptanceTestBase.java:99)
	at si.confreg.registration.acceptance.AcceptanceTestBase.earlyBirdDeadline(AcceptanceTestBase.java:108)
	at si.confreg.registration.acceptance.AcceptanceTestBase.earlyInstant(AcceptanceTestBase.java:154)
	at si.confreg.registration.acceptance.ValidationAcceptanceTest.assertRejected(ValidationAcceptanceTest.java:16)
	at si.confreg.registration.acceptance.ValidationAcceptanceTest.ac_001_07_emailWithLineBreakIsRejected(ValidationAcceptanceTest.java:64)

[ERROR] si.confreg.registration.acceptance.ValidationAcceptanceTest.ac_001_07_missingEmailIsRejected -- Time elapsed: 0.008 s <<< FAILURE!
java.lang.AssertionError: 
[configuration property app.early-bird-deadline provided by the application] 
Expecting not blank but was: null
	at si.confreg.registration.acceptance.AcceptanceTestBase.config(AcceptanceTestBase.java:99)
	at si.confreg.registration.acceptance.AcceptanceTestBase.earlyBirdDeadline(AcceptanceTestBase.java:108)
	at si.confreg.registration.acceptance.AcceptanceTestBase.earlyInstant(AcceptanceTestBase.java:154)
	at si.confreg.registration.acceptance.ValidationAcceptanceTest.assertRejected(ValidationAcceptanceTest.java:16)
	at si.confreg.registration.acceptance.ValidationAcceptanceTest.ac_001_07_missingEmailIsRejected(ValidationAcceptanceTest.java:52)

[ERROR] si.confreg.registration.acceptance.ValidationAcceptanceTest.ac_001_07_severalInvalidFieldsGiveOneErrorEach -- Time elapsed: 0.006 s <<< FAILURE!
java.lang.AssertionError: 
[configuration property app.early-bird-deadline provided by the application] 
Expecting not blank but was: null
	at si.confreg.registration.acceptance.AcceptanceTestBase.config(AcceptanceTestBase.java:99)
	at si.confreg.registration.acceptance.AcceptanceTestBase.earlyBirdDeadline(AcceptanceTestBase.java:108)
	at si.confreg.registration.acceptance.AcceptanceTestBase.earlyInstant(AcceptanceTestBase.java:154)
	at si.confreg.registration.acceptance.ValidationAcceptanceTest.assertRejected(ValidationAcceptanceTest.java:16)
	at si.confreg.registration.acceptance.ValidationAcceptanceTest.ac_001_07_severalInvalidFieldsGiveOneErrorEach(ValidationAcceptanceTest.java:119)

[ERROR] si.confreg.registration.acceptance.ValidationAcceptanceTest.ac_001_07_missingPayerTypeIsRejected -- Time elapsed: 0.007 s <<< FAILURE!
java.lang.AssertionError: 
[configuration property app.early-bird-deadline provided by the application] 
Expecting not blank but was: null
	at si.confreg.registration.acceptance.AcceptanceTestBase.config(AcceptanceTestBase.java:99)
	at si.confreg.registration.acceptance.AcceptanceTestBase.earlyBirdDeadline(AcceptanceTestBase.java:108)
	at si.confreg.registration.acceptance.AcceptanceTestBase.earlyInstant(AcceptanceTestBase.java:154)
	at si.confreg.registration.acceptance.ValidationAcceptanceTest.assertRejected(ValidationAcceptanceTest.java:16)
	at si.confreg.registration.acceptance.ValidationAcceptanceTest.ac_001_07_missingPayerTypeIsRejected(ValidationAcceptanceTest.java:71)

[ERROR] si.confreg.registration.acceptance.ValidationAcceptanceTest.ac_001_07_moreThanOneWorkshopIsRejected -- Time elapsed: 0.005 s <<< FAILURE!
java.lang.AssertionError: 
[configuration property app.workshops provided by the application] 
Expecting not blank but was: null
	at si.confreg.registration.acceptance.AcceptanceTestBase.config(AcceptanceTestBase.java:99)
	at si.confreg.registration.acceptance.AcceptanceTestBase.workshops(AcceptanceTestBase.java:126)
	at si.confreg.registration.acceptance.ValidationAcceptanceTest.ac_001_07_moreThanOneWorkshopIsRejected(ValidationAcceptanceTest.java:99)

[ERROR] si.confreg.registration.acceptance.ValidationAcceptanceTest.ac_001_07_companyPayerWithoutVatIdIsRejected -- Time elapsed: 0.005 s <<< FAILURE!
java.lang.AssertionError: 
[configuration property app.early-bird-deadline provided by the application] 
Expecting not blank but was: null
	at si.confreg.registration.acceptance.AcceptanceTestBase.config(AcceptanceTestBase.java:99)
	at si.confreg.registration.acceptance.AcceptanceTestBase.earlyBirdDeadline(AcceptanceTestBase.java:108)
	at si.confreg.registration.acceptance.AcceptanceTestBase.earlyInstant(AcceptanceTestBase.java:154)
	at si.confreg.registration.acceptance.ValidationAcceptanceTest.assertRejected(ValidationAcceptanceTest.java:16)
	at si.confreg.registration.acceptance.ValidationAcceptanceTest.ac_001_07_companyPayerWithoutVatIdIsRejected(ValidationAcceptanceTest.java:94)

[ERROR] si.confreg.registration.acceptance.ValidationAcceptanceTest.ac_001_07_missingFirstNameIsRejected -- Time elapsed: 0.006 s <<< FAILURE!
java.lang.AssertionError: 
[configuration property app.early-bird-deadline provided by the application] 
Expecting not blank but was: null
	at si.confreg.registration.acceptance.AcceptanceTestBase.config(AcceptanceTestBase.java:99)
	at si.confreg.registration.acceptance.AcceptanceTestBase.earlyBirdDeadline(AcceptanceTestBase.java:108)
	at si.confreg.registration.acceptance.AcceptanceTestBase.earlyInstant(AcceptanceTestBase.java:154)
	at si.confreg.registration.acceptance.ValidationAcceptanceTest.assertRejected(ValidationAcceptanceTest.java:16)
	at si.confreg.registration.acceptance.ValidationAcceptanceTest.ac_001_07_missingFirstNameIsRejected(ValidationAcceptanceTest.java:38)

[ERROR] si.confreg.registration.acceptance.ValidationAcceptanceTest.ac_001_07_unknownWorkshopIsRejected -- Time elapsed: 0.007 s <<< FAILURE!
java.lang.AssertionError: 
[configuration property app.early-bird-deadline provided by the application] 
Expecting not blank but was: null
	at si.confreg.registration.acceptance.AcceptanceTestBase.config(AcceptanceTestBase.java:99)
	at si.confreg.registration.acceptance.AcceptanceTestBase.earlyBirdDeadline(AcceptanceTestBase.java:108)
	at si.confreg.registration.acceptance.AcceptanceTestBase.earlyInstant(AcceptanceTestBase.java:154)
	at si.confreg.registration.acceptance.ValidationAcceptanceTest.assertRejected(ValidationAcceptanceTest.java:16)
	at si.confreg.registration.acceptance.ValidationAcceptanceTest.ac_001_07_unknownWorkshopIsRejected(ValidationAcceptanceTest.java:110)

[ERROR] si.confreg.registration.acceptance.ValidationAcceptanceTest.ac_001_07_unknownPayerTypeIsRejected -- Time elapsed: 0.006 s <<< FAILURE!
java.lang.AssertionError: 
[configuration property app.early-bird-deadline provided by the application] 
Expecting not blank but was: null
	at si.confreg.registration.acceptance.AcceptanceTestBase.config(AcceptanceTestBase.java:99)
	at si.confreg.registration.acceptance.AcceptanceTestBase.earlyBirdDeadline(AcceptanceTestBase.java:108)
	at si.confreg.registration.acceptance.AcceptanceTestBase.earlyInstant(AcceptanceTestBase.java:154)
	at si.confreg.registration.acceptance.ValidationAcceptanceTest.assertRejected(ValidationAcceptanceTest.java:16)
	at si.confreg.registration.acceptance.ValidationAcceptanceTest.ac_001_07_unknownPayerTypeIsRejected(ValidationAcceptanceTest.java:78)

[ERROR] si.confreg.registration.acceptance.ValidationAcceptanceTest.ac_001_07_invalidEmailIsRejected -- Time elapsed: 0.005 s <<< FAILURE!
java.lang.AssertionError: 
[configuration property app.early-bird-deadline provided by the application] 
Expecting not blank but was: null
	at si.confreg.registration.acceptance.AcceptanceTestBase.config(AcceptanceTestBase.java:99)
	at si.confreg.registration.acceptance.AcceptanceTestBase.earlyBirdDeadline(AcceptanceTestBase.java:108)
	at si.confreg.registration.acceptance.AcceptanceTestBase.earlyInstant(AcceptanceTestBase.java:154)
	at si.confreg.registration.acceptance.ValidationAcceptanceTest.assertRejected(ValidationAcceptanceTest.java:16)
	at si.confreg.registration.acceptance.ValidationAcceptanceTest.ac_001_07_invalidEmailIsRejected(ValidationAcceptanceTest.java:58)

[ERROR] si.confreg.registration.acceptance.ValidationAcceptanceTest.ac_001_07_blankLastNameIsRejected -- Time elapsed: 0.007 s <<< FAILURE!
java.lang.AssertionError: 
[configuration property app.early-bird-deadline provided by the application] 
Expecting not blank but was: null
	at si.confreg.registration.acceptance.AcceptanceTestBase.config(AcceptanceTestBase.java:99)
	at si.confreg.registration.acceptance.AcceptanceTestBase.earlyBirdDeadline(AcceptanceTestBase.java:108)
	at si.confreg.registration.acceptance.AcceptanceTestBase.earlyInstant(AcceptanceTestBase.java:154)
	at si.confreg.registration.acceptance.ValidationAcceptanceTest.assertRejected(ValidationAcceptanceTest.java:16)
	at si.confreg.registration.acceptance.ValidationAcceptanceTest.ac_001_07_blankLastNameIsRejected(ValidationAcceptanceTest.java:45)

[ERROR] si.confreg.registration.acceptance.ValidationAcceptanceTest.ac_001_07_emptyObjectIsRejectedForEveryRequiredParticipantField -- Time elapsed: 0.006 s <<< FAILURE!
java.lang.AssertionError: 
[configuration property app.early-bird-deadline provided by the application] 
Expecting not blank but was: null
	at si.confreg.registration.acceptance.AcceptanceTestBase.config(AcceptanceTestBase.java:99)
	at si.confreg.registration.acceptance.AcceptanceTestBase.earlyBirdDeadline(AcceptanceTestBase.java:108)
	at si.confreg.registration.acceptance.AcceptanceTestBase.earlyInstant(AcceptanceTestBase.java:154)
	at si.confreg.registration.acceptance.ValidationAcceptanceTest.ac_001_07_emptyObjectIsRejectedForEveryRequiredParticipantField(ValidationAcceptanceTest.java:124)

[INFO] Running si.confreg.registration.acceptance.WorkshopAcceptanceTest
2026-10-06T13:33:41.398+02:00  INFO 37172 --- [registration-backend] [           main] t.c.s.AnnotationConfigContextLoaderUtils : Could not detect default configuration classes for test class [si.confreg.registration.acceptance.WorkshopAcceptanceTest]: WorkshopAcceptanceTest does not declare any static, non-private, non-final, nested classes annotated with @Configuration.
2026-10-06T13:33:41.402+02:00  INFO 37172 --- [registration-backend] [           main] .b.t.c.SpringBootTestContextBootstrapper : Found @SpringBootConfiguration si.confreg.registration.RegistrationApplication for test class si.confreg.registration.acceptance.WorkshopAcceptanceTest
2026-10-06T13:33:41.404+02:00  INFO 37172 --- [registration-backend] [           main] t.c.s.AnnotationConfigContextLoaderUtils : Could not detect default configuration classes for test class [si.confreg.registration.acceptance.WorkshopAcceptanceTest]: WorkshopAcceptanceTest does not declare any static, non-private, non-final, nested classes annotated with @Configuration.
2026-10-06T13:33:41.404+02:00  INFO 37172 --- [registration-backend] [           main] t.c.s.AnnotationConfigContextLoaderUtils : Could not detect default configuration classes for test class [si.confreg.registration.acceptance.AcceptanceTestBase]: AcceptanceTestBase does not declare any static, non-private, non-final, nested classes annotated with @Configuration.
2026-10-06T13:33:41.406+02:00  INFO 37172 --- [registration-backend] [           main] .b.t.c.SpringBootTestContextBootstrapper : Found @SpringBootConfiguration si.confreg.registration.RegistrationApplication for test class si.confreg.registration.acceptance.WorkshopAcceptanceTest
[ERROR] Tests run: 4, Failures: 4, Errors: 0, Skipped: 0, Time elapsed: 0.052 s <<< FAILURE! -- in si.confreg.registration.acceptance.WorkshopAcceptanceTest
[ERROR] si.confreg.registration.acceptance.WorkshopAcceptanceTest.ac_001_08_noCapacityIsCheckedForAWorkshop -- Time elapsed: 0.006 s <<< FAILURE!
java.lang.AssertionError: 
[configuration property app.workshops provided by the application] 
Expecting not blank but was: null
	at si.confreg.registration.acceptance.AcceptanceTestBase.config(AcceptanceTestBase.java:99)
	at si.confreg.registration.acceptance.AcceptanceTestBase.workshops(AcceptanceTestBase.java:126)
	at si.confreg.registration.acceptance.WorkshopAcceptanceTest.ac_001_08_noCapacityIsCheckedForAWorkshop(WorkshopAcceptanceTest.java:47)

[ERROR] si.confreg.registration.acceptance.WorkshopAcceptanceTest.ac_001_08_registrationWithoutWorkshopStoresNoWorkshop -- Time elapsed: 0.006 s <<< FAILURE!
java.lang.AssertionError: 
[configuration property app.early-bird-deadline provided by the application] 
Expecting not blank but was: null
	at si.confreg.registration.acceptance.AcceptanceTestBase.config(AcceptanceTestBase.java:99)
	at si.confreg.registration.acceptance.AcceptanceTestBase.earlyBirdDeadline(AcceptanceTestBase.java:108)
	at si.confreg.registration.acceptance.AcceptanceTestBase.earlyInstant(AcceptanceTestBase.java:154)
	at si.confreg.registration.acceptance.WorkshopAcceptanceTest.ac_001_08_registrationWithoutWorkshopStoresNoWorkshop(WorkshopAcceptanceTest.java:29)

[ERROR] si.confreg.registration.acceptance.WorkshopAcceptanceTest.ac_001_08_absentWorkshopsFieldMeansNoWorkshop -- Time elapsed: 0.006 s <<< FAILURE!
java.lang.AssertionError: 
[configuration property app.early-bird-deadline provided by the application] 
Expecting not blank but was: null
	at si.confreg.registration.acceptance.AcceptanceTestBase.config(AcceptanceTestBase.java:99)
	at si.confreg.registration.acceptance.AcceptanceTestBase.earlyBirdDeadline(AcceptanceTestBase.java:108)
	at si.confreg.registration.acceptance.AcceptanceTestBase.earlyInstant(AcceptanceTestBase.java:154)
	at si.confreg.registration.acceptance.WorkshopAcceptanceTest.ac_001_08_absentWorkshopsFieldMeansNoWorkshop(WorkshopAcceptanceTest.java:40)

[ERROR] si.confreg.registration.acceptance.WorkshopAcceptanceTest.ac_001_08_registrationWithOneWorkshopStoresThatWorkshop -- Time elapsed: 0.004 s <<< FAILURE!
java.lang.AssertionError: 
[configuration property app.workshops provided by the application] 
Expecting not blank but was: null
	at si.confreg.registration.acceptance.AcceptanceTestBase.config(AcceptanceTestBase.java:99)
	at si.confreg.registration.acceptance.AcceptanceTestBase.workshops(AcceptanceTestBase.java:126)
	at si.confreg.registration.acceptance.WorkshopAcceptanceTest.ac_001_08_registrationWithOneWorkshopStoresThatWorkshop(WorkshopAcceptanceTest.java:15)

[INFO] 
[INFO] Results:
[INFO] 
[ERROR] Failures: 
[ERROR]   ConfirmationAcceptanceTest.ac_001_04_eachOfTwoRegistrationsGetsItsOwnSingleConfirmation:46->AcceptanceTestBase.earlyInstant:154->AcceptanceTestBase.earlyBirdDeadline:108->AcceptanceTestBase.config:99 [configuration property app.early-bird-deadline provided by the application] 
Expecting not blank but was: null
[ERROR]   ConfirmationAcceptanceTest.ac_001_04_exactlyOneConfirmationMailStatesNumberAndFees:26->AcceptanceTestBase.regularInstant:158->AcceptanceTestBase.earlyBirdDeadline:108->AcceptanceTestBase.config:99 [configuration property app.early-bird-deadline provided by the application] 
Expecting not blank but was: null
[ERROR]   ConfirmationAcceptanceTest.ac_001_04_storedRegistrationAnswers201WithRegistrationNumber:15->AcceptanceTestBase.earlyInstant:154->AcceptanceTestBase.earlyBirdDeadline:108->AcceptanceTestBase.config:99 [configuration property app.early-bird-deadline provided by the application] 
Expecting not blank but was: null
[ERROR]   FeeAcceptanceTest.ac_001_01_submissionOnDeadlineDayIsStoredWithEarlyBirdFee:26->AcceptanceTestBase.earlyBirdDeadline:108->AcceptanceTestBase.config:99 [configuration property app.early-bird-deadline provided by the application] 
Expecting not blank but was: null
[ERROR]   FeeAcceptanceTest.ac_001_01_submissionOnOrBeforeDeadlineIsStoredWithEarlyBirdFee:20->AcceptanceTestBase.earlyInstant:154->AcceptanceTestBase.earlyBirdDeadline:108->AcceptanceTestBase.config:99 [configuration property app.early-bird-deadline provided by the application] 
Expecting not blank but was: null
[ERROR]   FeeAcceptanceTest.ac_001_02_submissionAfterDeadlineIsStoredWithRegularFee:32->AcceptanceTestBase.regularInstant:158->AcceptanceTestBase.earlyBirdDeadline:108->AcceptanceTestBase.config:99 [configuration property app.early-bird-deadline provided by the application] 
Expecting not blank but was: null
[ERROR]   FeeAcceptanceTest.ac_001_03_firstSecondAfterDeadlineDayInConferenceTimeZoneIsRegular:45->AcceptanceTestBase.firstRegularInstant:150->AcceptanceTestBase.earlyBirdDeadline:108->AcceptanceTestBase.config:99 [configuration property app.early-bird-deadline provided by the application] 
Expecting not blank but was: null
[ERROR]   FeeAcceptanceTest.ac_001_03_lastSecondOfDeadlineDayInConferenceTimeZoneIsEarlyBird:38->AcceptanceTestBase.firstRegularInstant:150->AcceptanceTestBase.earlyBirdDeadline:108->AcceptanceTestBase.config:99 [configuration property app.early-bird-deadline provided by the application] 
Expecting not blank but was: null
[ERROR]   FeeAcceptanceTest.ac_001_06_companyFromOtherEuMemberStatePaysSlovenianVatEarlyBird:51->AcceptanceTestBase.earlyInstant:154->AcceptanceTestBase.earlyBirdDeadline:108->AcceptanceTestBase.config:99 [configuration property app.early-bird-deadline provided by the application] 
Expecting not blank but was: null
[ERROR]   FeeAcceptanceTest.ac_001_06_companyFromOtherEuMemberStatePaysSlovenianVatRegular:57->AcceptanceTestBase.regularInstant:158->AcceptanceTestBase.earlyBirdDeadline:108->AcceptanceTestBase.config:99 [configuration property app.early-bird-deadline provided by the application] 
Expecting not blank but was: null
[ERROR]   OrganizerAccessAcceptanceTest.ac_001_10_organizerReadsEveryFieldOfStoredRegistration:18->AcceptanceTestBase.workshops:126->AcceptanceTestBase.config:99 [configuration property app.workshops provided by the application] 
Expecting not blank but was: null
[ERROR]   OrganizerAccessAcceptanceTest.ac_001_11_readingWithWrongPasswordIsRejectedWithoutData:56->AcceptanceTestBase.earlyInstant:154->AcceptanceTestBase.earlyBirdDeadline:108->AcceptanceTestBase.config:99 [configuration property app.early-bird-deadline provided by the application] 
Expecting not blank but was: null
[ERROR]   OrganizerAccessAcceptanceTest.ac_001_11_readingWithWrongUsernameIsRejectedWithoutData:71->AcceptanceTestBase.earlyInstant:154->AcceptanceTestBase.earlyBirdDeadline:108->AcceptanceTestBase.config:99 [configuration property app.early-bird-deadline provided by the application] 
Expecting not blank but was: null
[ERROR]   OrganizerAccessAcceptanceTest.ac_001_11_readingWithoutCredentialsIsRejectedWithoutData:44->AcceptanceTestBase.earlyInstant:154->AcceptanceTestBase.earlyBirdDeadline:108->AcceptanceTestBase.config:99 [configuration property app.early-bird-deadline provided by the application] 
Expecting not blank but was: null
[ERROR]   OrganizerAccessAcceptanceTest.ac_001_12_unknownRegistrationNumberAnswers404WithoutData:83->AcceptanceTestBase.earlyInstant:154->AcceptanceTestBase.earlyBirdDeadline:108->AcceptanceTestBase.config:99 [configuration property app.early-bird-deadline provided by the application] 
Expecting not blank but was: null
[ERROR]   PayerDataAcceptanceTest.ac_001_05_companyPayerDataIsStoredWithRegistration:14->AcceptanceTestBase.earlyInstant:154->AcceptanceTestBase.earlyBirdDeadline:108->AcceptanceTestBase.config:99 [configuration property app.early-bird-deadline provided by the application] 
Expecting not blank but was: null
[ERROR]   PayerDataAcceptanceTest.ac_001_05_noInvoiceAndNoPaymentRequestIsCreated:38->AcceptanceTestBase.earlyInstant:154->AcceptanceTestBase.earlyBirdDeadline:108->AcceptanceTestBase.config:99 [configuration property app.early-bird-deadline provided by the application] 
Expecting not blank but was: null
[ERROR]   PayerDataAcceptanceTest.ac_001_05_privatePayerIsStoredWithoutCompanyData:25->AcceptanceTestBase.earlyInstant:154->AcceptanceTestBase.earlyBirdDeadline:108->AcceptanceTestBase.config:99 [configuration property app.early-bird-deadline provided by the application] 
Expecting not blank but was: null
[ERROR]   RateLimitAcceptanceTest.ac_001_13_requestOverTheHourlyLimitIsRejectedNothingStoredNoMail:19->AcceptanceTestBase.earlyInstant:154->AcceptanceTestBase.earlyBirdDeadline:108->AcceptanceTestBase.config:99 [configuration property app.early-bird-deadline provided by the application] 
Expecting not blank but was: null
[ERROR]   RepeatedRegistrationAcceptanceTest.ac_001_09_eachRepeatedRegistrationGetsItsOwnConfirmation:37->AcceptanceTestBase.earlyInstant:154->AcceptanceTestBase.earlyBirdDeadline:108->AcceptanceTestBase.config:99 [configuration property app.early-bird-deadline provided by the application] 
Expecting not blank but was: null
[ERROR]   RepeatedRegistrationAcceptanceTest.ac_001_09_secondRegistrationIsStoredWithOwnNumberAndFeeFirstUnchanged:14->AcceptanceTestBase.earlyInstant:154->AcceptanceTestBase.earlyBirdDeadline:108->AcceptanceTestBase.config:99 [configuration property app.early-bird-deadline provided by the application] 
Expecting not blank but was: null
[ERROR]   ValidationAcceptanceTest.ac_001_07_blankLastNameIsRejected:45->assertRejected:16->AcceptanceTestBase.earlyInstant:154->AcceptanceTestBase.earlyBirdDeadline:108->AcceptanceTestBase.config:99 [configuration property app.early-bird-deadline provided by the application] 
Expecting not blank but was: null
[ERROR]   ValidationAcceptanceTest.ac_001_07_companyPayerWithoutCompanyDataIsRejectedPerField:87->assertRejected:16->AcceptanceTestBase.earlyInstant:154->AcceptanceTestBase.earlyBirdDeadline:108->AcceptanceTestBase.config:99 [configuration property app.early-bird-deadline provided by the application] 
Expecting not blank but was: null
[ERROR]   ValidationAcceptanceTest.ac_001_07_companyPayerWithoutVatIdIsRejected:94->assertRejected:16->AcceptanceTestBase.earlyInstant:154->AcceptanceTestBase.earlyBirdDeadline:108->AcceptanceTestBase.config:99 [configuration property app.early-bird-deadline provided by the application] 
Expecting not blank but was: null
[ERROR]   ValidationAcceptanceTest.ac_001_07_emailWithLineBreakIsRejected:64->assertRejected:16->AcceptanceTestBase.earlyInstant:154->AcceptanceTestBase.earlyBirdDeadline:108->AcceptanceTestBase.config:99 [configuration property app.early-bird-deadline provided by the application] 
Expecting not blank but was: null
[ERROR]   ValidationAcceptanceTest.ac_001_07_emptyObjectIsRejectedForEveryRequiredParticipantField:124->AcceptanceTestBase.earlyInstant:154->AcceptanceTestBase.earlyBirdDeadline:108->AcceptanceTestBase.config:99 [configuration property app.early-bird-deadline provided by the application] 
Expecting not blank but was: null
[ERROR]   ValidationAcceptanceTest.ac_001_07_invalidEmailIsRejected:58->assertRejected:16->AcceptanceTestBase.earlyInstant:154->AcceptanceTestBase.earlyBirdDeadline:108->AcceptanceTestBase.config:99 [configuration property app.early-bird-deadline provided by the application] 
Expecting not blank but was: null
[ERROR]   ValidationAcceptanceTest.ac_001_07_missingEmailIsRejected:52->assertRejected:16->AcceptanceTestBase.earlyInstant:154->AcceptanceTestBase.earlyBirdDeadline:108->AcceptanceTestBase.config:99 [configuration property app.early-bird-deadline provided by the application] 
Expecting not blank but was: null
[ERROR]   ValidationAcceptanceTest.ac_001_07_missingFirstNameIsRejected:38->assertRejected:16->AcceptanceTestBase.earlyInstant:154->AcceptanceTestBase.earlyBirdDeadline:108->AcceptanceTestBase.config:99 [configuration property app.early-bird-deadline provided by the application] 
Expecting not blank but was: null
[ERROR]   ValidationAcceptanceTest.ac_001_07_missingPayerTypeIsRejected:71->assertRejected:16->AcceptanceTestBase.earlyInstant:154->AcceptanceTestBase.earlyBirdDeadline:108->AcceptanceTestBase.config:99 [configuration property app.early-bird-deadline provided by the application] 
Expecting not blank but was: null
[ERROR]   ValidationAcceptanceTest.ac_001_07_moreThanOneWorkshopIsRejected:99->AcceptanceTestBase.workshops:126->AcceptanceTestBase.config:99 [configuration property app.workshops provided by the application] 
Expecting not blank but was: null
[ERROR]   ValidationAcceptanceTest.ac_001_07_severalInvalidFieldsGiveOneErrorEach:119->assertRejected:16->AcceptanceTestBase.earlyInstant:154->AcceptanceTestBase.earlyBirdDeadline:108->AcceptanceTestBase.config:99 [configuration property app.early-bird-deadline provided by the application] 
Expecting not blank but was: null
[ERROR]   ValidationAcceptanceTest.ac_001_07_unknownPayerTypeIsRejected:78->assertRejected:16->AcceptanceTestBase.earlyInstant:154->AcceptanceTestBase.earlyBirdDeadline:108->AcceptanceTestBase.config:99 [configuration property app.early-bird-deadline provided by the application] 
Expecting not blank but was: null
[ERROR]   ValidationAcceptanceTest.ac_001_07_unknownWorkshopIsRejected:110->assertRejected:16->AcceptanceTestBase.earlyInstant:154->AcceptanceTestBase.earlyBirdDeadline:108->AcceptanceTestBase.config:99 [configuration property app.early-bird-deadline provided by the application] 
Expecting not blank but was: null
[ERROR]   WorkshopAcceptanceTest.ac_001_08_absentWorkshopsFieldMeansNoWorkshop:40->AcceptanceTestBase.earlyInstant:154->AcceptanceTestBase.earlyBirdDeadline:108->AcceptanceTestBase.config:99 [configuration property app.early-bird-deadline provided by the application] 
Expecting not blank but was: null
[ERROR]   WorkshopAcceptanceTest.ac_001_08_noCapacityIsCheckedForAWorkshop:47->AcceptanceTestBase.workshops:126->AcceptanceTestBase.config:99 [configuration property app.workshops provided by the application] 
Expecting not blank but was: null
[ERROR]   WorkshopAcceptanceTest.ac_001_08_registrationWithOneWorkshopStoresThatWorkshop:15->AcceptanceTestBase.workshops:126->AcceptanceTestBase.config:99 [configuration property app.workshops provided by the application] 
Expecting not blank but was: null
[ERROR]   WorkshopAcceptanceTest.ac_001_08_registrationWithoutWorkshopStoresNoWorkshop:29->AcceptanceTestBase.earlyInstant:154->AcceptanceTestBase.earlyBirdDeadline:108->AcceptanceTestBase.config:99 [configuration property app.early-bird-deadline provided by the application] 
Expecting not blank but was: null
[INFO] 
[ERROR] Tests run: 38, Failures: 38, Errors: 0, Skipped: 0
[INFO] 
[INFO] ------------------------------------------------------------------------
[INFO] BUILD FAILURE
[INFO] ------------------------------------------------------------------------
[INFO] Total time:  01:17 min
[INFO] Finished at: 2026-10-06T13:33:42+02:00
[INFO] ------------------------------------------------------------------------
[ERROR] Failed to execute goal org.apache.maven.plugins:maven-surefire-plugin:3.5.6:test (default-test) on project registration-backend: There are test failures.
[ERROR] 
[ERROR] See C:\Users\tanej\Documents\LAB\tanej-confreg-C2\02_output\backend\target\surefire-reports for the individual test results.
[ERROR] See dump files (if any exist) [date].dump, [date]-jvmRun[N].dump and [date].dumpstream.
[ERROR] -> [Help 1]
[ERROR] 
[ERROR] To see the full stack trace of the errors, re-run Maven with the -e switch.
[ERROR] Re-run Maven using the -X switch to enable full debug logging.
[ERROR] 
[ERROR] For more information about the errors and possible solutions, please read the following articles:
[ERROR] [Help 1] http://cwiki.apache.org/confluence/display/MAVEN/MojoFailureException
