 Image confreg-backend Building 
 Image confreg-frontend Building 
#1 [internal] load local bake definitions
#1 reading from stdin 1.15kB done
#1 DONE 0.0s

#2 [backend internal] load build definition from Dockerfile
#2 transferring dockerfile: 415B done
#2 DONE 0.0s

#3 [frontend internal] load build definition from Dockerfile
#3 transferring dockerfile: 703B done
#3 DONE 0.0s

#4 [backend internal] load metadata for docker.io/library/eclipse-temurin:21.0.10_7-jre-alpine
#4 DONE 0.1s

#5 [frontend internal] load metadata for docker.io/library/nginx:1.30.5-alpine
#5 DONE 0.1s

#6 [frontend internal] load metadata for docker.io/library/node:24.13.0-alpine
#6 DONE 0.1s

#7 [backend internal] load .dockerignore
#7 transferring context: 81B done
#7 DONE 0.0s

#8 [frontend internal] load .dockerignore
#8 transferring context: 129B done
#8 DONE 0.0s

#9 [frontend internal] load build context
#9 DONE 0.0s

#10 [backend internal] load build context
#10 ...

#11 [backend 1/4] FROM docker.io/library/eclipse-temurin:21.0.10_7-jre-alpine@sha256:ad0cdd9782db550ca7dde6939a16fd850d04e683d37d3cff79d84a5848ba6a5a
#11 resolve docker.io/library/eclipse-temurin:21.0.10_7-jre-alpine@sha256:ad0cdd9782db550ca7dde6939a16fd850d04e683d37d3cff79d84a5848ba6a5a 0.1s done
#11 CACHED

#12 [frontend build 1/7] FROM docker.io/library/node:24.13.0-alpine@sha256:cd6fb7efa6490f039f3471a189214d5f548c11df1ff9e5b181aa49e22c14383e
#12 resolve docker.io/library/node:24.13.0-alpine@sha256:cd6fb7efa6490f039f3471a189214d5f548c11df1ff9e5b181aa49e22c14383e 0.1s done
#12 DONE 0.1s

#13 [frontend stage-1 1/4] FROM docker.io/library/nginx:1.30.5-alpine@sha256:0985e772fb9f729e6fa0980da05fca5d9c468e870eed43071545afa9d2e27d94
#13 resolve docker.io/library/nginx:1.30.5-alpine@sha256:0985e772fb9f729e6fa0980da05fca5d9c468e870eed43071545afa9d2e27d94 0.1s done
#13 CACHED

#9 [frontend internal] load build context
#9 transferring context: 263.27kB 0.0s done
#9 DONE 0.1s

#14 [frontend build 2/7] WORKDIR /src
#14 CACHED

#10 [backend internal] load build context
#10 ...

#15 [frontend stage-1 2/4] COPY nginx/default.conf.template /etc/nginx/templates/default.conf.template
#15 DONE 0.1s

#16 [frontend build 3/7] COPY package.json package-lock.json .npmrc ./
#16 DONE 0.1s

#10 [backend internal] load build context
#10 ...

#17 [backend 2/4] RUN addgroup -S app && adduser -S -D -H -G app app
#17 DONE 0.4s

#10 [backend internal] load build context
#10 ...

#18 [backend 3/4] WORKDIR /app
#18 DONE 0.2s

#10 [backend internal] load build context
#10 transferring context: 80.21MB 4.5s done
#10 DONE 4.6s

#19 [backend 4/4] COPY --chown=root:root --chmod=444 target/registration-backend-0.1.0.jar /app/app.jar
#19 DONE 0.3s

#20 [frontend build 4/7] RUN npm ci --no-audit --no-fund
#20 2.847 npm warn deprecated whatwg-encoding@3.1.1: Use @exodus/bytes instead for a more spec-conformant and faster implementation
#20 ...

#21 [backend] exporting to image
#21 exporting layers
#21 exporting layers 2.2s done
#21 exporting manifest sha256:acb3dbf341486be90b812af14611523aa3fc665bb5199fe05a42f12c0622eb0b 0.0s done
#21 exporting config sha256:9e4eda26891fb6b2eb8a8603cadd5e8996c09ed2bc7b57e60214a2711ffd6f6f 0.0s done
#21 exporting attestation manifest sha256:b5e418f45d85b2309db61675d9a10f2a8dc5019c469d128d198ea3090de8563b 0.0s done
#21 exporting manifest list sha256:2719e2b3cbb54d3a9acfe49ea2b22f38e4cf683ed1d220a91c28241da8c1b631
#21 exporting manifest list sha256:2719e2b3cbb54d3a9acfe49ea2b22f38e4cf683ed1d220a91c28241da8c1b631 0.0s done
#21 naming to docker.io/library/confreg-backend:latest done
#21 unpacking to docker.io/library/confreg-backend:latest
#21 unpacking to docker.io/library/confreg-backend:latest 0.4s done
#21 DONE 2.8s

#20 [frontend build 4/7] RUN npm ci --no-audit --no-fund
#20 ...

#22 [backend] resolving provenance for metadata file
#22 DONE 0.0s

#20 [frontend build 4/7] RUN npm ci --no-audit --no-fund
#20 9.476 npm warn deprecated eslint@9.39.5: This version is no longer supported. Please see https://eslint.org/version-support for other options.
#20 11.82 
#20 11.82 added 432 packages in 11s
#20 11.82 npm notice
#20 11.82 npm notice New minor version of npm available! 11.6.2 -> 11.21.0
#20 11.82 npm notice Changelog: https://github.com/npm/cli/releases/tag/v11.21.0
#20 11.82 npm notice To update run: npm install -g npm@11.21.0
#20 11.82 npm notice
#20 DONE 12.3s

#23 [frontend build 5/7] COPY index.html tsconfig.json vite.config.ts ./
#23 DONE 0.3s

#24 [frontend build 6/7] COPY src ./src
#24 DONE 0.1s

#25 [frontend build 7/7] RUN npx tsc --noEmit && npx vite build
#25 2.732 vite v6.4.3 building for production...
#25 2.808 transforming...
#25 4.318 ✓ 30 modules transformed.
#25 4.457 rendering chunks...
#25 4.464 computing gzip size...
#25 4.472 dist/index.html                   0.41 kB │ gzip:  0.27 kB
#25 4.472 dist/assets/index-CEsfnliK.css    0.97 kB │ gzip:  0.49 kB
#25 4.472 dist/assets/index-B3S9zhc2.js   229.08 kB │ gzip: 71.31 kB
#25 4.473 ✓ built in 1.71s
#25 DONE 4.5s

#26 [frontend stage-1 3/4] COPY --from=build /src/dist /usr/share/nginx/html
#26 DONE 0.1s

#27 [frontend stage-1 4/4] RUN sed -i '/^user /d; s#^pid .*#pid /tmp/nginx.pid;#' /etc/nginx/nginx.conf     && chown -R nginx:nginx /var/cache/nginx /etc/nginx/conf.d
#27 DONE 0.3s

#28 [frontend] exporting to image
#28 exporting layers
#28 exporting layers 0.4s done
#28 exporting manifest sha256:1d3a94f573a13de85af9c42ca30048a9fce9e45ff5bbf49f9b6a00a815bbff0f 0.0s done
#28 exporting config sha256:eeb1707a89148a91cfbf5427a7f6083c2d736889987fd06abba1bab4369d81cd 0.0s done
#28 exporting attestation manifest sha256:458cb5909d135827b59e71371edde30610634cecfe6833f22b45cc996f57b62e 0.0s done
#28 exporting manifest list sha256:3db63f326bdad33b91c402c0ac6f2bb472effaeee2270012f67f19956c598294
#28 exporting manifest list sha256:3db63f326bdad33b91c402c0ac6f2bb472effaeee2270012f67f19956c598294 0.0s done
#28 naming to docker.io/library/confreg-frontend:latest done
#28 unpacking to docker.io/library/confreg-frontend:latest 0.1s done
#28 DONE 0.7s

#29 [frontend] resolving provenance for metadata file
#29 DONE 0.0s
 Image confreg-backend Built 
 Image confreg-frontend Built 
 Network confreg_default Creating 
 Volume confreg_pgdata Creating 
 Network confreg_default Creating 
 Volume confreg_pgdata Creating 
 Volume confreg_pgdata Created 
 Volume confreg_pgdata Created 
 Network confreg_default Created 
 Network confreg_default Created 
 Container confreg-postgres-1 Creating 
 Container confreg-mailpit-1 Creating 
 Container confreg-mailpit-1 Created 
 Container confreg-postgres-1 Created 
 Container confreg-backend-1 Creating 
 Container confreg-backend-1 Created 
 Container confreg-frontend-1 Creating 
 Container confreg-frontend-1 Created 
 Container confreg-postgres-1 Starting 
 Container confreg-mailpit-1 Starting 
 Container confreg-postgres-1 Started 
 Container confreg-mailpit-1 Started 
 Container confreg-postgres-1 Waiting 
 Container confreg-postgres-1 Healthy 
 Container confreg-backend-1 Starting 
 Container confreg-backend-1 Started 
 Container confreg-backend-1 Waiting 
 Container confreg-backend-1 Healthy 
 Container confreg-frontend-1 Starting 
 Container confreg-frontend-1 Started 
