 Image confreg-backend:0.1.0 Building 
 Image confreg-frontend:0.1.0 Building 
#1 [internal] load local bake definitions
#1 reading from stdin 1.12kB done
#1 DONE 0.0s

#2 [frontend internal] load build definition from Dockerfile
#2 transferring dockerfile: 825B done
#2 DONE 0.0s

#3 [backend internal] load build definition from Dockerfile
#3 transferring dockerfile: 739B 0.0s done
#3 DONE 0.0s

#4 [frontend internal] load metadata for docker.io/library/nginx:1.30.5-alpine
#4 DONE 0.1s

#5 [frontend internal] load metadata for docker.io/library/node:24.13.0-alpine
#5 DONE 0.1s

#6 [backend internal] load metadata for docker.io/library/eclipse-temurin:21.0.10_7-jre-alpine
#6 DONE 0.1s

#7 [frontend internal] load .dockerignore
#7 transferring context: 131B done
#7 DONE 0.0s

#8 [backend internal] load .dockerignore
#8 transferring context: 81B done
#8 DONE 0.0s

#9 [backend internal] load build context
#9 transferring context: 87B done
#9 DONE 0.0s

#10 [frontend build 1/7] FROM docker.io/library/node:24.13.0-alpine@sha256:cd6fb7efa6490f039f3471a189214d5f548c11df1ff9e5b181aa49e22c14383e
#10 resolve docker.io/library/node:24.13.0-alpine@sha256:cd6fb7efa6490f039f3471a189214d5f548c11df1ff9e5b181aa49e22c14383e 0.1s done
#10 DONE 0.1s

#11 [frontend stage-1 1/5] FROM docker.io/library/nginx:1.30.5-alpine@sha256:0985e772fb9f729e6fa0980da05fca5d9c468e870eed43071545afa9d2e27d94
#11 resolve docker.io/library/nginx:1.30.5-alpine@sha256:0985e772fb9f729e6fa0980da05fca5d9c468e870eed43071545afa9d2e27d94 0.1s done
#11 DONE 0.1s

#12 [backend 1/4] FROM docker.io/library/eclipse-temurin:21.0.10_7-jre-alpine@sha256:ad0cdd9782db550ca7dde6939a16fd850d04e683d37d3cff79d84a5848ba6a5a
#12 resolve docker.io/library/eclipse-temurin:21.0.10_7-jre-alpine@sha256:ad0cdd9782db550ca7dde6939a16fd850d04e683d37d3cff79d84a5848ba6a5a 0.1s done
#12 DONE 0.1s

#13 [backend 2/4] RUN addgroup -S app && adduser -S -G app -H -s /sbin/nologin app
#13 CACHED

#14 [backend 3/4] WORKDIR /app
#14 CACHED

#15 [backend 4/4] COPY --chown=root:root target/registration-backend-0.1.0.jar /app/app.jar
#15 CACHED

#16 [frontend internal] load build context
#16 transferring context: 1.47kB done
#16 DONE 0.0s

#17 [frontend build 2/7] WORKDIR /build
#17 CACHED

#18 [frontend build 3/7] COPY package.json package-lock.json .npmrc ./
#18 CACHED

#19 [frontend build 4/7] RUN npm ci --no-fund --no-audit
#19 CACHED

#20 [frontend build 5/7] COPY index.html tsconfig.json vite.config.ts ./
#20 CACHED

#21 [frontend build 6/7] COPY src ./src
#21 DONE 0.1s

#22 [backend] exporting to image
#22 exporting layers done
#22 exporting manifest sha256:bd00ba91cd8db9436b99db922c2c22a2486496ecea6c99b4772c33682bd8444b done
#22 exporting config sha256:17b23eca89c8722f3e289a2ca378aebc579db1c641b0709405d549562f98b9e9 done
#22 exporting attestation manifest sha256:01700f4e5105d92fdab88277d9c4d91faad7618d5d16e10c6d7936cca6ccf419 0.0s done
#22 exporting manifest list sha256:b7f3abbdee4c92c483de921228eaad01bb6ccb0e6a689bba7c936dc74b5422c3
#22 exporting manifest list sha256:b7f3abbdee4c92c483de921228eaad01bb6ccb0e6a689bba7c936dc74b5422c3 0.0s done
#22 naming to docker.io/library/confreg-backend:0.1.0 done
#22 unpacking to docker.io/library/confreg-backend:0.1.0 0.0s done
#22 DONE 0.2s

#23 [frontend build 7/7] RUN npm run build
#23 ...

#24 [backend] resolving provenance for metadata file
#24 DONE 0.0s

#23 [frontend build 7/7] RUN npm run build
#23 0.628 
#23 0.628 > registration-frontend@0.1.0 build
#23 0.628 > tsc --noEmit && vite build
#23 0.628 
#23 2.940 vite v6.4.3 building for production...
#23 3.020 <script src="/config.js"> in "/index.html" can't be bundled without type="module" attribute
#23 3.036 transforming...
#23 4.947 ✓ 33 modules transformed.
#23 5.108 rendering chunks...
#23 5.120 computing gzip size...
#23 5.130 dist/index.html                  0.37 kB │ gzip:  0.25 kB
#23 5.130 dist/assets/index-_AL1qUn6.js  229.46 kB │ gzip: 71.39 kB
#23 5.130 ✓ built in 2.15s
#23 DONE 5.2s

#25 [frontend stage-1 2/5] COPY docker/nginx.conf /etc/nginx/nginx.conf
#25 CACHED

#26 [frontend stage-1 3/5] COPY docker/40-runtime-config.sh /docker-entrypoint.d/40-runtime-config.sh
#26 CACHED

#27 [frontend stage-1 4/5] COPY --from=build /build/dist /usr/share/nginx/html
#27 DONE 0.0s

#28 [frontend stage-1 5/5] RUN chmod 0755 /docker-entrypoint.d/40-runtime-config.sh   && touch /usr/share/nginx/html/config.js   && chown nginx:nginx /usr/share/nginx/html/config.js
#28 DONE 0.3s

#29 [frontend] exporting to image
#29 exporting layers 0.1s done
#29 exporting manifest sha256:083cd74c5c1fecb4b84fba0c53cc9d9eca3dbc35ee1a918d18bd3391b8c73ae0 0.0s done
#29 exporting config sha256:5caefae831b792b4e826a7094cf50167aabed54a8a75a5ac604337f86b4f0ccf 0.0s done
#29 exporting attestation manifest sha256:b5b181d461dfc574f743af6fb0da1b80dc10979986be3ec10bd1314fd5c143a2 0.0s done
#29 exporting manifest list sha256:638aefecfd746fac4c394abce7fcd62cda73237595c068a0aa4c9225e32182f7 0.0s done
#29 naming to docker.io/library/confreg-frontend:0.1.0
#29 naming to docker.io/library/confreg-frontend:0.1.0 done
#29 unpacking to docker.io/library/confreg-frontend:0.1.0 0.1s done
#29 DONE 0.4s

#30 [frontend] resolving provenance for metadata file
#30 DONE 0.0s
 Image confreg-frontend:0.1.0 Built 
 Image confreg-backend:0.1.0 Built 
 Container confreg-backend-1 Running 
 Container confreg-postgres-1 Running 
 Container confreg-mailpit-1 Running 
 Container confreg-frontend-1 Recreate 
 Container confreg-frontend-1 Recreated 
 Container confreg-mailpit-1 Waiting 
 Container confreg-postgres-1 Waiting 
 Container confreg-mailpit-1 Healthy 
 Container confreg-postgres-1 Healthy 
 Container confreg-backend-1 Waiting 
 Container confreg-backend-1 Healthy 
 Container confreg-frontend-1 Starting 
 Container confreg-frontend-1 Started 
