
 RUN  v5.0.3 C:/Users/tanej/Documents/LAB/tanej-confreg-C2/02_output/frontend
      Coverage enabled with v8


 Test Files  2 passed (2)
      Tests  20 passed (20)
   Start at  14:21:37
   Duration  6.06s (environment 60%, tests 14%, setup 14%, import 5%, transform 4%, worker 3%)

[34m % [39m[2mCoverage report from [22m[33mv8[39m
-------------------|---------|----------|---------|---------|-------------------
File               | % Stmts | % Branch | % Funcs | % Lines | Uncovered Line #s 
-------------------|---------|----------|---------|---------|-------------------
All files          |   89.79 |     90.9 |   88.46 |   89.69 |                   
 App.tsx           |       0 |        0 |       0 |       0 | 8-9               
 Confirmation.tsx  |       0 |      100 |       0 |       0 | 6                 
 ...rationForm.tsx |   93.84 |    94.44 |   94.73 |   93.75 | 133-135,266       
 main.tsx          |       0 |        0 |     100 |       0 | 5-7               
-------------------|---------|----------|---------|---------|-------------------

=============================== Coverage summary ===============================
Statements   : 89.79% ( 88/98 )
Branches     : 90.9% ( 60/66 )
Functions    : 88.46% ( 23/26 )
Lines        : 89.69% ( 87/97 )
================================================================================
