
 RUN  v5.0.3 C:/Users/tanej/Documents/LAB/tanej-confreg-C2/02_output/frontend
      Coverage enabled with v8


 Test Files  1 passed (1)
      Tests  6 passed (6)
   Start at  14:21:48
   Duration  4.74s (environment 43%, tests 31%, setup 9%, import 8%, transform 6%, worker 2%)

[34m % [39m[2mCoverage report from [22m[33mv8[39m
-------------------|---------|----------|---------|---------|-------------------
File               | % Stmts | % Branch | % Funcs | % Lines | Uncovered Line #s 
-------------------|---------|----------|---------|---------|-------------------
All files          |   82.65 |    68.18 |    92.3 |   82.47 |                   
 ...rationForm.tsx |   87.69 |    69.44 |   89.47 |    87.5 | ...72-177,210,266 
 api.ts            |   72.22 |    71.42 |     100 |   72.22 | 38,60,63,80-82    
 config.ts         |   85.71 |       75 |     100 |   85.71 | 15                
 format.ts         |     100 |       50 |     100 |     100 | 3-4               
 main.tsx          |       0 |        0 |     100 |       0 | 5-7               
-------------------|---------|----------|---------|---------|-------------------

=============================== Coverage summary ===============================
Statements   : 82.65% ( 81/98 )
Branches     : 68.18% ( 45/66 )
Functions    : 92.3% ( 24/26 )
Lines        : 82.47% ( 80/97 )
================================================================================
