[INFO] Scanning for projects...
[INFO] 
[INFO] ------------------< si.confreg:registration-backend >-------------------
[INFO] Building registration-backend 0.1.0
[INFO]   from pom.xml
[INFO] --------------------------------[ jar ]---------------------------------
[INFO] 
[INFO] --- jacoco:0.8.12:prepare-agent (prepare-agent) @ registration-backend ---
[INFO] argLine set to -javaagent:C:\\Users\\tanej\\.m2\\repository\\org\\jacoco\\org.jacoco.agent\\0.8.12\\org.jacoco.agent-0.8.12-runtime.jar=destfile=C:\\Users\\tanej\\Documents\\LAB\\tanej-confreg-C2\\02_output\\backend\\target\\jacoco.exec
[INFO] 
[INFO] --- resources:3.5.0:resources (default-resources) @ registration-backend ---
[INFO] Copying 1 resource from src\main\resources to target\classes
[INFO] Copying 1 resource from src\main\resources to target\classes
[INFO] 
[INFO] --- compiler:3.15.0:compile (default-compile) @ registration-backend ---
[INFO] Nothing to compile - all classes are up to date.
[INFO] 
[INFO] --- resources:3.5.0:testResources (default-testResources) @ registration-backend ---
[INFO] skip non existing resourceDirectory C:\Users\tanej\Documents\LAB\tanej-confreg-C2\02_output\backend\src\test\resources
[INFO] 
[INFO] --- compiler:3.15.0:testCompile (default-testCompile) @ registration-backend ---
[INFO] Nothing to compile - all classes are up to date.
[INFO] 
[INFO] --- surefire:3.5.6:test (default-test) @ registration-backend ---
[INFO] Using auto detected provider org.apache.maven.surefire.junitplatform.JUnitPlatformProvider
[INFO] 
[INFO] -------------------------------------------------------
[INFO]  T E S T S
[INFO] -------------------------------------------------------
[INFO] Running si.confreg.registration.acceptance.ConfirmationAcceptanceTest
14:51:05.903 [main] INFO org.springframework.test.context.support.AnnotationConfigContextLoaderUtils -- Could not detect default configuration classes for test class [si.confreg.registration.acceptance.ConfirmationAcceptanceTest]: ConfirmationAcceptanceTest does not declare any static, non-private, non-final, nested classes annotated with @Configuration.
14:51:06.626 [main] INFO org.springframework.boot.test.context.SpringBootTestContextBootstrapper -- Found @SpringBootConfiguration si.confreg.registration.RegistrationApplication for test class si.confreg.registration.acceptance.ConfirmationAcceptanceTest
14:51:07.203 [main] INFO org.springframework.test.context.support.AnnotationConfigContextLoaderUtils -- Could not detect default configuration classes for test class [si.confreg.registration.acceptance.ConfirmationAcceptanceTest]: ConfirmationAcceptanceTest does not declare any static, non-private, non-final, nested classes annotated with @Configuration.
14:51:07.206 [main] INFO org.springframework.test.context.support.AnnotationConfigContextLoaderUtils -- Could not detect default configuration classes for test class [si.confreg.registration.acceptance.AcceptanceTestBase]: AcceptanceTestBase does not declare any static, non-private, non-final, nested classes annotated with @Configuration.
14:51:07.220 [main] INFO org.springframework.boot.test.context.SpringBootTestContextBootstrapper -- Found @SpringBootConfiguration si.confreg.registration.RegistrationApplication for test class si.confreg.registration.acceptance.ConfirmationAcceptanceTest
14:51:07.620 [main] INFO org.testcontainers.images.PullPolicy -- Image pull policy will be performed by: DefaultPullPolicy()
14:51:07.627 [main] INFO org.testcontainers.utility.ImageNameSubstitutor -- Image name substitution will be performed by: DefaultImageNameSubstitutor (composite of 'ConfigurationFileImageNameSubstitutor' and 'PrefixingImageNameSubstitutor')
14:51:07.686 [main] INFO org.testcontainers.DockerClientFactory -- Testcontainers version: 2.0.5
14:51:09.389 [main] INFO org.testcontainers.dockerclient.DockerClientProviderStrategy -- Loaded org.testcontainers.dockerclient.NpipeSocketClientProviderStrategy from ~/.testcontainers.properties, will try it first
14:51:11.192 [main] INFO org.testcontainers.dockerclient.DockerClientProviderStrategy -- Found Docker environment with local Npipe socket (npipe:////./pipe/docker_engine)
14:51:11.198 [main] INFO org.testcontainers.DockerClientFactory -- Docker host IP address is localhost
14:51:11.287 [main] INFO org.testcontainers.DockerClientFactory -- Connected to docker: 
  Server Version: 29.8.0
  API Version: 1.56
  Operating System: Docker Desktop
  Total Memory: 7612 MB
  Labels: 
    com.docker.desktop.address=npipe://\\.\pipe\docker_cli
14:51:12.952 [main] INFO tc.testcontainers/ryuk:0.14.0 -- Creating container for image: testcontainers/ryuk:0.14.0
14:51:13.265 [main] INFO org.testcontainers.utility.RegistryAuthLocator -- Credential helper/store (docker-credential-desktop) does not have credentials for https://index.docker.io/v1/
14:51:13.781 [main] INFO tc.testcontainers/ryuk:0.14.0 -- Container testcontainers/ryuk:0.14.0 is starting: e046c75a865775e71c13def63a6b50823aea422bb48e3e2853e60d08966fde2a
14:51:14.970 [main] INFO tc.testcontainers/ryuk:0.14.0 -- Container testcontainers/ryuk:0.14.0 started in PT2.0178885S
14:51:14.993 [main] INFO org.testcontainers.utility.RyukResourceReaper -- Ryuk started - will monitor and terminate Testcontainers containers on JVM exit
14:51:14.994 [main] INFO org.testcontainers.DockerClientFactory -- Checking the system...
14:51:14.996 [main] INFO org.testcontainers.DockerClientFactory -- ?? Docker server version should be at least 1.6.0
14:51:14.998 [main] INFO tc.postgres:16.15-alpine -- Creating container for image: postgres:16.15-alpine
14:51:15.289 [main] INFO tc.postgres:16.15-alpine -- Container postgres:16.15-alpine is starting: 5ae0b59abd5628138bb81da060d7bfe82812f42b485695952574d5bfb3a86ad6
14:51:23.577 [main] INFO tc.postgres:16.15-alpine -- Container postgres:16.15-alpine started in PT8.5794629S
14:51:23.579 [main] INFO tc.postgres:16.15-alpine -- Container is started (JDBC URL: jdbc:postgresql://localhost:49299/test?loggerLevel=OFF)
14:51:23.581 [main] INFO tc.axllent/mailpit:v1.31.1 -- Creating container for image: axllent/mailpit:v1.31.1
14:51:23.897 [main] INFO tc.axllent/mailpit:v1.31.1 -- Container axllent/mailpit:v1.31.1 is starting: 8d41848df9ee6ebcca00f3b6e4835d71cbe72529b7e71e5d68f31220a04a0540
14:51:25.288 [main] INFO tc.axllent/mailpit:v1.31.1 -- Container axllent/mailpit:v1.31.1 started in PT1.7068642S

  .   ____          _            __ _ _
 /\\ / ___'_ __ _ _(_)_ __  __ _ \ \ \ \
( ( )\___ | '_ | '_| | '_ \/ _` | \ \ \ \
 \\/  ___)| |_)| | | | | || (_| |  ) ) ) )
  '  |____| .__|_| |_|_| |_\__, | / / / /
 =========|_|==============|___/=/_/_/_/

 :: Spring Boot ::                (v4.1.1)

2026-10-06T14:51:28.205+02:00  INFO 11708 --- [registration-backend] [           main] s.c.r.a.ConfirmationAcceptanceTest       : Starting ConfirmationAcceptanceTest using Java 21.0.11 with PID 11708 (started by tanej in C:\Users\tanej\Documents\LAB\tanej-confreg-C2\02_output\backend)
2026-10-06T14:51:28.210+02:00  INFO 11708 --- [registration-backend] [           main] s.c.r.a.ConfirmationAcceptanceTest       : No active profile set, falling back to 1 default profile: "default"
2026-10-06T14:51:31.956+02:00  INFO 11708 --- [registration-backend] [           main] .s.d.r.c.RepositoryConfigurationDelegate : Bootstrapping Spring Data JPA repositories in DEFAULT mode.
2026-10-06T14:51:32.251+02:00  INFO 11708 --- [registration-backend] [           main] .s.d.r.c.RepositoryConfigurationDelegate : Finished Spring Data repository scanning in 250 ms. Found 1 JPA repository interface.
2026-10-06T14:51:35.925+02:00  INFO 11708 --- [registration-backend] [           main] o.s.boot.tomcat.TomcatWebServer          : Tomcat initialized with port 0 (http)
2026-10-06T14:51:35.993+02:00  INFO 11708 --- [registration-backend] [           main] o.apache.catalina.core.StandardService   : Starting service [Tomcat]
2026-10-06T14:51:35.995+02:00  INFO 11708 --- [registration-backend] [           main] o.apache.catalina.core.StandardEngine    : Starting Servlet engine: [Apache Tomcat/11.0.26]
2026-10-06T14:51:36.275+02:00  INFO 11708 --- [registration-backend] [           main] b.w.c.s.WebApplicationContextInitializer : Root WebApplicationContext: initialization completed in 7970 ms
2026-10-06T14:51:38.427+02:00  INFO 11708 --- [registration-backend] [           main] com.zaxxer.hikari.HikariDataSource       : HikariPool-1 - Starting...
2026-10-06T14:51:39.189+02:00  INFO 11708 --- [registration-backend] [           main] com.zaxxer.hikari.pool.HikariPool        : HikariPool-1 - Added connection org.postgresql.jdbc.PgConnection@e9ce3be
2026-10-06T14:51:39.197+02:00  INFO 11708 --- [registration-backend] [           main] com.zaxxer.hikari.HikariDataSource       : HikariPool-1 - Start completed.
2026-10-06T14:51:39.317+02:00  INFO 11708 --- [registration-backend] [           main] org.flywaydb.core.FlywayExecutor         : Database: jdbc:postgresql://localhost:49299/test?loggerLevel=OFF (PostgreSQL 16.15)
2026-10-06T14:51:39.605+02:00  INFO 11708 --- [registration-backend] [           main] o.f.c.i.s.JdbcTableSchemaHistory         : Schema history table "public"."flyway_schema_history" does not exist yet
2026-10-06T14:51:39.624+02:00  INFO 11708 --- [registration-backend] [           main] o.f.core.internal.command.DbValidate     : Successfully validated 1 migration (execution time 00:00.091s)
2026-10-06T14:51:39.727+02:00  INFO 11708 --- [registration-backend] [           main] o.f.c.i.s.JdbcTableSchemaHistory         : Creating Schema History table "public"."flyway_schema_history" ...
2026-10-06T14:51:39.942+02:00  INFO 11708 --- [registration-backend] [           main] o.f.core.internal.command.DbMigrate      : Current version of schema "public": << Empty Schema >>
2026-10-06T14:51:39.989+02:00  INFO 11708 --- [registration-backend] [           main] o.f.core.internal.command.DbMigrate      : Migrating schema "public" to version "1 - create registration"
2026-10-06T14:51:40.171+02:00  INFO 11708 --- [registration-backend] [           main] o.f.core.internal.command.DbMigrate      : Successfully applied 1 migration to schema "public", now at version v1 (execution time 00:00.102s)
2026-10-06T14:51:40.714+02:00  INFO 11708 --- [registration-backend] [           main] org.hibernate.orm.jpa                    : HHH008540: Processing PersistenceUnitInfo [name: default]
2026-10-06T14:51:41.131+02:00  INFO 11708 --- [registration-backend] [           main] org.hibernate.orm.core                   : HHH000001: Hibernate ORM core version 7.4.5.Final
2026-10-06T14:51:43.708+02:00  INFO 11708 --- [registration-backend] [           main] o.s.o.j.p.SpringPersistenceUnitInfo      : No LoadTimeWeaver setup: ignoring JPA class transformer
2026-10-06T14:51:44.216+02:00  INFO 11708 --- [registration-backend] [           main] org.hibernate.orm.connections.pooling    : HHH10001005: Database info:
	Database JDBC URL [jdbc:postgresql://localhost:49299/test?loggerLevel=OFF]
	Database driver: PostgreSQL JDBC Driver
	Database dialect: PostgreSQLDialect
	Database version: 16.15
	Default catalog/schema: test/public
	Autocommit mode: undefined/unknown
	Isolation level: READ_COMMITTED [default READ_COMMITTED]
	JDBC fetch size: none
	Pool: DataSourceConnectionProvider
	Minimum pool size: undefined/unknown
	Maximum pool size: undefined/unknown
2026-10-06T14:51:49.005+02:00  INFO 11708 --- [registration-backend] [           main] org.hibernate.orm.core                   : HHH000489: No JTA platform available (set 'hibernate.transaction.jta.platform' to enable JTA platform integration)
2026-10-06T14:51:49.215+02:00  INFO 11708 --- [registration-backend] [           main] j.LocalContainerEntityManagerFactoryBean : Initialized JPA EntityManagerFactory for persistence unit 'default'
2026-10-06T14:51:49.565+02:00  INFO 11708 --- [registration-backend] [           main] o.s.d.j.r.query.QueryEnhancerFactories   : Hibernate is in classpath; If applicable, HQL parser will be used.
2026-10-06T14:51:54.858+02:00  INFO 11708 --- [registration-backend] [           main] r$InitializeUserDetailsManagerConfigurer : Global AuthenticationManager configured with UserDetailsService bean with name organizer
2026-10-06T14:51:57.742+02:00  INFO 11708 --- [registration-backend] [           main] o.s.boot.tomcat.TomcatWebServer          : Tomcat started on port 52400 (http) with context path '/'
2026-10-06T14:51:58.073+02:00  INFO 11708 --- [registration-backend] [           main] o.s.boot.tomcat.TomcatWebServer          : Tomcat initialized with port 0 (http)
2026-10-06T14:51:58.076+02:00  INFO 11708 --- [registration-backend] [           main] o.apache.catalina.core.StandardService   : Starting service [Tomcat]
2026-10-06T14:51:58.076+02:00  INFO 11708 --- [registration-backend] [           main] o.apache.catalina.core.StandardEngine    : Starting Servlet engine: [Apache Tomcat/11.0.26]
2026-10-06T14:51:58.220+02:00  INFO 11708 --- [registration-backend] [           main] b.w.c.s.WebApplicationContextInitializer : Root WebApplicationContext: initialization completed in 456 ms
2026-10-06T14:51:58.276+02:00  INFO 11708 --- [registration-backend] [           main] o.s.b.a.e.web.EndpointLinksResolver      : Exposing 1 endpoint beneath base path '/actuator'
2026-10-06T14:51:58.439+02:00  INFO 11708 --- [registration-backend] [           main] o.s.boot.tomcat.TomcatWebServer          : Tomcat started on port 52401 (http) with context path '/'
2026-10-06T14:51:58.533+02:00  INFO 11708 --- [registration-backend] [           main] s.c.r.a.ConfirmationAcceptanceTest       : Started ConfirmationAcceptanceTest in 31.877 seconds (process running for 59.247)
Mockito is currently self-attaching to enable the inline-mock-maker. This will no longer work in future releases of the JDK. Please add Mockito as an agent to your build as described in Mockito's documentation: https://javadoc.io/doc/org.mockito/mockito-core/latest/org.mockito/org/mockito/Mockito.html#0.3
WARNING: A Java agent has been loaded dynamically (C:\Users\tanej\.m2\repository\net\bytebuddy\byte-buddy-agent\1.18.11\byte-buddy-agent-1.18.11.jar)
WARNING: If a serviceability tool is in use, please run with -XX:+EnableDynamicAgentLoading to hide this warning
WARNING: If a serviceability tool is not in use, please run with -Djdk.instrument.traceUsage for more information
WARNING: Dynamic loading of agents will be disallowed by default in a future release
Java HotSpot(TM) 64-Bit Server VM warning: Sharing is only supported for boot loader classes because bootstrap classpath has been appended
2026-10-06T14:52:00.764+02:00  INFO 11708 --- [registration-backend] [o-auto-1-exec-2] o.a.c.c.C.[Tomcat].[localhost].[/]       : Initializing Spring DispatcherServlet 'dispatcherServlet'
2026-10-06T14:52:00.764+02:00  INFO 11708 --- [registration-backend] [o-auto-1-exec-2] o.s.web.servlet.DispatcherServlet        : Initializing Servlet 'dispatcherServlet'
2026-10-06T14:52:00.769+02:00  INFO 11708 --- [registration-backend] [o-auto-1-exec-2] o.s.web.servlet.DispatcherServlet        : Completed initialization in 5 ms
[INFO] Tests run: 3, Failures: 0, Errors: 0, Skipped: 0, Time elapsed: 65.39 s -- in si.confreg.registration.acceptance.ConfirmationAcceptanceTest
[INFO] Running si.confreg.registration.acceptance.FeeAcceptanceTest
2026-10-06T14:52:10.391+02:00  INFO 11708 --- [registration-backend] [           main] t.c.s.AnnotationConfigContextLoaderUtils : Could not detect default configuration classes for test class [si.confreg.registration.acceptance.FeeAcceptanceTest]: FeeAcceptanceTest does not declare any static, non-private, non-final, nested classes annotated with @Configuration.
2026-10-06T14:52:10.399+02:00  INFO 11708 --- [registration-backend] [           main] .b.t.c.SpringBootTestContextBootstrapper : Found @SpringBootConfiguration si.confreg.registration.RegistrationApplication for test class si.confreg.registration.acceptance.FeeAcceptanceTest
2026-10-06T14:52:10.403+02:00  INFO 11708 --- [registration-backend] [           main] t.c.s.AnnotationConfigContextLoaderUtils : Could not detect default configuration classes for test class [si.confreg.registration.acceptance.FeeAcceptanceTest]: FeeAcceptanceTest does not declare any static, non-private, non-final, nested classes annotated with @Configuration.
2026-10-06T14:52:10.404+02:00  INFO 11708 --- [registration-backend] [           main] t.c.s.AnnotationConfigContextLoaderUtils : Could not detect default configuration classes for test class [si.confreg.registration.acceptance.AcceptanceTestBase]: AcceptanceTestBase does not declare any static, non-private, non-final, nested classes annotated with @Configuration.
2026-10-06T14:52:10.408+02:00  INFO 11708 --- [registration-backend] [           main] .b.t.c.SpringBootTestContextBootstrapper : Found @SpringBootConfiguration si.confreg.registration.RegistrationApplication for test class si.confreg.registration.acceptance.FeeAcceptanceTest
[INFO] Tests run: 7, Failures: 0, Errors: 0, Skipped: 0, Time elapsed: 2.548 s -- in si.confreg.registration.acceptance.FeeAcceptanceTest
[INFO] Running si.confreg.registration.acceptance.OrganizerAccessAcceptanceTest
2026-10-06T14:52:12.945+02:00  INFO 11708 --- [registration-backend] [           main] t.c.s.AnnotationConfigContextLoaderUtils : Could not detect default configuration classes for test class [si.confreg.registration.acceptance.OrganizerAccessAcceptanceTest]: OrganizerAccessAcceptanceTest does not declare any static, non-private, non-final, nested classes annotated with @Configuration.
2026-10-06T14:52:12.949+02:00  INFO 11708 --- [registration-backend] [           main] .b.t.c.SpringBootTestContextBootstrapper : Found @SpringBootConfiguration si.confreg.registration.RegistrationApplication for test class si.confreg.registration.acceptance.OrganizerAccessAcceptanceTest
2026-10-06T14:52:12.954+02:00  INFO 11708 --- [registration-backend] [           main] t.c.s.AnnotationConfigContextLoaderUtils : Could not detect default configuration classes for test class [si.confreg.registration.acceptance.OrganizerAccessAcceptanceTest]: OrganizerAccessAcceptanceTest does not declare any static, non-private, non-final, nested classes annotated with @Configuration.
2026-10-06T14:52:12.954+02:00  INFO 11708 --- [registration-backend] [           main] t.c.s.AnnotationConfigContextLoaderUtils : Could not detect default configuration classes for test class [si.confreg.registration.acceptance.AcceptanceTestBase]: AcceptanceTestBase does not declare any static, non-private, non-final, nested classes annotated with @Configuration.
2026-10-06T14:52:12.958+02:00  INFO 11708 --- [registration-backend] [           main] .b.t.c.SpringBootTestContextBootstrapper : Found @SpringBootConfiguration si.confreg.registration.RegistrationApplication for test class si.confreg.registration.acceptance.OrganizerAccessAcceptanceTest
[INFO] Tests run: 5, Failures: 0, Errors: 0, Skipped: 0, Time elapsed: 1.354 s -- in si.confreg.registration.acceptance.OrganizerAccessAcceptanceTest
[INFO] Running si.confreg.registration.acceptance.PayerDataAcceptanceTest
2026-10-06T14:52:14.304+02:00  INFO 11708 --- [registration-backend] [           main] t.c.s.AnnotationConfigContextLoaderUtils : Could not detect default configuration classes for test class [si.confreg.registration.acceptance.PayerDataAcceptanceTest]: PayerDataAcceptanceTest does not declare any static, non-private, non-final, nested classes annotated with @Configuration.
2026-10-06T14:52:14.308+02:00  INFO 11708 --- [registration-backend] [           main] .b.t.c.SpringBootTestContextBootstrapper : Found @SpringBootConfiguration si.confreg.registration.RegistrationApplication for test class si.confreg.registration.acceptance.PayerDataAcceptanceTest
2026-10-06T14:52:14.312+02:00  INFO 11708 --- [registration-backend] [           main] t.c.s.AnnotationConfigContextLoaderUtils : Could not detect default configuration classes for test class [si.confreg.registration.acceptance.PayerDataAcceptanceTest]: PayerDataAcceptanceTest does not declare any static, non-private, non-final, nested classes annotated with @Configuration.
2026-10-06T14:52:14.313+02:00  INFO 11708 --- [registration-backend] [           main] t.c.s.AnnotationConfigContextLoaderUtils : Could not detect default configuration classes for test class [si.confreg.registration.acceptance.AcceptanceTestBase]: AcceptanceTestBase does not declare any static, non-private, non-final, nested classes annotated with @Configuration.
2026-10-06T14:52:14.316+02:00  INFO 11708 --- [registration-backend] [           main] .b.t.c.SpringBootTestContextBootstrapper : Found @SpringBootConfiguration si.confreg.registration.RegistrationApplication for test class si.confreg.registration.acceptance.PayerDataAcceptanceTest
[INFO] Tests run: 3, Failures: 0, Errors: 0, Skipped: 0, Time elapsed: 5.609 s -- in si.confreg.registration.acceptance.PayerDataAcceptanceTest
[INFO] Running si.confreg.registration.acceptance.RateLimitAcceptanceTest
2026-10-06T14:52:19.917+02:00  INFO 11708 --- [registration-backend] [           main] t.c.s.AnnotationConfigContextLoaderUtils : Could not detect default configuration classes for test class [si.confreg.registration.acceptance.RateLimitAcceptanceTest]: RateLimitAcceptanceTest does not declare any static, non-private, non-final, nested classes annotated with @Configuration.
2026-10-06T14:52:19.922+02:00  INFO 11708 --- [registration-backend] [           main] .b.t.c.SpringBootTestContextBootstrapper : Found @SpringBootConfiguration si.confreg.registration.RegistrationApplication for test class si.confreg.registration.acceptance.RateLimitAcceptanceTest
2026-10-06T14:52:19.924+02:00  INFO 11708 --- [registration-backend] [           main] t.c.s.AnnotationConfigContextLoaderUtils : Could not detect default configuration classes for test class [si.confreg.registration.acceptance.RateLimitAcceptanceTest]: RateLimitAcceptanceTest does not declare any static, non-private, non-final, nested classes annotated with @Configuration.
2026-10-06T14:52:19.925+02:00  INFO 11708 --- [registration-backend] [           main] t.c.s.AnnotationConfigContextLoaderUtils : Could not detect default configuration classes for test class [si.confreg.registration.acceptance.AcceptanceTestBase]: AcceptanceTestBase does not declare any static, non-private, non-final, nested classes annotated with @Configuration.
2026-10-06T14:52:19.928+02:00  INFO 11708 --- [registration-backend] [           main] .b.t.c.SpringBootTestContextBootstrapper : Found @SpringBootConfiguration si.confreg.registration.RegistrationApplication for test class si.confreg.registration.acceptance.RateLimitAcceptanceTest
2026-10-06T14:52:19.941+02:00  INFO 11708 --- [registration-backend] [           main] o.s.boot.tomcat.GracefulShutdown         : Commencing graceful shutdown. Waiting for active requests to complete
2026-10-06T14:52:19.947+02:00  INFO 11708 --- [registration-backend] [tomcat-shutdown] o.s.boot.tomcat.GracefulShutdown         : Graceful shutdown complete

  .   ____          _            __ _ _
 /\\ / ___'_ __ _ _(_)_ __  __ _ \ \ \ \
( ( )\___ | '_ | '_| | '_ \/ _` | \ \ \ \
 \\/  ___)| |_)| | | | | || (_| |  ) ) ) )
  '  |____| .__|_| |_|_| |_\__, | / / / /
 =========|_|==============|___/=/_/_/_/

 :: Spring Boot ::                (v4.1.1)

2026-10-06T14:52:20.047+02:00  INFO 11708 --- [registration-backend] [           main] s.c.r.a.RateLimitAcceptanceTest          : Starting RateLimitAcceptanceTest using Java 21.0.11 with PID 11708 (started by tanej in C:\Users\tanej\Documents\LAB\tanej-confreg-C2\02_output\backend)
2026-10-06T14:52:20.048+02:00  INFO 11708 --- [registration-backend] [           main] s.c.r.a.RateLimitAcceptanceTest          : No active profile set, falling back to 1 default profile: "default"
2026-10-06T14:52:20.759+02:00  INFO 11708 --- [registration-backend] [           main] .s.d.r.c.RepositoryConfigurationDelegate : Bootstrapping Spring Data JPA repositories in DEFAULT mode.
2026-10-06T14:52:20.813+02:00  INFO 11708 --- [registration-backend] [           main] .s.d.r.c.RepositoryConfigurationDelegate : Finished Spring Data repository scanning in 48 ms. Found 1 JPA repository interface.
2026-10-06T14:52:21.110+02:00  INFO 11708 --- [registration-backend] [           main] o.s.boot.tomcat.TomcatWebServer          : Tomcat initialized with port 0 (http)
2026-10-06T14:52:21.112+02:00  INFO 11708 --- [registration-backend] [           main] o.apache.catalina.core.StandardService   : Starting service [Tomcat]
2026-10-06T14:52:21.113+02:00  INFO 11708 --- [registration-backend] [           main] o.apache.catalina.core.StandardEngine    : Starting Servlet engine: [Apache Tomcat/11.0.26]
2026-10-06T14:52:21.210+02:00  INFO 11708 --- [registration-backend] [           main] b.w.c.s.WebApplicationContextInitializer : Root WebApplicationContext: initialization completed in 1155 ms
2026-10-06T14:52:21.538+02:00  INFO 11708 --- [registration-backend] [           main] com.zaxxer.hikari.HikariDataSource       : HikariPool-2 - Starting...
2026-10-06T14:52:21.579+02:00  INFO 11708 --- [registration-backend] [           main] com.zaxxer.hikari.pool.HikariPool        : HikariPool-2 - Added connection org.postgresql.jdbc.PgConnection@1ce13a2d
2026-10-06T14:52:21.580+02:00  INFO 11708 --- [registration-backend] [           main] com.zaxxer.hikari.HikariDataSource       : HikariPool-2 - Start completed.
2026-10-06T14:52:21.585+02:00  INFO 11708 --- [registration-backend] [           main] org.flywaydb.core.FlywayExecutor         : Database: jdbc:postgresql://localhost:49299/test?loggerLevel=OFF (PostgreSQL 16.15)
2026-10-06T14:52:21.717+02:00  INFO 11708 --- [registration-backend] [           main] o.f.core.internal.command.DbValidate     : Successfully validated 1 migration (execution time 00:00.053s)
2026-10-06T14:52:21.790+02:00  INFO 11708 --- [registration-backend] [           main] o.f.core.internal.command.DbMigrate      : Current version of schema "public": 1
2026-10-06T14:52:21.795+02:00  INFO 11708 --- [registration-backend] [           main] o.f.core.internal.command.DbMigrate      : Schema "public" is up to date. No migration necessary.
2026-10-06T14:52:21.866+02:00  INFO 11708 --- [registration-backend] [           main] org.hibernate.orm.jpa                    : HHH008540: Processing PersistenceUnitInfo [name: default]
2026-10-06T14:52:21.937+02:00  INFO 11708 --- [registration-backend] [           main] o.s.o.j.p.SpringPersistenceUnitInfo      : No LoadTimeWeaver setup: ignoring JPA class transformer
2026-10-06T14:52:21.968+02:00  INFO 11708 --- [registration-backend] [           main] org.hibernate.orm.connections.pooling    : HHH10001005: Database info:
	Database JDBC URL [jdbc:postgresql://localhost:49299/test?loggerLevel=OFF]
	Database driver: PostgreSQL JDBC Driver
	Database dialect: PostgreSQLDialect
	Database version: 16.15
	Default catalog/schema: test/public
	Autocommit mode: undefined/unknown
	Isolation level: READ_COMMITTED [default READ_COMMITTED]
	JDBC fetch size: none
	Pool: DataSourceConnectionProvider
	Minimum pool size: undefined/unknown
	Maximum pool size: undefined/unknown
2026-10-06T14:52:22.084+02:00  INFO 11708 --- [registration-backend] [           main] org.hibernate.orm.core                   : HHH000489: No JTA platform available (set 'hibernate.transaction.jta.platform' to enable JTA platform integration)
2026-10-06T14:52:22.154+02:00  INFO 11708 --- [registration-backend] [           main] j.LocalContainerEntityManagerFactoryBean : Initialized JPA EntityManagerFactory for persistence unit 'default'
2026-10-06T14:52:22.524+02:00  INFO 11708 --- [registration-backend] [           main] r$InitializeUserDetailsManagerConfigurer : Global AuthenticationManager configured with UserDetailsService bean with name organizer
2026-10-06T14:52:22.925+02:00  INFO 11708 --- [registration-backend] [           main] o.s.boot.tomcat.TomcatWebServer          : Tomcat started on port 62242 (http) with context path '/'
2026-10-06T14:52:23.049+02:00  INFO 11708 --- [registration-backend] [           main] o.s.boot.tomcat.TomcatWebServer          : Tomcat initialized with port 0 (http)
2026-10-06T14:52:23.054+02:00  INFO 11708 --- [registration-backend] [           main] o.apache.catalina.core.StandardService   : Starting service [Tomcat]
2026-10-06T14:52:23.055+02:00  INFO 11708 --- [registration-backend] [           main] o.apache.catalina.core.StandardEngine    : Starting Servlet engine: [Apache Tomcat/11.0.26]
2026-10-06T14:52:23.155+02:00  INFO 11708 --- [registration-backend] [           main] b.w.c.s.WebApplicationContextInitializer : Root WebApplicationContext: initialization completed in 227 ms
2026-10-06T14:52:23.175+02:00  INFO 11708 --- [registration-backend] [           main] o.s.b.a.e.web.EndpointLinksResolver      : Exposing 1 endpoint beneath base path '/actuator'
2026-10-06T14:52:23.252+02:00  INFO 11708 --- [registration-backend] [           main] o.s.boot.tomcat.TomcatWebServer          : Tomcat started on port 62243 (http) with context path '/'
2026-10-06T14:52:23.265+02:00  INFO 11708 --- [registration-backend] [           main] s.c.r.a.RateLimitAcceptanceTest          : Started RateLimitAcceptanceTest in 3.308 seconds (process running for 83.981)
2026-10-06T14:52:23.291+02:00  INFO 11708 --- [registration-backend] [o-auto-3-exec-1] o.a.c.c.C.[Tomcat-1].[localhost].[/]     : Initializing Spring DispatcherServlet 'dispatcherServlet'
2026-10-06T14:52:23.291+02:00  INFO 11708 --- [registration-backend] [o-auto-3-exec-1] o.s.web.servlet.DispatcherServlet        : Initializing Servlet 'dispatcherServlet'
2026-10-06T14:52:23.294+02:00  INFO 11708 --- [registration-backend] [o-auto-3-exec-1] o.s.web.servlet.DispatcherServlet        : Completed initialization in 3 ms
[INFO] Tests run: 1, Failures: 0, Errors: 0, Skipped: 0, Time elapsed: 6.873 s -- in si.confreg.registration.acceptance.RateLimitAcceptanceTest
[INFO] Running si.confreg.registration.acceptance.RepeatedRegistrationAcceptanceTest
2026-10-06T14:52:26.793+02:00  INFO 11708 --- [registration-backend] [           main] t.c.s.AnnotationConfigContextLoaderUtils : Could not detect default configuration classes for test class [si.confreg.registration.acceptance.RepeatedRegistrationAcceptanceTest]: RepeatedRegistrationAcceptanceTest does not declare any static, non-private, non-final, nested classes annotated with @Configuration.
2026-10-06T14:52:26.797+02:00  INFO 11708 --- [registration-backend] [           main] .b.t.c.SpringBootTestContextBootstrapper : Found @SpringBootConfiguration si.confreg.registration.RegistrationApplication for test class si.confreg.registration.acceptance.RepeatedRegistrationAcceptanceTest
2026-10-06T14:52:26.801+02:00  INFO 11708 --- [registration-backend] [           main] t.c.s.AnnotationConfigContextLoaderUtils : Could not detect default configuration classes for test class [si.confreg.registration.acceptance.RepeatedRegistrationAcceptanceTest]: RepeatedRegistrationAcceptanceTest does not declare any static, non-private, non-final, nested classes annotated with @Configuration.
2026-10-06T14:52:26.802+02:00  INFO 11708 --- [registration-backend] [           main] t.c.s.AnnotationConfigContextLoaderUtils : Could not detect default configuration classes for test class [si.confreg.registration.acceptance.AcceptanceTestBase]: AcceptanceTestBase does not declare any static, non-private, non-final, nested classes annotated with @Configuration.
2026-10-06T14:52:26.805+02:00  INFO 11708 --- [registration-backend] [           main] .b.t.c.SpringBootTestContextBootstrapper : Found @SpringBootConfiguration si.confreg.registration.RegistrationApplication for test class si.confreg.registration.acceptance.RepeatedRegistrationAcceptanceTest
2026-10-06T14:52:26.810+02:00  INFO 11708 --- [registration-backend] [           main] o.s.boot.tomcat.GracefulShutdown         : Commencing graceful shutdown. Waiting for active requests to complete
2026-10-06T14:52:26.821+02:00  INFO 11708 --- [registration-backend] [tomcat-shutdown] o.s.boot.tomcat.GracefulShutdown         : Graceful shutdown complete
2026-10-06T14:52:26.878+02:00  INFO 11708 --- [registration-backend] [           main] o.s.boot.tomcat.TomcatWebServer          : Tomcat started on port 62350 (http) with context path '/'
[INFO] Tests run: 2, Failures: 0, Errors: 0, Skipped: 0, Time elapsed: 3.525 s -- in si.confreg.registration.acceptance.RepeatedRegistrationAcceptanceTest
[INFO] Running si.confreg.registration.acceptance.ValidationAcceptanceTest
2026-10-06T14:52:30.320+02:00  INFO 11708 --- [registration-backend] [           main] t.c.s.AnnotationConfigContextLoaderUtils : Could not detect default configuration classes for test class [si.confreg.registration.acceptance.ValidationAcceptanceTest]: ValidationAcceptanceTest does not declare any static, non-private, non-final, nested classes annotated with @Configuration.
2026-10-06T14:52:30.326+02:00  INFO 11708 --- [registration-backend] [           main] .b.t.c.SpringBootTestContextBootstrapper : Found @SpringBootConfiguration si.confreg.registration.RegistrationApplication for test class si.confreg.registration.acceptance.ValidationAcceptanceTest
2026-10-06T14:52:30.328+02:00  INFO 11708 --- [registration-backend] [           main] t.c.s.AnnotationConfigContextLoaderUtils : Could not detect default configuration classes for test class [si.confreg.registration.acceptance.ValidationAcceptanceTest]: ValidationAcceptanceTest does not declare any static, non-private, non-final, nested classes annotated with @Configuration.
2026-10-06T14:52:30.330+02:00  INFO 11708 --- [registration-backend] [           main] t.c.s.AnnotationConfigContextLoaderUtils : Could not detect default configuration classes for test class [si.confreg.registration.acceptance.AcceptanceTestBase]: AcceptanceTestBase does not declare any static, non-private, non-final, nested classes annotated with @Configuration.
2026-10-06T14:52:30.333+02:00  INFO 11708 --- [registration-backend] [           main] .b.t.c.SpringBootTestContextBootstrapper : Found @SpringBootConfiguration si.confreg.registration.RegistrationApplication for test class si.confreg.registration.acceptance.ValidationAcceptanceTest
[INFO] Tests run: 13, Failures: 0, Errors: 0, Skipped: 0, Time elapsed: 34.38 s -- in si.confreg.registration.acceptance.ValidationAcceptanceTest
[INFO] Running si.confreg.registration.acceptance.WorkshopAcceptanceTest
2026-10-06T14:53:04.698+02:00  INFO 11708 --- [registration-backend] [           main] t.c.s.AnnotationConfigContextLoaderUtils : Could not detect default configuration classes for test class [si.confreg.registration.acceptance.WorkshopAcceptanceTest]: WorkshopAcceptanceTest does not declare any static, non-private, non-final, nested classes annotated with @Configuration.
2026-10-06T14:53:04.701+02:00  INFO 11708 --- [registration-backend] [           main] .b.t.c.SpringBootTestContextBootstrapper : Found @SpringBootConfiguration si.confreg.registration.RegistrationApplication for test class si.confreg.registration.acceptance.WorkshopAcceptanceTest
2026-10-06T14:53:04.705+02:00  INFO 11708 --- [registration-backend] [           main] t.c.s.AnnotationConfigContextLoaderUtils : Could not detect default configuration classes for test class [si.confreg.registration.acceptance.WorkshopAcceptanceTest]: WorkshopAcceptanceTest does not declare any static, non-private, non-final, nested classes annotated with @Configuration.
2026-10-06T14:53:04.707+02:00  INFO 11708 --- [registration-backend] [           main] t.c.s.AnnotationConfigContextLoaderUtils : Could not detect default configuration classes for test class [si.confreg.registration.acceptance.AcceptanceTestBase]: AcceptanceTestBase does not declare any static, non-private, non-final, nested classes annotated with @Configuration.
2026-10-06T14:53:04.709+02:00  INFO 11708 --- [registration-backend] [           main] .b.t.c.SpringBootTestContextBootstrapper : Found @SpringBootConfiguration si.confreg.registration.RegistrationApplication for test class si.confreg.registration.acceptance.WorkshopAcceptanceTest
[INFO] Tests run: 4, Failures: 0, Errors: 0, Skipped: 0, Time elapsed: 3.997 s -- in si.confreg.registration.acceptance.WorkshopAcceptanceTest
[INFO] Running si.confreg.registration.integration.FailedLoginRateLimitIntegrationTest
2026-10-06T14:53:08.697+02:00  INFO 11708 --- [registration-backend] [           main] t.c.s.AnnotationConfigContextLoaderUtils : Could not detect default configuration classes for test class [si.confreg.registration.integration.FailedLoginRateLimitIntegrationTest]: FailedLoginRateLimitIntegrationTest does not declare any static, non-private, non-final, nested classes annotated with @Configuration.
2026-10-06T14:53:08.726+02:00  INFO 11708 --- [registration-backend] [           main] .b.t.c.SpringBootTestContextBootstrapper : Found @SpringBootConfiguration si.confreg.registration.RegistrationApplication for test class si.confreg.registration.integration.FailedLoginRateLimitIntegrationTest
2026-10-06T14:53:08.731+02:00  INFO 11708 --- [registration-backend] [           main] t.c.s.AnnotationConfigContextLoaderUtils : Could not detect default configuration classes for test class [si.confreg.registration.integration.FailedLoginRateLimitIntegrationTest]: FailedLoginRateLimitIntegrationTest does not declare any static, non-private, non-final, nested classes annotated with @Configuration.
2026-10-06T14:53:08.732+02:00  INFO 11708 --- [registration-backend] [           main] t.c.s.AnnotationConfigContextLoaderUtils : Could not detect default configuration classes for test class [si.confreg.registration.integration.IntegrationTestBase]: IntegrationTestBase does not declare any static, non-private, non-final, nested classes annotated with @Configuration.
2026-10-06T14:53:08.734+02:00  INFO 11708 --- [registration-backend] [           main] .b.t.c.SpringBootTestContextBootstrapper : Found @SpringBootConfiguration si.confreg.registration.RegistrationApplication for test class si.confreg.registration.integration.FailedLoginRateLimitIntegrationTest
2026-10-06T14:53:08.741+02:00  INFO 11708 --- [registration-backend] [           main] tc.postgres:16.15-alpine                 : Creating container for image: postgres:16.15-alpine
2026-10-06T14:53:09.099+02:00  INFO 11708 --- [registration-backend] [           main] tc.postgres:16.15-alpine                 : Container postgres:16.15-alpine is starting: f1056f96d1d00dd25aedf8b14086d2e29785713c2bb58a99741b4910e01538fd
2026-10-06T14:53:16.570+02:00  INFO 11708 --- [registration-backend] [           main] tc.postgres:16.15-alpine                 : Container postgres:16.15-alpine started in PT7.8292286S
2026-10-06T14:53:16.570+02:00  INFO 11708 --- [registration-backend] [           main] tc.postgres:16.15-alpine                 : Container is started (JDBC URL: jdbc:postgresql://localhost:64521/test?loggerLevel=OFF)
2026-10-06T14:53:16.571+02:00  INFO 11708 --- [registration-backend] [           main] tc.axllent/mailpit:v1.31.1               : Creating container for image: axllent/mailpit:v1.31.1
2026-10-06T14:53:17.000+02:00  INFO 11708 --- [registration-backend] [           main] tc.axllent/mailpit:v1.31.1               : Container axllent/mailpit:v1.31.1 is starting: aff7c191e3f2dc523686114211b5e04cd8c322f0599db4eca09c75af1088c196
2026-10-06T14:53:18.392+02:00  INFO 11708 --- [registration-backend] [           main] tc.axllent/mailpit:v1.31.1               : Container axllent/mailpit:v1.31.1 started in PT1.8214978S
2026-10-06T14:53:18.400+02:00  INFO 11708 --- [registration-backend] [           main] o.s.boot.tomcat.GracefulShutdown         : Commencing graceful shutdown. Waiting for active requests to complete
2026-10-06T14:53:18.405+02:00  INFO 11708 --- [registration-backend] [tomcat-shutdown] o.s.boot.tomcat.GracefulShutdown         : Graceful shutdown aborted with one or more requests still active

  .   ____          _            __ _ _
 /\\ / ___'_ __ _ _(_)_ __  __ _ \ \ \ \
( ( )\___ | '_ | '_| | '_ \/ _` | \ \ \ \
 \\/  ___)| |_)| | | | | || (_| |  ) ) ) )
  '  |____| .__|_| |_|_| |_\__, | / / / /
 =========|_|==============|___/=/_/_/_/

 :: Spring Boot ::                (v4.1.1)

2026-10-06T14:53:18.499+02:00  INFO 11708 --- [registration-backend] [           main] .r.i.FailedLoginRateLimitIntegrationTest : Starting FailedLoginRateLimitIntegrationTest using Java 21.0.11 with PID 11708 (started by tanej in C:\Users\tanej\Documents\LAB\tanej-confreg-C2\02_output\backend)
2026-10-06T14:53:18.500+02:00  INFO 11708 --- [registration-backend] [           main] .r.i.FailedLoginRateLimitIntegrationTest : No active profile set, falling back to 1 default profile: "default"
2026-10-06T14:53:19.383+02:00  INFO 11708 --- [registration-backend] [           main] .s.d.r.c.RepositoryConfigurationDelegate : Bootstrapping Spring Data JPA repositories in DEFAULT mode.
2026-10-06T14:53:19.445+02:00  INFO 11708 --- [registration-backend] [           main] .s.d.r.c.RepositoryConfigurationDelegate : Finished Spring Data repository scanning in 57 ms. Found 1 JPA repository interface.
2026-10-06T14:53:19.783+02:00  INFO 11708 --- [registration-backend] [           main] o.s.boot.tomcat.TomcatWebServer          : Tomcat initialized with port 0 (http)
2026-10-06T14:53:19.786+02:00  INFO 11708 --- [registration-backend] [           main] o.apache.catalina.core.StandardService   : Starting service [Tomcat]
2026-10-06T14:53:19.787+02:00  INFO 11708 --- [registration-backend] [           main] o.apache.catalina.core.StandardEngine    : Starting Servlet engine: [Apache Tomcat/11.0.26]
2026-10-06T14:53:19.909+02:00  INFO 11708 --- [registration-backend] [           main] b.w.c.s.WebApplicationContextInitializer : Root WebApplicationContext: initialization completed in 1403 ms
2026-10-06T14:53:20.183+02:00  INFO 11708 --- [registration-backend] [           main] com.zaxxer.hikari.HikariDataSource       : HikariPool-3 - Starting...
2026-10-06T14:53:20.278+02:00  INFO 11708 --- [registration-backend] [           main] com.zaxxer.hikari.pool.HikariPool        : HikariPool-3 - Added connection org.postgresql.jdbc.PgConnection@6fe39e5
2026-10-06T14:53:20.279+02:00  INFO 11708 --- [registration-backend] [           main] com.zaxxer.hikari.HikariDataSource       : HikariPool-3 - Start completed.
2026-10-06T14:53:20.286+02:00  INFO 11708 --- [registration-backend] [           main] org.flywaydb.core.FlywayExecutor         : Database: jdbc:postgresql://localhost:64521/test?loggerLevel=OFF (PostgreSQL 16.15)
2026-10-06T14:53:20.377+02:00  INFO 11708 --- [registration-backend] [           main] o.f.c.i.s.JdbcTableSchemaHistory         : Schema history table "public"."flyway_schema_history" does not exist yet
2026-10-06T14:53:20.381+02:00  INFO 11708 --- [registration-backend] [           main] o.f.core.internal.command.DbValidate     : Successfully validated 1 migration (execution time 00:00.022s)
2026-10-06T14:53:20.438+02:00  INFO 11708 --- [registration-backend] [           main] o.f.c.i.s.JdbcTableSchemaHistory         : Creating Schema History table "public"."flyway_schema_history" ...
2026-10-06T14:53:20.544+02:00  INFO 11708 --- [registration-backend] [           main] o.f.core.internal.command.DbMigrate      : Current version of schema "public": << Empty Schema >>
2026-10-06T14:53:20.563+02:00  INFO 11708 --- [registration-backend] [           main] o.f.core.internal.command.DbMigrate      : Migrating schema "public" to version "1 - create registration"
2026-10-06T14:53:20.669+02:00  INFO 11708 --- [registration-backend] [           main] o.f.core.internal.command.DbMigrate      : Successfully applied 1 migration to schema "public", now at version v1 (execution time 00:00.070s)
2026-10-06T14:53:20.736+02:00  INFO 11708 --- [registration-backend] [           main] org.hibernate.orm.jpa                    : HHH008540: Processing PersistenceUnitInfo [name: default]
2026-10-06T14:53:20.824+02:00  INFO 11708 --- [registration-backend] [           main] o.s.o.j.p.SpringPersistenceUnitInfo      : No LoadTimeWeaver setup: ignoring JPA class transformer
2026-10-06T14:53:20.902+02:00  INFO 11708 --- [registration-backend] [           main] org.hibernate.orm.connections.pooling    : HHH10001005: Database info:
	Database JDBC URL [jdbc:postgresql://localhost:64521/test?loggerLevel=OFF]
	Database driver: PostgreSQL JDBC Driver
	Database dialect: PostgreSQLDialect
	Database version: 16.15
	Default catalog/schema: test/public
	Autocommit mode: undefined/unknown
	Isolation level: READ_COMMITTED [default READ_COMMITTED]
	JDBC fetch size: none
	Pool: DataSourceConnectionProvider
	Minimum pool size: undefined/unknown
	Maximum pool size: undefined/unknown
2026-10-06T14:53:21.038+02:00  INFO 11708 --- [registration-backend] [           main] org.hibernate.orm.core                   : HHH000489: No JTA platform available (set 'hibernate.transaction.jta.platform' to enable JTA platform integration)
2026-10-06T14:53:21.123+02:00  INFO 11708 --- [registration-backend] [           main] j.LocalContainerEntityManagerFactoryBean : Initialized JPA EntityManagerFactory for persistence unit 'default'
2026-10-06T14:53:21.602+02:00  INFO 11708 --- [registration-backend] [           main] r$InitializeUserDetailsManagerConfigurer : Global AuthenticationManager configured with UserDetailsService bean with name organizer
2026-10-06T14:53:22.224+02:00  INFO 11708 --- [registration-backend] [           main] o.s.boot.tomcat.TomcatWebServer          : Tomcat started on port 64538 (http) with context path '/'
2026-10-06T14:53:22.353+02:00  INFO 11708 --- [registration-backend] [           main] o.s.boot.tomcat.TomcatWebServer          : Tomcat initialized with port 0 (http)
2026-10-06T14:53:22.356+02:00  INFO 11708 --- [registration-backend] [           main] o.apache.catalina.core.StandardService   : Starting service [Tomcat]
2026-10-06T14:53:22.356+02:00  INFO 11708 --- [registration-backend] [           main] o.apache.catalina.core.StandardEngine    : Starting Servlet engine: [Apache Tomcat/11.0.26]
2026-10-06T14:53:22.459+02:00  INFO 11708 --- [registration-backend] [           main] b.w.c.s.WebApplicationContextInitializer : Root WebApplicationContext: initialization completed in 231 ms
2026-10-06T14:53:22.481+02:00  INFO 11708 --- [registration-backend] [           main] o.s.b.a.e.web.EndpointLinksResolver      : Exposing 1 endpoint beneath base path '/actuator'
2026-10-06T14:53:22.550+02:00  INFO 11708 --- [registration-backend] [           main] o.s.boot.tomcat.TomcatWebServer          : Tomcat started on port 64539 (http) with context path '/'
2026-10-06T14:53:22.562+02:00  INFO 11708 --- [registration-backend] [           main] .r.i.FailedLoginRateLimitIntegrationTest : Started FailedLoginRateLimitIntegrationTest in 4.151 seconds (process running for 143.279)
2026-10-06T14:53:22.583+02:00  INFO 11708 --- [registration-backend] [o-auto-5-exec-1] o.a.c.c.C.[Tomcat-1].[localhost].[/]     : Initializing Spring DispatcherServlet 'dispatcherServlet'
2026-10-06T14:53:22.583+02:00  INFO 11708 --- [registration-backend] [o-auto-5-exec-1] o.s.web.servlet.DispatcherServlet        : Initializing Servlet 'dispatcherServlet'
2026-10-06T14:53:22.587+02:00  INFO 11708 --- [registration-backend] [o-auto-5-exec-1] o.s.web.servlet.DispatcherServlet        : Completed initialization in 4 ms
[INFO] Tests run: 1, Failures: 0, Errors: 0, Skipped: 0, Time elapsed: 14.52 s -- in si.confreg.registration.integration.FailedLoginRateLimitIntegrationTest
[INFO] Running si.confreg.registration.integration.RegistrationIntegrationTest
2026-10-06T14:53:23.223+02:00  INFO 11708 --- [registration-backend] [           main] t.c.s.AnnotationConfigContextLoaderUtils : Could not detect default configuration classes for test class [si.confreg.registration.integration.RegistrationIntegrationTest]: RegistrationIntegrationTest does not declare any static, non-private, non-final, nested classes annotated with @Configuration.
2026-10-06T14:53:23.226+02:00  INFO 11708 --- [registration-backend] [           main] .b.t.c.SpringBootTestContextBootstrapper : Found @SpringBootConfiguration si.confreg.registration.RegistrationApplication for test class si.confreg.registration.integration.RegistrationIntegrationTest
2026-10-06T14:53:23.230+02:00  INFO 11708 --- [registration-backend] [           main] t.c.s.AnnotationConfigContextLoaderUtils : Could not detect default configuration classes for test class [si.confreg.registration.integration.RegistrationIntegrationTest]: RegistrationIntegrationTest does not declare any static, non-private, non-final, nested classes annotated with @Configuration.
2026-10-06T14:53:23.230+02:00  INFO 11708 --- [registration-backend] [           main] t.c.s.AnnotationConfigContextLoaderUtils : Could not detect default configuration classes for test class [si.confreg.registration.integration.IntegrationTestBase]: IntegrationTestBase does not declare any static, non-private, non-final, nested classes annotated with @Configuration.
2026-10-06T14:53:23.233+02:00  INFO 11708 --- [registration-backend] [           main] .b.t.c.SpringBootTestContextBootstrapper : Found @SpringBootConfiguration si.confreg.registration.RegistrationApplication for test class si.confreg.registration.integration.RegistrationIntegrationTest
2026-10-06T14:53:23.251+02:00  INFO 11708 --- [registration-backend] [           main] o.s.boot.tomcat.GracefulShutdown         : Commencing graceful shutdown. Waiting for active requests to complete
2026-10-06T14:53:23.258+02:00  INFO 11708 --- [registration-backend] [tomcat-shutdown] o.s.boot.tomcat.GracefulShutdown         : Graceful shutdown complete

  .   ____          _            __ _ _
 /\\ / ___'_ __ _ _(_)_ __  __ _ \ \ \ \
( ( )\___ | '_ | '_| | '_ \/ _` | \ \ \ \
 \\/  ___)| |_)| | | | | || (_| |  ) ) ) )
  '  |____| .__|_| |_|_| |_\__, | / / / /
 =========|_|==============|___/=/_/_/_/

 :: Spring Boot ::                (v4.1.1)

2026-10-06T14:53:23.354+02:00  INFO 11708 --- [registration-backend] [           main] s.c.r.i.RegistrationIntegrationTest      : Starting RegistrationIntegrationTest using Java 21.0.11 with PID 11708 (started by tanej in C:\Users\tanej\Documents\LAB\tanej-confreg-C2\02_output\backend)
2026-10-06T14:53:23.354+02:00  INFO 11708 --- [registration-backend] [           main] s.c.r.i.RegistrationIntegrationTest      : No active profile set, falling back to 1 default profile: "default"
2026-10-06T14:53:24.072+02:00  INFO 11708 --- [registration-backend] [           main] .s.d.r.c.RepositoryConfigurationDelegate : Bootstrapping Spring Data JPA repositories in DEFAULT mode.
2026-10-06T14:53:24.126+02:00  INFO 11708 --- [registration-backend] [           main] .s.d.r.c.RepositoryConfigurationDelegate : Finished Spring Data repository scanning in 46 ms. Found 1 JPA repository interface.
2026-10-06T14:53:24.482+02:00  INFO 11708 --- [registration-backend] [           main] o.s.boot.tomcat.TomcatWebServer          : Tomcat initialized with port 0 (http)
2026-10-06T14:53:24.485+02:00  INFO 11708 --- [registration-backend] [           main] o.apache.catalina.core.StandardService   : Starting service [Tomcat]
2026-10-06T14:53:24.485+02:00  INFO 11708 --- [registration-backend] [           main] o.apache.catalina.core.StandardEngine    : Starting Servlet engine: [Apache Tomcat/11.0.26]
2026-10-06T14:53:24.578+02:00  INFO 11708 --- [registration-backend] [           main] b.w.c.s.WebApplicationContextInitializer : Root WebApplicationContext: initialization completed in 1218 ms
2026-10-06T14:53:24.844+02:00  INFO 11708 --- [registration-backend] [           main] com.zaxxer.hikari.HikariDataSource       : HikariPool-4 - Starting...
2026-10-06T14:53:24.889+02:00  INFO 11708 --- [registration-backend] [           main] com.zaxxer.hikari.pool.HikariPool        : HikariPool-4 - Added connection org.postgresql.jdbc.PgConnection@17d9779a
2026-10-06T14:53:24.890+02:00  INFO 11708 --- [registration-backend] [           main] com.zaxxer.hikari.HikariDataSource       : HikariPool-4 - Start completed.
2026-10-06T14:53:24.895+02:00  INFO 11708 --- [registration-backend] [           main] org.flywaydb.core.FlywayExecutor         : Database: jdbc:postgresql://localhost:64521/test?loggerLevel=OFF (PostgreSQL 16.15)
2026-10-06T14:53:24.985+02:00  INFO 11708 --- [registration-backend] [           main] o.f.core.internal.command.DbValidate     : Successfully validated 1 migration (execution time 00:00.031s)
2026-10-06T14:53:25.080+02:00  INFO 11708 --- [registration-backend] [           main] o.f.core.internal.command.DbMigrate      : Current version of schema "public": 1
2026-10-06T14:53:25.083+02:00  INFO 11708 --- [registration-backend] [           main] o.f.core.internal.command.DbMigrate      : Schema "public" is up to date. No migration necessary.
2026-10-06T14:53:25.150+02:00  INFO 11708 --- [registration-backend] [           main] org.hibernate.orm.jpa                    : HHH008540: Processing PersistenceUnitInfo [name: default]
2026-10-06T14:53:25.219+02:00  INFO 11708 --- [registration-backend] [           main] o.s.o.j.p.SpringPersistenceUnitInfo      : No LoadTimeWeaver setup: ignoring JPA class transformer
2026-10-06T14:53:25.245+02:00  INFO 11708 --- [registration-backend] [           main] org.hibernate.orm.connections.pooling    : HHH10001005: Database info:
	Database JDBC URL [jdbc:postgresql://localhost:64521/test?loggerLevel=OFF]
	Database driver: PostgreSQL JDBC Driver
	Database dialect: PostgreSQLDialect
	Database version: 16.15
	Default catalog/schema: test/public
	Autocommit mode: undefined/unknown
	Isolation level: READ_COMMITTED [default READ_COMMITTED]
	JDBC fetch size: none
	Pool: DataSourceConnectionProvider
	Minimum pool size: undefined/unknown
	Maximum pool size: undefined/unknown
2026-10-06T14:53:25.363+02:00  INFO 11708 --- [registration-backend] [           main] org.hibernate.orm.core                   : HHH000489: No JTA platform available (set 'hibernate.transaction.jta.platform' to enable JTA platform integration)
2026-10-06T14:53:25.429+02:00  INFO 11708 --- [registration-backend] [           main] j.LocalContainerEntityManagerFactoryBean : Initialized JPA EntityManagerFactory for persistence unit 'default'
2026-10-06T14:53:25.812+02:00  INFO 11708 --- [registration-backend] [           main] r$InitializeUserDetailsManagerConfigurer : Global AuthenticationManager configured with UserDetailsService bean with name organizer
2026-10-06T14:53:26.227+02:00  INFO 11708 --- [registration-backend] [           main] o.s.boot.tomcat.TomcatWebServer          : Tomcat started on port 64552 (http) with context path '/'
2026-10-06T14:53:26.336+02:00  INFO 11708 --- [registration-backend] [           main] o.s.boot.tomcat.TomcatWebServer          : Tomcat initialized with port 0 (http)
2026-10-06T14:53:26.338+02:00  INFO 11708 --- [registration-backend] [           main] o.apache.catalina.core.StandardService   : Starting service [Tomcat]
2026-10-06T14:53:26.339+02:00  INFO 11708 --- [registration-backend] [           main] o.apache.catalina.core.StandardEngine    : Starting Servlet engine: [Apache Tomcat/11.0.26]
2026-10-06T14:53:26.509+02:00  INFO 11708 --- [registration-backend] [           main] b.w.c.s.WebApplicationContextInitializer : Root WebApplicationContext: initialization completed in 278 ms
2026-10-06T14:53:26.533+02:00  INFO 11708 --- [registration-backend] [           main] o.s.b.a.e.web.EndpointLinksResolver      : Exposing 1 endpoint beneath base path '/actuator'
2026-10-06T14:53:26.631+02:00  INFO 11708 --- [registration-backend] [           main] o.s.boot.tomcat.TomcatWebServer          : Tomcat started on port 53021 (http) with context path '/'
2026-10-06T14:53:26.644+02:00  INFO 11708 --- [registration-backend] [           main] s.c.r.i.RegistrationIntegrationTest      : Started RegistrationIntegrationTest in 3.381 seconds (process running for 147.362)
2026-10-06T14:53:26.697+02:00  INFO 11708 --- [registration-backend] [o-auto-7-exec-1] o.a.c.c.C.[Tomcat-2].[localhost].[/]     : Initializing Spring DispatcherServlet 'dispatcherServlet'
2026-10-06T14:53:26.699+02:00  INFO 11708 --- [registration-backend] [o-auto-7-exec-1] o.s.web.servlet.DispatcherServlet        : Initializing Servlet 'dispatcherServlet'
2026-10-06T14:53:26.703+02:00  INFO 11708 --- [registration-backend] [o-auto-7-exec-1] o.s.web.servlet.DispatcherServlet        : Completed initialization in 4 ms
2026-10-06T14:53:27.494+02:00  INFO 11708 --- [registration-backend] [1-auto-8-exec-2] o.a.c.c.C.[Tomcat-3].[localhost].[/]     : Initializing Spring DispatcherServlet 'dispatcherServletRegistration'
2026-10-06T14:53:27.495+02:00  INFO 11708 --- [registration-backend] [1-auto-8-exec-2] o.s.web.servlet.DispatcherServlet        : Initializing Servlet 'dispatcherServletRegistration'
2026-10-06T14:53:27.496+02:00  INFO 11708 --- [registration-backend] [1-auto-8-exec-2] o.s.web.servlet.DispatcherServlet        : Completed initialization in 1 ms
[INFO] Tests run: 10, Failures: 0, Errors: 0, Skipped: 0, Time elapsed: 4.862 s -- in si.confreg.registration.integration.RegistrationIntegrationTest
[INFO] 
[INFO] Results:
[INFO] 
[INFO] Tests run: 49, Failures: 0, Errors: 0, Skipped: 0
[INFO] 
[INFO] 
[INFO] --- jar:3.5.1:jar (default-jar) @ registration-backend ---
[INFO] 
[INFO] --- spring-boot:4.1.1:repackage (repackage) @ registration-backend ---
[INFO] Replacing main artifact C:\Users\tanej\Documents\LAB\tanej-confreg-C2\02_output\backend\target\registration-backend-0.1.0.jar with repackaged archive, adding nested dependencies in BOOT-INF/.
[INFO] The original artifact has been renamed to C:\Users\tanej\Documents\LAB\tanej-confreg-C2\02_output\backend\target\registration-backend-0.1.0.jar.original
[INFO] 
[INFO] --- jacoco:0.8.12:report (report) @ registration-backend ---
[INFO] Loading execution data file C:\Users\tanej\Documents\LAB\tanej-confreg-C2\02_output\backend\target\jacoco.exec
[INFO] Analyzed bundle 'registration-backend' with 36 classes
[INFO] ------------------------------------------------------------------------
[INFO] BUILD SUCCESS
[INFO] ------------------------------------------------------------------------
[INFO] Total time:  02:41 min
[INFO] Finished at: 2026-10-06T14:53:34+02:00
[INFO] ------------------------------------------------------------------------
