[INFO] Scanning for projects...
[INFO] 
[INFO] ------------------< si.confreg:registration-backend >-------------------
[INFO] Building registration-backend 0.1.0-SNAPSHOT
[INFO]   from pom.xml
[INFO] --------------------------------[ jar ]---------------------------------
[INFO] 
[INFO] --- jacoco:0.8.12:prepare-agent (prepare-agent) @ registration-backend ---
[INFO] argLine set to -javaagent:C:\\Users\\tanej\\.m2\\repository\\org\\jacoco\\org.jacoco.agent\\0.8.12\\org.jacoco.agent-0.8.12-runtime.jar=destfile=C:\\Users\\tanej\\Documents\\LAB\\tanej-confreg-C0\\02_output\\backend\\target\\jacoco.exec
[INFO] 
[INFO] --- resources:3.5.0:resources (default-resources) @ registration-backend ---
[INFO] Copying 2 resources from src\main\resources to target\classes
[INFO] Copying 1 resource from src\main\resources to target\classes
[INFO] 
[INFO] --- compiler:3.15.0:compile (default-compile) @ registration-backend ---
[INFO] Nothing to compile - all classes are up to date.
[INFO] 
[INFO] --- resources:3.5.0:testResources (default-testResources) @ registration-backend ---
[INFO] skip non existing resourceDirectory C:\Users\tanej\Documents\LAB\tanej-confreg-C0\02_output\backend\src\test\resources
[INFO] 
[INFO] --- compiler:3.15.0:testCompile (default-testCompile) @ registration-backend ---
[INFO] Recompiling the module because of changed source code.
[INFO] Compiling 26 source files with javac [debug parameters release 21] to target\test-classes
[INFO] 
[INFO] --- surefire:3.5.6:test (default-test) @ registration-backend ---
[INFO] Using auto detected provider org.apache.maven.surefire.junitplatform.JUnitPlatformProvider
[INFO] 
[INFO] -------------------------------------------------------
[INFO]  T E S T S
[INFO] -------------------------------------------------------
[INFO] Running si.confreg.registration.acceptance.ConfirmationEmailAcceptanceTest
18:14:06.317 [main] INFO org.testcontainers.images.PullPolicy -- Image pull policy will be performed by: DefaultPullPolicy()
18:14:06.326 [main] INFO org.testcontainers.utility.ImageNameSubstitutor -- Image name substitution will be performed by: DefaultImageNameSubstitutor (composite of 'ConfigurationFileImageNameSubstitutor' and 'PrefixingImageNameSubstitutor')
18:14:06.392 [main] INFO org.testcontainers.DockerClientFactory -- Testcontainers version: 2.0.5
18:14:07.107 [main] INFO org.testcontainers.dockerclient.DockerClientProviderStrategy -- Loaded org.testcontainers.dockerclient.NpipeSocketClientProviderStrategy from ~/.testcontainers.properties, will try it first
18:14:07.837 [main] INFO org.testcontainers.dockerclient.DockerClientProviderStrategy -- Found Docker environment with local Npipe socket (npipe:////./pipe/docker_engine)
18:14:07.838 [main] INFO org.testcontainers.DockerClientFactory -- Docker host IP address is localhost
18:14:07.873 [main] INFO org.testcontainers.DockerClientFactory -- Connected to docker: 
  Server Version: 29.8.0
  API Version: 1.56
  Operating System: Docker Desktop
  Total Memory: 7612 MB
  Labels: 
    com.docker.desktop.address=npipe://\\.\pipe\docker_cli
18:14:08.325 [main] INFO tc.testcontainers/ryuk:0.14.0 -- Creating container for image: testcontainers/ryuk:0.14.0
18:14:08.475 [main] INFO org.testcontainers.utility.RegistryAuthLocator -- Credential helper/store (docker-credential-desktop) does not have credentials for https://index.docker.io/v1/
18:14:08.705 [main] INFO tc.testcontainers/ryuk:0.14.0 -- Container testcontainers/ryuk:0.14.0 is starting: c270ff47d09423d26d77ba22982209140161ce85aac81ed134a09d9c69c2dfd2
18:14:09.268 [main] INFO tc.testcontainers/ryuk:0.14.0 -- Container testcontainers/ryuk:0.14.0 started in PT0.9431237S
18:14:09.279 [main] INFO org.testcontainers.utility.RyukResourceReaper -- Ryuk started - will monitor and terminate Testcontainers containers on JVM exit
18:14:09.279 [main] INFO org.testcontainers.DockerClientFactory -- Checking the system...
18:14:09.280 [main] INFO org.testcontainers.DockerClientFactory -- ?? Docker server version should be at least 1.6.0
18:14:09.282 [main] INFO tc.postgres:16.15-alpine -- Creating container for image: postgres:16.15-alpine
18:14:09.411 [main] INFO tc.postgres:16.15-alpine -- Container postgres:16.15-alpine is starting: 36edacddb03d4f871d6f66ca2231861a1daa480b3be8feccd1dbf1b7cfbeae47
18:14:12.154 [main] INFO tc.postgres:16.15-alpine -- Container postgres:16.15-alpine started in PT2.8716042S
18:14:12.155 [main] INFO tc.postgres:16.15-alpine -- Container is started (JDBC URL: jdbc:postgresql://localhost:64811/registration?loggerLevel=OFF)
18:14:12.156 [main] INFO tc.axllent/mailpit:v1.31.1 -- Creating container for image: axllent/mailpit:v1.31.1
18:14:12.278 [main] INFO tc.axllent/mailpit:v1.31.1 -- Container axllent/mailpit:v1.31.1 is starting: e30e39006bdbce05232ce5afc79b25e3f763dfbf75aa11ad0dcc65b7d65842eb
18:14:12.674 [main] INFO org.testcontainers.containers.wait.strategy.HttpWaitStrategy -- /stoic_euler: Waiting for 60 seconds for URL: http://localhost:64813/api/v1/info (where port 64813 maps to container port 8025)
18:14:13.326 [main] INFO tc.axllent/mailpit:v1.31.1 -- Container axllent/mailpit:v1.31.1 started in PT1.1698318S

  .   ____          _            __ _ _
 /\\ / ___'_ __ _ _(_)_ __  __ _ \ \ \ \
( ( )\___ | '_ | '_| | '_ \/ _` | \ \ \ \
 \\/  ___)| |_)| | | | | || (_| |  ) ) ) )
  '  |____| .__|_| |_|_| |_\__, | / / / /
 =========|_|==============|___/=/_/_/_/

 :: Spring Boot ::                (v4.1.1)

2026-10-06T18:14:14.061+02:00  INFO 3256 --- [registration-backend] [           main] s.c.r.a.ConfirmationEmailAcceptanceTest  : Starting ConfirmationEmailAcceptanceTest using Java 21.0.11 with PID 3256 (started by tanej in C:\Users\tanej\Documents\LAB\tanej-confreg-C0\02_output\backend)
2026-10-06T18:14:14.064+02:00  INFO 3256 --- [registration-backend] [           main] s.c.r.a.ConfirmationEmailAcceptanceTest  : No active profile set, falling back to 1 default profile: "default"
2026-10-06T18:14:15.768+02:00  INFO 3256 --- [registration-backend] [           main] .s.d.r.c.RepositoryConfigurationDelegate : Bootstrapping Spring Data JPA repositories in DEFAULT mode.
2026-10-06T18:14:15.898+02:00  INFO 3256 --- [registration-backend] [           main] .s.d.r.c.RepositoryConfigurationDelegate : Finished Spring Data repository scanning in 107 ms. Found 1 JPA repository interface.
2026-10-06T18:14:17.435+02:00  INFO 3256 --- [registration-backend] [           main] o.s.boot.tomcat.TomcatWebServer          : Tomcat initialized with port 0 (http)
2026-10-06T18:14:17.462+02:00  INFO 3256 --- [registration-backend] [           main] o.apache.catalina.core.StandardService   : Starting service [Tomcat]
2026-10-06T18:14:17.462+02:00  INFO 3256 --- [registration-backend] [           main] o.apache.catalina.core.StandardEngine    : Starting Servlet engine: [Apache Tomcat/11.0.26]
2026-10-06T18:14:17.566+02:00  INFO 3256 --- [registration-backend] [           main] b.w.c.s.WebApplicationContextInitializer : Root WebApplicationContext: initialization completed in 3459 ms
2026-10-06T18:14:18.316+02:00  INFO 3256 --- [registration-backend] [           main] com.zaxxer.hikari.HikariDataSource       : HikariPool-1 - Starting...
2026-10-06T18:14:18.594+02:00  INFO 3256 --- [registration-backend] [           main] com.zaxxer.hikari.pool.HikariPool        : HikariPool-1 - Added connection org.postgresql.jdbc.PgConnection@13eb146f
2026-10-06T18:14:18.597+02:00  INFO 3256 --- [registration-backend] [           main] com.zaxxer.hikari.HikariDataSource       : HikariPool-1 - Start completed.
2026-10-06T18:14:18.639+02:00  INFO 3256 --- [registration-backend] [           main] org.flywaydb.core.FlywayExecutor         : Database: jdbc:postgresql://localhost:64811/registration?loggerLevel=OFF (PostgreSQL 16.15)
2026-10-06T18:14:18.741+02:00  INFO 3256 --- [registration-backend] [           main] o.f.c.i.s.JdbcTableSchemaHistory         : Schema history table "public"."flyway_schema_history" does not exist yet
2026-10-06T18:14:18.748+02:00  INFO 3256 --- [registration-backend] [           main] o.f.core.internal.command.DbValidate     : Successfully validated 1 migration (execution time 00:00.034s)
2026-10-06T18:14:18.777+02:00  INFO 3256 --- [registration-backend] [           main] o.f.c.i.s.JdbcTableSchemaHistory         : Creating Schema History table "public"."flyway_schema_history" ...
2026-10-06T18:14:18.856+02:00  INFO 3256 --- [registration-backend] [           main] o.f.core.internal.command.DbMigrate      : Current version of schema "public": << Empty Schema >>
2026-10-06T18:14:18.877+02:00  INFO 3256 --- [registration-backend] [           main] o.f.core.internal.command.DbMigrate      : Migrating schema "public" to version "1 - create registration"
2026-10-06T18:14:18.938+02:00  INFO 3256 --- [registration-backend] [           main] o.f.core.internal.command.DbMigrate      : Successfully applied 1 migration to schema "public", now at version v1 (execution time 00:00.032s)
2026-10-06T18:14:19.149+02:00  INFO 3256 --- [registration-backend] [           main] org.hibernate.orm.jpa                    : HHH008540: Processing PersistenceUnitInfo [name: default]
2026-10-06T18:14:19.271+02:00  INFO 3256 --- [registration-backend] [           main] org.hibernate.orm.core                   : HHH000001: Hibernate ORM core version 7.4.5.Final
2026-10-06T18:14:20.167+02:00  INFO 3256 --- [registration-backend] [           main] o.s.o.j.p.SpringPersistenceUnitInfo      : No LoadTimeWeaver setup: ignoring JPA class transformer
2026-10-06T18:14:20.380+02:00  INFO 3256 --- [registration-backend] [           main] org.hibernate.orm.connections.pooling    : HHH10001005: Database info:
	Database JDBC URL [jdbc:postgresql://localhost:64811/registration?loggerLevel=OFF]
	Database driver: PostgreSQL JDBC Driver
	Database dialect: PostgreSQLDialect
	Database version: 16.15
	Default catalog/schema: registration/public
	Autocommit mode: undefined/unknown
	Isolation level: READ_COMMITTED [default READ_COMMITTED]
	JDBC fetch size: none
	Pool: DataSourceConnectionProvider
	Minimum pool size: undefined/unknown
	Maximum pool size: undefined/unknown
2026-10-06T18:14:22.202+02:00  INFO 3256 --- [registration-backend] [           main] org.hibernate.orm.core                   : HHH000489: No JTA platform available (set 'hibernate.transaction.jta.platform' to enable JTA platform integration)
2026-10-06T18:14:22.290+02:00  INFO 3256 --- [registration-backend] [           main] j.LocalContainerEntityManagerFactoryBean : Initialized JPA EntityManagerFactory for persistence unit 'default'
2026-10-06T18:14:22.450+02:00  INFO 3256 --- [registration-backend] [           main] o.s.d.j.r.query.QueryEnhancerFactories   : Hibernate is in classpath; If applicable, HQL parser will be used.
2026-10-06T18:14:23.254+02:00  INFO 3256 --- [registration-backend] [           main] r$InitializeUserDetailsManagerConfigurer : Global AuthenticationManager configured with UserDetailsService bean with name organizer
2026-10-06T18:14:24.177+02:00  INFO 3256 --- [registration-backend] [           main] o.s.b.a.e.web.EndpointLinksResolver      : Exposing 1 endpoint beneath base path '/actuator'
2026-10-06T18:14:24.288+02:00  INFO 3256 --- [registration-backend] [           main] o.s.boot.tomcat.TomcatWebServer          : Tomcat started on port 64829 (http) with context path '/'
2026-10-06T18:14:24.301+02:00  INFO 3256 --- [registration-backend] [           main] s.c.r.a.ConfirmationEmailAcceptanceTest  : Started ConfirmationEmailAcceptanceTest in 10.913 seconds (process running for 20.723)
Mockito is currently self-attaching to enable the inline-mock-maker. This will no longer work in future releases of the JDK. Please add Mockito as an agent to your build as described in Mockito's documentation: https://javadoc.io/doc/org.mockito/mockito-core/latest/org.mockito/org/mockito/Mockito.html#0.3
WARNING: A Java agent has been loaded dynamically (C:\Users\tanej\.m2\repository\net\bytebuddy\byte-buddy-agent\1.18.11\byte-buddy-agent-1.18.11.jar)
WARNING: If a serviceability tool is in use, please run with -XX:+EnableDynamicAgentLoading to hide this warning
WARNING: If a serviceability tool is not in use, please run with -Djdk.instrument.traceUsage for more information
WARNING: Dynamic loading of agents will be disallowed by default in a future release
Java HotSpot(TM) 64-Bit Server VM warning: Sharing is only supported for boot loader classes because bootstrap classpath has been appended
2026-10-06T18:14:25.653+02:00  INFO 3256 --- [registration-backend] [o-auto-1-exec-1] o.a.c.c.C.[Tomcat].[localhost].[/]       : Initializing Spring DispatcherServlet 'dispatcherServlet'
2026-10-06T18:14:25.654+02:00  INFO 3256 --- [registration-backend] [o-auto-1-exec-1] o.s.web.servlet.DispatcherServlet        : Initializing Servlet 'dispatcherServlet'
2026-10-06T18:14:25.659+02:00  INFO 3256 --- [registration-backend] [o-auto-1-exec-1] o.s.web.servlet.DispatcherServlet        : Completed initialization in 4 ms
2026-10-06T18:14:27.406+02:00  INFO 3256 --- [registration-backend] [         mail-1] s.c.r.a.ConfirmationMailService          : Confirmation for CR-000001 sent
2026-10-06T18:14:27.953+02:00  INFO 3256 --- [registration-backend] [         mail-1] s.c.r.a.ConfirmationMailService          : Confirmation for CR-000002 sent
2026-10-06T18:14:28.513+02:00  INFO 3256 --- [registration-backend] [         mail-1] s.c.r.a.ConfirmationMailService          : Confirmation for CR-000003 sent
2026-10-06T18:14:29.077+02:00  INFO 3256 --- [registration-backend] [         mail-1] s.c.r.a.ConfirmationMailService          : Confirmation for CR-000004 sent
2026-10-06T18:14:32.695+02:00  INFO 3256 --- [registration-backend] [         mail-1] s.c.r.a.ConfirmationMailService          : Confirmation for CR-000005 sent
2026-10-06T18:14:33.214+02:00  INFO 3256 --- [registration-backend] [         mail-1] s.c.r.a.ConfirmationMailService          : Confirmation for CR-000006 sent
[INFO] Tests run: 6, Failures: 0, Errors: 0, Skipped: 0, Time elapsed: 28.06 s -- in si.confreg.registration.acceptance.ConfirmationEmailAcceptanceTest
[INFO] Running si.confreg.registration.acceptance.MailOutageAcceptanceTest
2026-10-06T18:14:33.777+02:00  WARN 3256 --- [registration-backend] [         mail-1] s.c.r.a.ConfirmationMailService          : Confirmation for CR-000007 not sent yet (org.springframework.mail.MailSendException); will retry
2026-10-06T18:14:54.449+02:00  INFO 3256 --- [registration-backend] [         mail-1] s.c.r.a.ConfirmationMailService          : Confirmation for CR-000007 sent
[INFO] Tests run: 1, Failures: 0, Errors: 0, Skipped: 0, Time elapsed: 23.77 s -- in si.confreg.registration.acceptance.MailOutageAcceptanceTest
[INFO] Running si.confreg.registration.acceptance.OrganizerAccessAcceptanceTest
2026-10-06T18:14:57.562+02:00  INFO 3256 --- [registration-backend] [         mail-1] s.c.r.a.ConfirmationMailService          : Confirmation for CR-000008 sent
2026-10-06T18:14:57.832+02:00  INFO 3256 --- [registration-backend] [         mail-1] s.c.r.a.ConfirmationMailService          : Confirmation for CR-000009 sent
2026-10-06T18:14:59.241+02:00  INFO 3256 --- [registration-backend] [         mail-1] s.c.r.a.ConfirmationMailService          : Confirmation for CR-000010 sent
2026-10-06T18:14:59.521+02:00  INFO 3256 --- [registration-backend] [         mail-1] s.c.r.a.ConfirmationMailService          : Confirmation for CR-000011 sent
[INFO] Tests run: 5, Failures: 0, Errors: 0, Skipped: 0, Time elapsed: 2.083 s -- in si.confreg.registration.acceptance.OrganizerAccessAcceptanceTest
[INFO] Running si.confreg.registration.acceptance.PricingAcceptanceTest
2026-10-06T18:14:59.643+02:00  INFO 3256 --- [registration-backend] [         mail-1] s.c.r.a.ConfirmationMailService          : Confirmation for CR-000012 sent
2026-10-06T18:14:59.751+02:00  INFO 3256 --- [registration-backend] [         mail-1] s.c.r.a.ConfirmationMailService          : Confirmation for CR-000013 sent
2026-10-06T18:14:59.782+02:00  INFO 3256 --- [registration-backend] [         mail-1] s.c.r.a.ConfirmationMailService          : Confirmation for CR-000014 sent
2026-10-06T18:14:59.805+02:00  INFO 3256 --- [registration-backend] [         mail-1] s.c.r.a.ConfirmationMailService          : Confirmation for CR-000015 sent
2026-10-06T18:14:59.894+02:00  INFO 3256 --- [registration-backend] [         mail-1] s.c.r.a.ConfirmationMailService          : Confirmation for CR-000016 sent
2026-10-06T18:15:00.004+02:00  INFO 3256 --- [registration-backend] [         mail-1] s.c.r.a.ConfirmationMailService          : Confirmation for CR-000017 sent
2026-10-06T18:15:00.035+02:00  INFO 3256 --- [registration-backend] [         mail-1] s.c.r.a.ConfirmationMailService          : Confirmation for CR-000018 sent
2026-10-06T18:15:00.062+02:00  INFO 3256 --- [registration-backend] [         mail-1] s.c.r.a.ConfirmationMailService          : Confirmation for CR-000019 sent
2026-10-06T18:15:00.089+02:00  INFO 3256 --- [registration-backend] [         mail-1] s.c.r.a.ConfirmationMailService          : Confirmation for CR-000020 sent
[INFO] Tests run: 9, Failures: 0, Errors: 0, Skipped: 0, Time elapsed: 0.524 s -- in si.confreg.registration.acceptance.PricingAcceptanceTest
[INFO] Running si.confreg.registration.acceptance.RegistrationAcceptanceTest
2026-10-06T18:15:00.120+02:00  INFO 3256 --- [registration-backend] [         mail-1] s.c.r.a.ConfirmationMailService          : Confirmation for CR-000021 sent
2026-10-06T18:15:00.150+02:00  INFO 3256 --- [registration-backend] [         mail-1] s.c.r.a.ConfirmationMailService          : Confirmation for CR-000022 sent
2026-10-06T18:15:00.176+02:00  INFO 3256 --- [registration-backend] [         mail-1] s.c.r.a.ConfirmationMailService          : Confirmation for CR-000023 sent
2026-10-06T18:15:00.202+02:00  INFO 3256 --- [registration-backend] [         mail-1] s.c.r.a.ConfirmationMailService          : Confirmation for CR-000024 sent
2026-10-06T18:15:00.226+02:00  INFO 3256 --- [registration-backend] [         mail-1] s.c.r.a.ConfirmationMailService          : Confirmation for CR-000025 sent
2026-10-06T18:15:00.330+02:00  INFO 3256 --- [registration-backend] [         mail-1] s.c.r.a.ConfirmationMailService          : Confirmation for CR-000026 sent
2026-10-06T18:15:04.367+02:00  INFO 3256 --- [registration-backend] [         mail-1] s.c.r.a.ConfirmationMailService          : Confirmation for CR-000027 sent
2026-10-06T18:15:04.429+02:00  INFO 3256 --- [registration-backend] [         mail-1] s.c.r.a.ConfirmationMailService          : Confirmation for CR-000028 sent
[INFO] Tests run: 6, Failures: 0, Errors: 0, Skipped: 0, Time elapsed: 4.410 s -- in si.confreg.registration.acceptance.RegistrationAcceptanceTest
[INFO] Running si.confreg.registration.acceptance.ValidationAcceptanceTest
2026-10-06T18:15:04.534+02:00  INFO 3256 --- [registration-backend] [         mail-1] s.c.r.a.ConfirmationMailService          : Confirmation for CR-000029 sent
2026-10-06T18:15:04.557+02:00  INFO 3256 --- [registration-backend] [         mail-1] s.c.r.a.ConfirmationMailService          : Confirmation for CR-000030 sent
2026-10-06T18:15:41.402+02:00  INFO 3256 --- [registration-backend] [         mail-1] s.c.r.a.ConfirmationMailService          : Confirmation for CR-000031 sent
2026-10-06T18:15:41.422+02:00  INFO 3256 --- [registration-backend] [         mail-1] s.c.r.a.ConfirmationMailService          : Confirmation for CR-000032 sent
[INFO] Tests run: 12, Failures: 0, Errors: 0, Skipped: 0, Time elapsed: 66.20 s -- in si.confreg.registration.acceptance.ValidationAcceptanceTest
[INFO] Running si.confreg.registration.api.RegistrationRequestMapperTest
[INFO] Tests run: 4, Failures: 0, Errors: 0, Skipped: 0, Time elapsed: 0.019 s -- in si.confreg.registration.api.RegistrationRequestMapperTest
[INFO] Running si.confreg.registration.application.AppPropertiesTest
2026-10-06T18:16:10.802+02:00  INFO 3256 --- [registration-backend] [         mail-1] s.c.r.a.ConfirmationMailService          : Confirmation for CR-000033 sent
[INFO] Tests run: 25, Failures: 0, Errors: 0, Skipped: 0, Time elapsed: 0.260 s -- in si.confreg.registration.application.AppPropertiesTest
[INFO] Running si.confreg.registration.application.ConfirmationMailServiceTest
2026-10-06T18:16:12.005+02:00  WARN 3256 --- [registration-backend] [           main] s.c.r.a.ConfirmationMailService          : Confirmation for CR-000007 not sent yet (MailDeliveryException); will retry
2026-10-06T18:16:12.038+02:00  INFO 3256 --- [registration-backend] [           main] s.c.r.a.ConfirmationMailService          : Confirmation for CR-000007 sent
2026-10-06T18:16:12.048+02:00  WARN 3256 --- [registration-backend] [           main] s.c.r.a.ConfirmationMailService          : Confirmation for CR-000007 not sent yet (java.lang.RuntimeException); will retry
2026-10-06T18:16:12.057+02:00  INFO 3256 --- [registration-backend] [           main] s.c.r.a.ConfirmationMailService          : Confirmation for CR-000007 sent
[INFO] Tests run: 5, Failures: 0, Errors: 0, Skipped: 0, Time elapsed: 1.061 s -- in si.confreg.registration.application.ConfirmationMailServiceTest
[INFO] Running si.confreg.registration.application.ConfirmationMessageTest
[INFO] Tests run: 4, Failures: 0, Errors: 0, Skipped: 0, Time elapsed: 0.015 s -- in si.confreg.registration.application.ConfirmationMessageTest
[INFO] Running si.confreg.registration.application.PricingServiceTest
[INFO] Tests run: 6, Failures: 0, Errors: 0, Skipped: 0, Time elapsed: 0.023 s -- in si.confreg.registration.application.PricingServiceTest
[INFO] Running si.confreg.registration.application.RegistrationServiceTest
[ERROR] Tests run: 6, Failures: 0, Errors: 2, Skipped: 0, Time elapsed: 0.216 s <<< FAILURE! -- in si.confreg.registration.application.RegistrationServiceTest
[ERROR] si.confreg.registration.application.RegistrationServiceTest.studentIsStoredFree -- Time elapsed: 0.020 s <<< ERROR!
java.lang.NullPointerException: Cannot invoke "java.lang.Long.longValue()" because the return value of "si.confreg.registration.domain.Registration.getId()" is null
	at si.confreg.registration.application.RegistrationService.register(RegistrationService.java:59)
	at si.confreg.registration.application.RegistrationServiceTest.studentIsStoredFree(RegistrationServiceTest.java:116)

[ERROR] si.confreg.registration.application.RegistrationServiceTest.storesPricedRegistrationWithFormattedNumberAndPublishesEvent -- Time elapsed: 0.007 s <<< ERROR!
java.lang.NullPointerException: Cannot invoke "java.lang.Long.longValue()" because the return value of "si.confreg.registration.domain.Registration.getId()" is null
	at si.confreg.registration.application.RegistrationService.register(RegistrationService.java:59)
	at si.confreg.registration.application.RegistrationServiceTest.storesPricedRegistrationWithFormattedNumberAndPublishesEvent(RegistrationServiceTest.java:56)

[INFO] Running si.confreg.registration.application.RegistrationValidatorTest
[ERROR] Tests run: 26, Failures: 1, Errors: 1, Skipped: 0, Time elapsed: 0.137 s <<< FAILURE! -- in si.confreg.registration.application.RegistrationValidatorTest
[ERROR] si.confreg.registration.application.RegistrationValidatorTest.companyAddressRejectsControlCharactersOtherThanLineBreaks -- Time elapsed: 0.002 s <<< FAILURE!
java.lang.AssertionError: expected rejection
	at si.confreg.registration.application.RegistrationValidatorTest.errorsOf(RegistrationValidatorTest.java:45)
	at si.confreg.registration.application.RegistrationValidatorTest.companyAddressRejectsControlCharactersOtherThanLineBreaks(RegistrationValidatorTest.java:173)

[ERROR] si.confreg.registration.application.RegistrationValidatorTest.workshopRules -- Time elapsed: 0.004 s <<< ERROR!
java.lang.NullPointerException
	at java.base/java.util.Objects.requireNonNull(Objects.java:233)
	at java.base/java.util.ImmutableCollections$List12.<init>(ImmutableCollections.java:563)
	at java.base/java.util.List.of(List.java:1168)
	at java.base/java.util.ImmutableCollections.listCopy(ImmutableCollections.java:174)
	at java.base/java.util.List.copyOf(List.java:1193)
	at si.confreg.registration.application.RegistrationCommand.<init>(RegistrationCommand.java:23)
	at si.confreg.registration.application.RegistrationValidatorTest.withWorkshops(RegistrationValidatorTest.java:279)
	at si.confreg.registration.application.RegistrationValidatorTest.workshopRules(RegistrationValidatorTest.java:234)

[INFO] Running si.confreg.registration.config.StartupGuardTest
[INFO] Tests run: 4, Failures: 0, Errors: 0, Skipped: 0, Time elapsed: 0.023 s -- in si.confreg.registration.config.StartupGuardTest
[INFO] Running si.confreg.registration.infrastructure.clock.TestClockFilterTest
[INFO] Tests run: 4, Failures: 0, Errors: 0, Skipped: 0, Time elapsed: 0.061 s -- in si.confreg.registration.infrastructure.clock.TestClockFilterTest
[INFO] Running si.confreg.registration.infrastructure.web.RateLimiterTest
[INFO] Tests run: 5, Failures: 0, Errors: 0, Skipped: 0, Time elapsed: 0.032 s -- in si.confreg.registration.infrastructure.web.RateLimiterTest
[INFO] Running si.confreg.registration.infrastructure.web.WebFiltersTest
[INFO] Tests run: 11, Failures: 0, Errors: 0, Skipped: 0, Time elapsed: 0.058 s -- in si.confreg.registration.infrastructure.web.WebFiltersTest
[INFO] Running si.confreg.registration.integration.ApiProtectionIntegrationTest
[ERROR] Tests run: 10, Failures: 1, Errors: 0, Skipped: 0, Time elapsed: 0.701 s <<< FAILURE! -- in si.confreg.registration.integration.ApiProtectionIntegrationTest
[ERROR] si.confreg.registration.integration.ApiProtectionIntegrationTest.es09_healthIsPublicWithoutDetails -- Time elapsed: 0.228 s <<< FAILURE!
org.opentest4j.AssertionFailedError: 

expected: "{"status":"UP"}"
 but was: "{"groups":["liveness","readiness"],"status":"UP"}"
	at si.confreg.registration.integration.ApiProtectionIntegrationTest.es09_healthIsPublicWithoutDetails(ApiProtectionIntegrationTest.java:126)

[INFO] Running si.confreg.registration.acceptance.architecture.ArchitectureAcceptanceTest
2026-10-06T18:16:13.445+02:00  INFO 3256 --- [registration-backend] [           main] com.tngtech.archunit.core.PluginLoader   : Detected Java version 21.0.11
[INFO] Tests run: 5, Failures: 0, Errors: 0, Skipped: 0, Time elapsed: 4.663 s -- in si.confreg.registration.acceptance.architecture.ArchitectureAcceptanceTest
[INFO] 
[INFO] Results:
[INFO] 
[ERROR] Failures: 
[ERROR]   RegistrationValidatorTest.companyAddressRejectsControlCharactersOtherThanLineBreaks:173->errorsOf:45 expected rejection
[ERROR]   ApiProtectionIntegrationTest.es09_healthIsPublicWithoutDetails:126 
expected: "{"status":"UP"}"
 but was: "{"groups":["liveness","readiness"],"status":"UP"}"
[ERROR] Errors: 
[ERROR]   RegistrationServiceTest.storesPricedRegistrationWithFormattedNumberAndPublishesEvent:56 » NullPointer Cannot invoke "java.lang.Long.longValue()" because the return value of "si.confreg.registration.domain.Registration.getId()" is null
[ERROR]   RegistrationServiceTest.studentIsStoredFree:116 » NullPointer Cannot invoke "java.lang.Long.longValue()" because the return value of "si.confreg.registration.domain.Registration.getId()" is null
[ERROR]   RegistrationValidatorTest.workshopRules:234->withWorkshops:279 » NullPointer
[INFO] 
[ERROR] Tests run: 154, Failures: 2, Errors: 3, Skipped: 0
[INFO] 
[INFO] ------------------------------------------------------------------------
[INFO] BUILD FAILURE
[INFO] ------------------------------------------------------------------------
[INFO] Total time:  02:22 min
[INFO] Finished at: 2026-10-06T18:16:19+02:00
[INFO] ------------------------------------------------------------------------
[ERROR] Failed to execute goal org.apache.maven.plugins:maven-surefire-plugin:3.5.6:test (default-test) on project registration-backend: There are test failures.
[ERROR] 
[ERROR] See C:\Users\tanej\Documents\LAB\tanej-confreg-C0\02_output\backend\target\surefire-reports for the individual test results.
[ERROR] See dump files (if any exist) [date].dump, [date]-jvmRun[N].dump and [date].dumpstream.
[ERROR] -> [Help 1]
[ERROR] 
[ERROR] To see the full stack trace of the errors, re-run Maven with the -e switch.
[ERROR] Re-run Maven using the -X switch to enable full debug logging.
[ERROR] 
[ERROR] For more information about the errors and possible solutions, please read the following articles:
[ERROR] [Help 1] http://cwiki.apache.org/confluence/display/MAVEN/MojoFailureException
