[INFO] Scanning for projects...
[INFO] 
[INFO] ------------------< si.confreg:registration-backend >-------------------
[INFO] Building registration-backend 0.1.0-SNAPSHOT
[INFO]   from pom.xml
[INFO] --------------------------------[ jar ]---------------------------------
[INFO] 
[INFO] --- clean:3.5.0:clean (default-clean) @ registration-backend ---
[INFO] Deleting C:\Users\tanej\Documents\LAB\tanej-confreg-C0\02_output\backend\target
[INFO] 
[INFO] --- jacoco:0.8.12:prepare-agent (prepare-agent) @ registration-backend ---
[INFO] argLine set to -javaagent:C:\\Users\\tanej\\.m2\\repository\\org\\jacoco\\org.jacoco.agent\\0.8.12\\org.jacoco.agent-0.8.12-runtime.jar=destfile=C:\\Users\\tanej\\Documents\\LAB\\tanej-confreg-C0\\02_output\\backend\\target\\jacoco.exec
[INFO] 
[INFO] --- resources:3.5.0:resources (default-resources) @ registration-backend ---
[INFO] Copying 2 resources from src\main\resources to target\classes
[INFO] Copying 1 resource from src\main\resources to target\classes
[INFO] 
[INFO] --- compiler:3.15.0:compile (default-compile) @ registration-backend ---
[INFO] Recompiling the module because of changed source code.
[INFO] Compiling 42 source files with javac [debug parameters release 21] to target\classes
[INFO] 
[INFO] --- resources:3.5.0:testResources (default-testResources) @ registration-backend ---
[INFO] skip non existing resourceDirectory C:\Users\tanej\Documents\LAB\tanej-confreg-C0\02_output\backend\src\test\resources
[INFO] 
[INFO] --- compiler:3.15.0:testCompile (default-testCompile) @ registration-backend ---
[INFO] Recompiling the module because of changed dependency.
[INFO] Compiling 26 source files with javac [debug parameters release 21] to target\test-classes
[INFO] 
[INFO] --- surefire:3.5.6:test (default-test) @ registration-backend ---
[INFO] Using auto detected provider org.apache.maven.surefire.junitplatform.JUnitPlatformProvider
[INFO] 
[INFO] -------------------------------------------------------
[INFO]  T E S T S
[INFO] -------------------------------------------------------
[INFO] Running si.confreg.registration.api.RegistrationRequestMapperTest
[INFO] Tests run: 4, Failures: 0, Errors: 0, Skipped: 0, Time elapsed: 0.253 s -- in si.confreg.registration.api.RegistrationRequestMapperTest
[INFO] Running si.confreg.registration.application.AppPropertiesTest
[INFO] Tests run: 25, Failures: 0, Errors: 0, Skipped: 0, Time elapsed: 0.263 s -- in si.confreg.registration.application.AppPropertiesTest
[INFO] Running si.confreg.registration.application.ConfirmationMailServiceTest
Mockito is currently self-attaching to enable the inline-mock-maker. This will no longer work in future releases of the JDK. Please add Mockito as an agent to your build as described in Mockito's documentation: https://javadoc.io/doc/org.mockito/mockito-core/latest/org.mockito/org/mockito/Mockito.html#0.3
Java HotSpot(TM) 64-Bit Server VM warning: Sharing is only supported for boot loader classes because bootstrap classpath has been appended
WARNING: A Java agent has been loaded dynamically (C:\Users\tanej\.m2\repository\net\bytebuddy\byte-buddy-agent\1.18.11\byte-buddy-agent-1.18.11.jar)
WARNING: If a serviceability tool is in use, please run with -XX:+EnableDynamicAgentLoading to hide this warning
WARNING: If a serviceability tool is not in use, please run with -Djdk.instrument.traceUsage for more information
WARNING: Dynamic loading of agents will be disallowed by default in a future release
18:44:50.981 [main] WARN si.confreg.registration.application.ConfirmationMailService -- Confirmation for CR-000007 not sent yet (MailDeliveryException); will retry
18:44:51.047 [main] INFO si.confreg.registration.application.ConfirmationMailService -- Confirmation for CR-000007 sent
18:44:51.056 [main] WARN si.confreg.registration.application.ConfirmationMailService -- Confirmation for CR-000007 not sent yet (java.lang.RuntimeException); will retry
18:44:51.065 [main] INFO si.confreg.registration.application.ConfirmationMailService -- Confirmation for CR-000007 sent
[INFO] Tests run: 5, Failures: 0, Errors: 0, Skipped: 0, Time elapsed: 2.219 s -- in si.confreg.registration.application.ConfirmationMailServiceTest
[INFO] Running si.confreg.registration.application.ConfirmationMessageTest
[INFO] Tests run: 4, Failures: 0, Errors: 0, Skipped: 0, Time elapsed: 0.020 s -- in si.confreg.registration.application.ConfirmationMessageTest
[INFO] Running si.confreg.registration.application.PricingServiceTest
[INFO] Tests run: 6, Failures: 0, Errors: 0, Skipped: 0, Time elapsed: 0.023 s -- in si.confreg.registration.application.PricingServiceTest
[INFO] Running si.confreg.registration.application.RegistrationServiceTest
[INFO] Tests run: 6, Failures: 0, Errors: 0, Skipped: 0, Time elapsed: 0.149 s -- in si.confreg.registration.application.RegistrationServiceTest
[INFO] Running si.confreg.registration.application.RegistrationValidatorTest
[INFO] Tests run: 26, Failures: 0, Errors: 0, Skipped: 0, Time elapsed: 0.097 s -- in si.confreg.registration.application.RegistrationValidatorTest
[INFO] Running si.confreg.registration.config.StartupGuardTest
[INFO] Tests run: 4, Failures: 0, Errors: 0, Skipped: 0, Time elapsed: 0.060 s -- in si.confreg.registration.config.StartupGuardTest
[INFO] Running si.confreg.registration.infrastructure.clock.TestClockFilterTest
[INFO] Tests run: 4, Failures: 0, Errors: 0, Skipped: 0, Time elapsed: 0.114 s -- in si.confreg.registration.infrastructure.clock.TestClockFilterTest
[INFO] Running si.confreg.registration.infrastructure.web.RateLimiterTest
[INFO] Tests run: 5, Failures: 0, Errors: 0, Skipped: 0, Time elapsed: 0.033 s -- in si.confreg.registration.infrastructure.web.RateLimiterTest
[INFO] Running si.confreg.registration.infrastructure.web.WebFiltersTest
[INFO] Tests run: 11, Failures: 0, Errors: 0, Skipped: 0, Time elapsed: 0.071 s -- in si.confreg.registration.infrastructure.web.WebFiltersTest
[INFO] 
[INFO] Results:
[INFO] 
[INFO] Tests run: 100, Failures: 0, Errors: 0, Skipped: 0
[INFO] 
[INFO] 
[INFO] --- jar:3.5.1:jar (default-jar) @ registration-backend ---
[INFO] Building jar: C:\Users\tanej\Documents\LAB\tanej-confreg-C0\02_output\backend\target\registration-backend-0.1.0-SNAPSHOT.jar
[INFO] 
[INFO] --- spring-boot:4.1.1:repackage (repackage) @ registration-backend ---
[INFO] Replacing main artifact C:\Users\tanej\Documents\LAB\tanej-confreg-C0\02_output\backend\target\registration-backend-0.1.0-SNAPSHOT.jar with repackaged archive, adding nested dependencies in BOOT-INF/.
[INFO] The original artifact has been renamed to C:\Users\tanej\Documents\LAB\tanej-confreg-C0\02_output\backend\target\registration-backend-0.1.0-SNAPSHOT.jar.original
[INFO] 
[INFO] --- jacoco:0.8.12:report (report) @ registration-backend ---
[INFO] Loading execution data file C:\Users\tanej\Documents\LAB\tanej-confreg-C0\02_output\backend\target\jacoco.exec
[INFO] Analyzed bundle 'registration-backend' with 50 classes
[INFO] ------------------------------------------------------------------------
[INFO] BUILD SUCCESS
[INFO] ------------------------------------------------------------------------
[INFO] Total time:  15.594 s
[INFO] Finished at: 2026-10-06T18:44:53+02:00
[INFO] ------------------------------------------------------------------------
