[INFO] Scanning for projects...
[INFO] 
[INFO] ------------------< si.confreg:registration-backend >-------------------
[INFO] Building registration-backend 0.1.0
[INFO]   from pom.xml
[INFO] --------------------------------[ jar ]---------------------------------
[INFO] 
[INFO] --- clean:3.5.0:clean (default-clean) @ registration-backend ---
[INFO] Deleting E:\13 - Lab Projects\03_Vasilka_Testing\kyuhi\confreg-C2\02_output\backend\target
[INFO] 
[INFO] --- jacoco:0.8.12:prepare-agent (prepare-agent) @ registration-backend ---
[INFO] argLine set to "-javaagent:C:\\Users\\sense\\.m2\\repository\\org\\jacoco\\org.jacoco.agent\\0.8.12\\org.jacoco.agent-0.8.12-runtime.jar=destfile=E:\\13 - Lab Projects\\03_Vasilka_Testing\\kyuhi\\confreg-C2\\02_output\\backend\\target\\jacoco.exec"
[INFO] 
[INFO] --- resources:3.5.0:resources (default-resources) @ registration-backend ---
[INFO] Copying 1 resource from src\main\resources to target\classes
[INFO] Copying 1 resource from src\main\resources to target\classes
[INFO] 
[INFO] --- compiler:3.15.0:compile (default-compile) @ registration-backend ---
[INFO] Recompiling the module because of changed source code.
[INFO] Compiling 37 source files with javac [debug parameters release 21] to target\classes
[INFO] 
[INFO] --- resources:3.5.0:testResources (default-testResources) @ registration-backend ---
[INFO] skip non existing resourceDirectory E:\13 - Lab Projects\03_Vasilka_Testing\kyuhi\confreg-C2\02_output\backend\src\test\resources
[INFO] 
[INFO] --- compiler:3.15.0:testCompile (default-testCompile) @ registration-backend ---
[INFO] Recompiling the module because of changed dependency.
[INFO] Compiling 21 source files with javac [debug parameters release 21] to target\test-classes
[INFO] 
[INFO] --- surefire:3.5.6:test (default-test) @ registration-backend ---
[INFO] Using auto detected provider org.apache.maven.surefire.junitplatform.JUnitPlatformProvider
[INFO] 
[INFO] -------------------------------------------------------
[INFO]  T E S T S
[INFO] -------------------------------------------------------
[INFO] Running si.confreg.registration.acceptance.ConfirmationAcceptanceTest
01:36:08.410 [main] INFO org.springframework.test.context.support.AnnotationConfigContextLoaderUtils -- Could not detect default configuration classes for test class [si.confreg.registration.acceptance.ConfirmationAcceptanceTest]: ConfirmationAcceptanceTest does not declare any static, non-private, non-final, nested classes annotated with @Configuration.
01:36:08.625 [main] INFO org.springframework.boot.test.context.SpringBootTestContextBootstrapper -- Found @SpringBootConfiguration si.confreg.registration.RegistrationApplication for test class si.confreg.registration.acceptance.ConfirmationAcceptanceTest
01:36:08.740 [main] INFO org.springframework.test.context.support.AnnotationConfigContextLoaderUtils -- Could not detect default configuration classes for test class [si.confreg.registration.acceptance.ConfirmationAcceptanceTest]: ConfirmationAcceptanceTest does not declare any static, non-private, non-final, nested classes annotated with @Configuration.
01:36:08.741 [main] INFO org.springframework.test.context.support.AnnotationConfigContextLoaderUtils -- Could not detect default configuration classes for test class [si.confreg.registration.acceptance.AcceptanceTestBase]: AcceptanceTestBase does not declare any static, non-private, non-final, nested classes annotated with @Configuration.
01:36:08.743 [main] INFO org.springframework.boot.test.context.SpringBootTestContextBootstrapper -- Found @SpringBootConfiguration si.confreg.registration.RegistrationApplication for test class si.confreg.registration.acceptance.ConfirmationAcceptanceTest
01:36:08.818 [main] INFO org.testcontainers.images.PullPolicy -- Image pull policy will be performed by: DefaultPullPolicy()
01:36:08.820 [main] INFO org.testcontainers.utility.ImageNameSubstitutor -- Image name substitution will be performed by: DefaultImageNameSubstitutor (composite of 'ConfigurationFileImageNameSubstitutor' and 'PrefixingImageNameSubstitutor')
01:36:09.287 [main] INFO org.testcontainers.DockerClientFactory -- Testcontainers version: 2.0.5
01:36:09.670 [main] INFO org.testcontainers.dockerclient.DockerClientProviderStrategy -- Loaded org.testcontainers.dockerclient.NpipeSocketClientProviderStrategy from ~/.testcontainers.properties, will try it first
01:36:10.148 [main] INFO org.testcontainers.dockerclient.DockerClientProviderStrategy -- Found Docker environment with local Npipe socket (npipe:////./pipe/docker_engine)
01:36:10.149 [main] INFO org.testcontainers.DockerClientFactory -- Docker host IP address is localhost
01:36:10.171 [main] INFO org.testcontainers.DockerClientFactory -- Connected to docker: 
  Server Version: 29.8.1
  API Version: 1.56
  Operating System: Docker Desktop
  Total Memory: 40065 MB
  Labels: 
    com.docker.desktop.address=npipe://\\.\pipe\docker_cli
01:36:10.284 [main] INFO tc.testcontainers/ryuk:0.14.0 -- Creating container for image: testcontainers/ryuk:0.14.0
01:36:10.615 [main] INFO tc.testcontainers/ryuk:0.14.0 -- Container testcontainers/ryuk:0.14.0 is starting: d2bd15e99da619b5f749cd746c0a14379ce616e048533e9816e96be27bb3ea9a
01:36:11.038 [main] INFO tc.testcontainers/ryuk:0.14.0 -- Container testcontainers/ryuk:0.14.0 started in PT0.7530226S
01:36:11.059 [main] INFO org.testcontainers.utility.RyukResourceReaper -- Ryuk started - will monitor and terminate Testcontainers containers on JVM exit
01:36:11.059 [main] INFO org.testcontainers.DockerClientFactory -- Checking the system...
01:36:11.060 [main] INFO org.testcontainers.DockerClientFactory -- ?? Docker server version should be at least 1.6.0
01:36:11.061 [main] INFO tc.postgres:16.15-alpine -- Creating container for image: postgres:16.15-alpine
01:36:11.185 [main] INFO tc.postgres:16.15-alpine -- Container postgres:16.15-alpine is starting: 94f233b6c008fa15a10d59bbeacb6265afe3acdb2c17700d8703f4e781f7cf49
01:36:13.335 [main] INFO tc.postgres:16.15-alpine -- Container postgres:16.15-alpine started in PT2.2744009S
01:36:13.336 [main] INFO tc.postgres:16.15-alpine -- Container is started (JDBC URL: jdbc:postgresql://localhost:55386/test?loggerLevel=OFF)
01:36:13.337 [main] INFO tc.axllent/mailpit:v1.31.1 -- Creating container for image: axllent/mailpit:v1.31.1
01:36:13.451 [main] INFO tc.axllent/mailpit:v1.31.1 -- Container axllent/mailpit:v1.31.1 is starting: d21fbbeab138dad1a0c624a2885488ab7c1cd3cba7c761859a26586fd7a23d7b
01:36:13.822 [main] INFO tc.axllent/mailpit:v1.31.1 -- Container axllent/mailpit:v1.31.1 started in PT0.4849173S
2026-10-07T01:36:14.302+02:00  INFO 46432 --- [registration-backend] [           main] s.c.r.a.ConfirmationAcceptanceTest       : Starting ConfirmationAcceptanceTest using Java 21.0.10 with PID 46432 (started by sense in E:\13 - Lab Projects\03_Vasilka_Testing\kyuhi\confreg-C2\02_output\backend)
2026-10-07T01:36:14.304+02:00  INFO 46432 --- [registration-backend] [           main] s.c.r.a.ConfirmationAcceptanceTest       : The following 1 profile is active: "test"
2026-10-07T01:36:15.303+02:00  INFO 46432 --- [registration-backend] [           main] .s.d.r.c.RepositoryConfigurationDelegate : Bootstrapping Spring Data JPA repositories in DEFAULT mode.
2026-10-07T01:36:15.402+02:00  INFO 46432 --- [registration-backend] [           main] .s.d.r.c.RepositoryConfigurationDelegate : Finished Spring Data repository scanning in 81 ms. Found 1 JPA repository interface.
2026-10-07T01:36:16.562+02:00  INFO 46432 --- [registration-backend] [           main] o.s.boot.tomcat.TomcatWebServer          : Tomcat initialized with port 0 (http)
2026-10-07T01:36:16.583+02:00  INFO 46432 --- [registration-backend] [           main] o.apache.catalina.core.StandardService   : Starting service [Tomcat]
2026-10-07T01:36:16.584+02:00  INFO 46432 --- [registration-backend] [           main] o.apache.catalina.core.StandardEngine    : Starting Servlet engine: [Apache Tomcat/11.0.26]
2026-10-07T01:36:16.672+02:00  INFO 46432 --- [registration-backend] [           main] b.w.c.s.WebApplicationContextInitializer : Root WebApplicationContext: initialization completed in 2343 ms
2026-10-07T01:36:17.174+02:00  INFO 46432 --- [registration-backend] [           main] com.zaxxer.hikari.HikariDataSource       : HikariPool-1 - Starting...
2026-10-07T01:36:17.381+02:00  INFO 46432 --- [registration-backend] [           main] com.zaxxer.hikari.pool.HikariPool        : HikariPool-1 - Added connection org.postgresql.jdbc.PgConnection@4fd9603f
2026-10-07T01:36:17.383+02:00  INFO 46432 --- [registration-backend] [           main] com.zaxxer.hikari.HikariDataSource       : HikariPool-1 - Start completed.
2026-10-07T01:36:17.412+02:00  INFO 46432 --- [registration-backend] [           main] org.flywaydb.core.FlywayExecutor         : Database: jdbc:postgresql://localhost:55386/test?loggerLevel=OFF (PostgreSQL 16.15)
2026-10-07T01:36:17.474+02:00  INFO 46432 --- [registration-backend] [           main] o.f.c.i.s.JdbcTableSchemaHistory         : Schema history table "public"."flyway_schema_history" does not exist yet
2026-10-07T01:36:17.479+02:00  INFO 46432 --- [registration-backend] [           main] o.f.core.internal.command.DbValidate     : Successfully validated 1 migration (execution time 00:00.019s)
2026-10-07T01:36:17.497+02:00  INFO 46432 --- [registration-backend] [           main] o.f.c.i.s.JdbcTableSchemaHistory         : Creating Schema History table "public"."flyway_schema_history" ...
2026-10-07T01:36:17.559+02:00  INFO 46432 --- [registration-backend] [           main] o.f.core.internal.command.DbMigrate      : Current version of schema "public": << Empty Schema >>
2026-10-07T01:36:17.574+02:00  INFO 46432 --- [registration-backend] [           main] o.f.core.internal.command.DbMigrate      : Migrating schema "public" to version "1 - create registration"
2026-10-07T01:36:17.620+02:00  INFO 46432 --- [registration-backend] [           main] o.f.core.internal.command.DbMigrate      : Successfully applied 1 migration to schema "public", now at version v1 (execution time 00:00.017s)
2026-10-07T01:36:17.767+02:00  INFO 46432 --- [registration-backend] [           main] org.hibernate.orm.jpa                    : HHH008540: Processing PersistenceUnitInfo [name: default]
2026-10-07T01:36:17.861+02:00  INFO 46432 --- [registration-backend] [           main] org.hibernate.orm.core                   : HHH000001: Hibernate ORM core version 7.4.5.Final
2026-10-07T01:36:18.487+02:00  INFO 46432 --- [registration-backend] [           main] o.s.o.j.p.SpringPersistenceUnitInfo      : No LoadTimeWeaver setup: ignoring JPA class transformer
2026-10-07T01:36:18.627+02:00  INFO 46432 --- [registration-backend] [           main] org.hibernate.orm.connections.pooling    : HHH10001005: Database info:
	Database JDBC URL [jdbc:postgresql://localhost:55386/test?loggerLevel=OFF]
	Database driver: PostgreSQL JDBC Driver
	Database dialect: PostgreSQLDialect
	Database version: 16.15
	Default catalog/schema: test/public
	Autocommit mode: undefined/unknown
	Isolation level: READ_COMMITTED [default READ_COMMITTED]
	JDBC fetch size: none
	Pool: DataSourceConnectionProvider
	Minimum pool size: undefined/unknown
	Maximum pool size: undefined/unknown
2026-10-07T01:36:19.702+02:00  INFO 46432 --- [registration-backend] [           main] org.hibernate.orm.core                   : HHH000489: No JTA platform available (set 'hibernate.transaction.jta.platform' to enable JTA platform integration)
2026-10-07T01:36:19.757+02:00  INFO 46432 --- [registration-backend] [           main] j.LocalContainerEntityManagerFactoryBean : Initialized JPA EntityManagerFactory for persistence unit 'default'
2026-10-07T01:36:19.841+02:00  INFO 46432 --- [registration-backend] [           main] o.s.d.j.r.query.QueryEnhancerFactories   : Hibernate is in classpath; If applicable, HQL parser will be used.
2026-10-07T01:36:20.397+02:00  INFO 46432 --- [registration-backend] [           main] r$InitializeUserDetailsManagerConfigurer : Global AuthenticationManager configured with UserDetailsService bean with name organizer
2026-10-07T01:36:21.139+02:00  INFO 46432 --- [registration-backend] [           main] o.s.boot.tomcat.TomcatWebServer          : Tomcat started on port 55401 (http) with context path '/'
2026-10-07T01:36:21.219+02:00  INFO 46432 --- [registration-backend] [           main] o.s.boot.tomcat.TomcatWebServer          : Tomcat initialized with port 0 (http)
2026-10-07T01:36:21.220+02:00  INFO 46432 --- [registration-backend] [           main] o.apache.catalina.core.StandardService   : Starting service [Tomcat]
2026-10-07T01:36:21.221+02:00  INFO 46432 --- [registration-backend] [           main] o.apache.catalina.core.StandardEngine    : Starting Servlet engine: [Apache Tomcat/11.0.26]
2026-10-07T01:36:21.278+02:00  INFO 46432 --- [registration-backend] [           main] b.w.c.s.WebApplicationContextInitializer : Root WebApplicationContext: initialization completed in 136 ms
2026-10-07T01:36:21.297+02:00  INFO 46432 --- [registration-backend] [           main] o.s.b.a.e.web.EndpointLinksResolver      : Exposing 1 endpoint beneath base path '/actuator'
2026-10-07T01:36:21.347+02:00  INFO 46432 --- [registration-backend] [           main] o.s.boot.tomcat.TomcatWebServer          : Tomcat started on port 55402 (http) with context path '/'
2026-10-07T01:36:21.359+02:00  INFO 46432 --- [registration-backend] [           main] s.c.r.a.ConfirmationAcceptanceTest       : Started ConfirmationAcceptanceTest in 7.506 seconds (process running for 14.796)
Mockito is currently self-attaching to enable the inline-mock-maker. This will no longer work in future releases of the JDK. Please add Mockito as an agent to your build as described in Mockito's documentation: https://javadoc.io/doc/org.mockito/mockito-core/latest/org.mockito/org/mockito/Mockito.html#0.3
WARNING: A Java agent has been loaded dynamically (C:\Users\sense\.m2\repository\net\bytebuddy\byte-buddy-agent\1.18.11\byte-buddy-agent-1.18.11.jar)
WARNING: If a serviceability tool is in use, please run with -XX:+EnableDynamicAgentLoading to hide this warning
WARNING: If a serviceability tool is not in use, please run with -Djdk.instrument.traceUsage for more information
WARNING: Dynamic loading of agents will be disallowed by default in a future release
OpenJDK 64-Bit Server VM warning: Sharing is only supported for boot loader classes because bootstrap classpath has been appended
2026-10-07T01:36:22.082+02:00  INFO 46432 --- [registration-backend] [o-auto-1-exec-1] o.a.c.c.C.[Tomcat].[localhost].[/]       : Initializing Spring DispatcherServlet 'dispatcherServlet'
2026-10-07T01:36:22.082+02:00  INFO 46432 --- [registration-backend] [o-auto-1-exec-1] o.s.web.servlet.DispatcherServlet        : Initializing Servlet 'dispatcherServlet'
2026-10-07T01:36:22.083+02:00  INFO 46432 --- [registration-backend] [o-auto-1-exec-1] o.s.web.servlet.DispatcherServlet        : Completed initialization in 1 ms
[INFO] Tests run: 4, Failures: 0, Errors: 0, Skipped: 0, Time elapsed: 39.52 s -- in si.confreg.registration.acceptance.ConfirmationAcceptanceTest
[INFO] Running si.confreg.registration.acceptance.FeeAcceptanceTest
2026-10-07T01:36:47.645+02:00  INFO 46432 --- [registration-backend] [           main] t.c.s.AnnotationConfigContextLoaderUtils : Could not detect default configuration classes for test class [si.confreg.registration.acceptance.FeeAcceptanceTest]: FeeAcceptanceTest does not declare any static, non-private, non-final, nested classes annotated with @Configuration.
2026-10-07T01:36:47.646+02:00  INFO 46432 --- [registration-backend] [           main] .b.t.c.SpringBootTestContextBootstrapper : Found @SpringBootConfiguration si.confreg.registration.RegistrationApplication for test class si.confreg.registration.acceptance.FeeAcceptanceTest
2026-10-07T01:36:47.647+02:00  INFO 46432 --- [registration-backend] [           main] t.c.s.AnnotationConfigContextLoaderUtils : Could not detect default configuration classes for test class [si.confreg.registration.acceptance.FeeAcceptanceTest]: FeeAcceptanceTest does not declare any static, non-private, non-final, nested classes annotated with @Configuration.
2026-10-07T01:36:47.647+02:00  INFO 46432 --- [registration-backend] [           main] t.c.s.AnnotationConfigContextLoaderUtils : Could not detect default configuration classes for test class [si.confreg.registration.acceptance.AcceptanceTestBase]: AcceptanceTestBase does not declare any static, non-private, non-final, nested classes annotated with @Configuration.
2026-10-07T01:36:47.649+02:00  INFO 46432 --- [registration-backend] [           main] .b.t.c.SpringBootTestContextBootstrapper : Found @SpringBootConfiguration si.confreg.registration.RegistrationApplication for test class si.confreg.registration.acceptance.FeeAcceptanceTest
[INFO] Tests run: 8, Failures: 0, Errors: 0, Skipped: 0, Time elapsed: 15.14 s -- in si.confreg.registration.acceptance.FeeAcceptanceTest
[INFO] Running si.confreg.registration.acceptance.OrganizerAccessAcceptanceTest
2026-10-07T01:37:02.787+02:00  INFO 46432 --- [registration-backend] [           main] t.c.s.AnnotationConfigContextLoaderUtils : Could not detect default configuration classes for test class [si.confreg.registration.acceptance.OrganizerAccessAcceptanceTest]: OrganizerAccessAcceptanceTest does not declare any static, non-private, non-final, nested classes annotated with @Configuration.
2026-10-07T01:37:02.788+02:00  INFO 46432 --- [registration-backend] [           main] .b.t.c.SpringBootTestContextBootstrapper : Found @SpringBootConfiguration si.confreg.registration.RegistrationApplication for test class si.confreg.registration.acceptance.OrganizerAccessAcceptanceTest
2026-10-07T01:37:02.789+02:00  INFO 46432 --- [registration-backend] [           main] t.c.s.AnnotationConfigContextLoaderUtils : Could not detect default configuration classes for test class [si.confreg.registration.acceptance.OrganizerAccessAcceptanceTest]: OrganizerAccessAcceptanceTest does not declare any static, non-private, non-final, nested classes annotated with @Configuration.
2026-10-07T01:37:02.789+02:00  INFO 46432 --- [registration-backend] [           main] t.c.s.AnnotationConfigContextLoaderUtils : Could not detect default configuration classes for test class [si.confreg.registration.acceptance.AcceptanceTestBase]: AcceptanceTestBase does not declare any static, non-private, non-final, nested classes annotated with @Configuration.
2026-10-07T01:37:02.790+02:00  INFO 46432 --- [registration-backend] [           main] .b.t.c.SpringBootTestContextBootstrapper : Found @SpringBootConfiguration si.confreg.registration.RegistrationApplication for test class si.confreg.registration.acceptance.OrganizerAccessAcceptanceTest
[INFO] Tests run: 5, Failures: 0, Errors: 0, Skipped: 0, Time elapsed: 10.11 s -- in si.confreg.registration.acceptance.OrganizerAccessAcceptanceTest
[INFO] Running si.confreg.registration.acceptance.PayerDataAcceptanceTest
2026-10-07T01:37:12.901+02:00  INFO 46432 --- [registration-backend] [           main] t.c.s.AnnotationConfigContextLoaderUtils : Could not detect default configuration classes for test class [si.confreg.registration.acceptance.PayerDataAcceptanceTest]: PayerDataAcceptanceTest does not declare any static, non-private, non-final, nested classes annotated with @Configuration.
2026-10-07T01:37:12.903+02:00  INFO 46432 --- [registration-backend] [           main] .b.t.c.SpringBootTestContextBootstrapper : Found @SpringBootConfiguration si.confreg.registration.RegistrationApplication for test class si.confreg.registration.acceptance.PayerDataAcceptanceTest
2026-10-07T01:37:12.903+02:00  INFO 46432 --- [registration-backend] [           main] t.c.s.AnnotationConfigContextLoaderUtils : Could not detect default configuration classes for test class [si.confreg.registration.acceptance.PayerDataAcceptanceTest]: PayerDataAcceptanceTest does not declare any static, non-private, non-final, nested classes annotated with @Configuration.
2026-10-07T01:37:12.904+02:00  INFO 46432 --- [registration-backend] [           main] t.c.s.AnnotationConfigContextLoaderUtils : Could not detect default configuration classes for test class [si.confreg.registration.acceptance.AcceptanceTestBase]: AcceptanceTestBase does not declare any static, non-private, non-final, nested classes annotated with @Configuration.
2026-10-07T01:37:12.904+02:00  INFO 46432 --- [registration-backend] [           main] .b.t.c.SpringBootTestContextBootstrapper : Found @SpringBootConfiguration si.confreg.registration.RegistrationApplication for test class si.confreg.registration.acceptance.PayerDataAcceptanceTest
[INFO] Tests run: 4, Failures: 0, Errors: 0, Skipped: 0, Time elapsed: 11.96 s -- in si.confreg.registration.acceptance.PayerDataAcceptanceTest
[INFO] Running si.confreg.registration.acceptance.RateLimitAcceptanceTest
2026-10-07T01:37:24.862+02:00  INFO 46432 --- [registration-backend] [           main] t.c.s.AnnotationConfigContextLoaderUtils : Could not detect default configuration classes for test class [si.confreg.registration.acceptance.RateLimitAcceptanceTest]: RateLimitAcceptanceTest does not declare any static, non-private, non-final, nested classes annotated with @Configuration.
2026-10-07T01:37:24.863+02:00  INFO 46432 --- [registration-backend] [           main] .b.t.c.SpringBootTestContextBootstrapper : Found @SpringBootConfiguration si.confreg.registration.RegistrationApplication for test class si.confreg.registration.acceptance.RateLimitAcceptanceTest
2026-10-07T01:37:24.864+02:00  INFO 46432 --- [registration-backend] [           main] t.c.s.AnnotationConfigContextLoaderUtils : Could not detect default configuration classes for test class [si.confreg.registration.acceptance.RateLimitAcceptanceTest]: RateLimitAcceptanceTest does not declare any static, non-private, non-final, nested classes annotated with @Configuration.
2026-10-07T01:37:24.864+02:00  INFO 46432 --- [registration-backend] [           main] t.c.s.AnnotationConfigContextLoaderUtils : Could not detect default configuration classes for test class [si.confreg.registration.acceptance.AcceptanceTestBase]: AcceptanceTestBase does not declare any static, non-private, non-final, nested classes annotated with @Configuration.
2026-10-07T01:37:24.865+02:00  INFO 46432 --- [registration-backend] [           main] .b.t.c.SpringBootTestContextBootstrapper : Found @SpringBootConfiguration si.confreg.registration.RegistrationApplication for test class si.confreg.registration.acceptance.RateLimitAcceptanceTest
[INFO] Tests run: 3, Failures: 0, Errors: 0, Skipped: 0, Time elapsed: 6.801 s -- in si.confreg.registration.acceptance.RateLimitAcceptanceTest
[INFO] Running si.confreg.registration.acceptance.RepeatedRegistrationAcceptanceTest
2026-10-07T01:37:31.664+02:00  INFO 46432 --- [registration-backend] [           main] t.c.s.AnnotationConfigContextLoaderUtils : Could not detect default configuration classes for test class [si.confreg.registration.acceptance.RepeatedRegistrationAcceptanceTest]: RepeatedRegistrationAcceptanceTest does not declare any static, non-private, non-final, nested classes annotated with @Configuration.
2026-10-07T01:37:31.665+02:00  INFO 46432 --- [registration-backend] [           main] .b.t.c.SpringBootTestContextBootstrapper : Found @SpringBootConfiguration si.confreg.registration.RegistrationApplication for test class si.confreg.registration.acceptance.RepeatedRegistrationAcceptanceTest
2026-10-07T01:37:31.666+02:00  INFO 46432 --- [registration-backend] [           main] t.c.s.AnnotationConfigContextLoaderUtils : Could not detect default configuration classes for test class [si.confreg.registration.acceptance.RepeatedRegistrationAcceptanceTest]: RepeatedRegistrationAcceptanceTest does not declare any static, non-private, non-final, nested classes annotated with @Configuration.
2026-10-07T01:37:31.666+02:00  INFO 46432 --- [registration-backend] [           main] t.c.s.AnnotationConfigContextLoaderUtils : Could not detect default configuration classes for test class [si.confreg.registration.acceptance.AcceptanceTestBase]: AcceptanceTestBase does not declare any static, non-private, non-final, nested classes annotated with @Configuration.
2026-10-07T01:37:31.667+02:00  INFO 46432 --- [registration-backend] [           main] .b.t.c.SpringBootTestContextBootstrapper : Found @SpringBootConfiguration si.confreg.registration.RegistrationApplication for test class si.confreg.registration.acceptance.RepeatedRegistrationAcceptanceTest
[INFO] Tests run: 2, Failures: 0, Errors: 0, Skipped: 0, Time elapsed: 10.74 s -- in si.confreg.registration.acceptance.RepeatedRegistrationAcceptanceTest
[INFO] Running si.confreg.registration.acceptance.ValidationAcceptanceTest
2026-10-07T01:37:42.406+02:00  INFO 46432 --- [registration-backend] [           main] t.c.s.AnnotationConfigContextLoaderUtils : Could not detect default configuration classes for test class [si.confreg.registration.acceptance.ValidationAcceptanceTest]: ValidationAcceptanceTest does not declare any static, non-private, non-final, nested classes annotated with @Configuration.
2026-10-07T01:37:42.407+02:00  INFO 46432 --- [registration-backend] [           main] .b.t.c.SpringBootTestContextBootstrapper : Found @SpringBootConfiguration si.confreg.registration.RegistrationApplication for test class si.confreg.registration.acceptance.ValidationAcceptanceTest
2026-10-07T01:37:42.407+02:00  INFO 46432 --- [registration-backend] [           main] t.c.s.AnnotationConfigContextLoaderUtils : Could not detect default configuration classes for test class [si.confreg.registration.acceptance.ValidationAcceptanceTest]: ValidationAcceptanceTest does not declare any static, non-private, non-final, nested classes annotated with @Configuration.
2026-10-07T01:37:42.408+02:00  INFO 46432 --- [registration-backend] [           main] t.c.s.AnnotationConfigContextLoaderUtils : Could not detect default configuration classes for test class [si.confreg.registration.acceptance.AcceptanceTestBase]: AcceptanceTestBase does not declare any static, non-private, non-final, nested classes annotated with @Configuration.
2026-10-07T01:37:42.408+02:00  INFO 46432 --- [registration-backend] [           main] .b.t.c.SpringBootTestContextBootstrapper : Found @SpringBootConfiguration si.confreg.registration.RegistrationApplication for test class si.confreg.registration.acceptance.ValidationAcceptanceTest
[INFO] Tests run: 21, Failures: 0, Errors: 0, Skipped: 0, Time elapsed: 22.55 s -- in si.confreg.registration.acceptance.ValidationAcceptanceTest
[INFO] Running si.confreg.registration.acceptance.WorkshopAcceptanceTest
2026-10-07T01:38:04.956+02:00  INFO 46432 --- [registration-backend] [           main] t.c.s.AnnotationConfigContextLoaderUtils : Could not detect default configuration classes for test class [si.confreg.registration.acceptance.WorkshopAcceptanceTest]: WorkshopAcceptanceTest does not declare any static, non-private, non-final, nested classes annotated with @Configuration.
2026-10-07T01:38:04.957+02:00  INFO 46432 --- [registration-backend] [           main] .b.t.c.SpringBootTestContextBootstrapper : Found @SpringBootConfiguration si.confreg.registration.RegistrationApplication for test class si.confreg.registration.acceptance.WorkshopAcceptanceTest
2026-10-07T01:38:04.958+02:00  INFO 46432 --- [registration-backend] [           main] t.c.s.AnnotationConfigContextLoaderUtils : Could not detect default configuration classes for test class [si.confreg.registration.acceptance.WorkshopAcceptanceTest]: WorkshopAcceptanceTest does not declare any static, non-private, non-final, nested classes annotated with @Configuration.
2026-10-07T01:38:04.958+02:00  INFO 46432 --- [registration-backend] [           main] t.c.s.AnnotationConfigContextLoaderUtils : Could not detect default configuration classes for test class [si.confreg.registration.acceptance.AcceptanceTestBase]: AcceptanceTestBase does not declare any static, non-private, non-final, nested classes annotated with @Configuration.
2026-10-07T01:38:04.959+02:00  INFO 46432 --- [registration-backend] [           main] .b.t.c.SpringBootTestContextBootstrapper : Found @SpringBootConfiguration si.confreg.registration.RegistrationApplication for test class si.confreg.registration.acceptance.WorkshopAcceptanceTest
[INFO] Tests run: 5, Failures: 0, Errors: 0, Skipped: 0, Time elapsed: 20.18 s -- in si.confreg.registration.acceptance.WorkshopAcceptanceTest
[INFO] Running si.confreg.registration.integration.ApiIntegrationTest
2026-10-07T01:38:25.139+02:00  INFO 46432 --- [registration-backend] [           main] t.c.s.AnnotationConfigContextLoaderUtils : Could not detect default configuration classes for test class [si.confreg.registration.integration.ApiIntegrationTest]: ApiIntegrationTest does not declare any static, non-private, non-final, nested classes annotated with @Configuration.
2026-10-07T01:38:25.148+02:00  INFO 46432 --- [registration-backend] [           main] .b.t.c.SpringBootTestContextBootstrapper : Found @SpringBootConfiguration si.confreg.registration.RegistrationApplication for test class si.confreg.registration.integration.ApiIntegrationTest
2026-10-07T01:38:25.149+02:00  INFO 46432 --- [registration-backend] [           main] t.c.s.AnnotationConfigContextLoaderUtils : Could not detect default configuration classes for test class [si.confreg.registration.integration.ApiIntegrationTest]: ApiIntegrationTest does not declare any static, non-private, non-final, nested classes annotated with @Configuration.
2026-10-07T01:38:25.150+02:00  INFO 46432 --- [registration-backend] [           main] .b.t.c.SpringBootTestContextBootstrapper : Found @SpringBootConfiguration si.confreg.registration.RegistrationApplication for test class si.confreg.registration.integration.ApiIntegrationTest
2026-10-07T01:38:25.154+02:00  INFO 46432 --- [registration-backend] [           main] tc.postgres:16.15-alpine                 : Creating container for image: postgres:16.15-alpine
2026-10-07T01:38:25.276+02:00  INFO 46432 --- [registration-backend] [           main] tc.postgres:16.15-alpine                 : Container postgres:16.15-alpine is starting: 4c8323aa6fb5487fddad68982b5ccf17b47cfd9d6f6714650301a405eb48c3d1
2026-10-07T01:38:27.278+02:00  INFO 46432 --- [registration-backend] [           main] tc.postgres:16.15-alpine                 : Container postgres:16.15-alpine started in PT2.1238766S
2026-10-07T01:38:27.278+02:00  INFO 46432 --- [registration-backend] [           main] tc.postgres:16.15-alpine                 : Container is started (JDBC URL: jdbc:postgresql://localhost:50292/test?loggerLevel=OFF)
2026-10-07T01:38:27.278+02:00  INFO 46432 --- [registration-backend] [           main] tc.axllent/mailpit:v1.31.1               : Creating container for image: axllent/mailpit:v1.31.1
2026-10-07T01:38:27.394+02:00  INFO 46432 --- [registration-backend] [           main] tc.axllent/mailpit:v1.31.1               : Container axllent/mailpit:v1.31.1 is starting: 79c9bba487d3bae8fb60ed1305161eeac36250777d7e0224024e319c07da0331
2026-10-07T01:38:27.752+02:00  INFO 46432 --- [registration-backend] [           main] tc.axllent/mailpit:v1.31.1               : Container axllent/mailpit:v1.31.1 started in PT0.4741815S
2026-10-07T01:38:27.757+02:00  INFO 46432 --- [registration-backend] [           main] o.s.boot.tomcat.GracefulShutdown         : Commencing graceful shutdown. Waiting for active requests to complete
2026-10-07T01:38:27.766+02:00  INFO 46432 --- [registration-backend] [tomcat-shutdown] o.s.boot.tomcat.GracefulShutdown         : Graceful shutdown complete
2026-10-07T01:38:27.797+02:00  INFO 46432 --- [registration-backend] [           main] s.c.r.integration.ApiIntegrationTest     : Starting ApiIntegrationTest using Java 21.0.10 with PID 46432 (started by sense in E:\13 - Lab Projects\03_Vasilka_Testing\kyuhi\confreg-C2\02_output\backend)
2026-10-07T01:38:27.797+02:00  INFO 46432 --- [registration-backend] [           main] s.c.r.integration.ApiIntegrationTest     : The following 1 profile is active: "test"
2026-10-07T01:38:28.017+02:00  INFO 46432 --- [registration-backend] [           main] .s.d.r.c.RepositoryConfigurationDelegate : Bootstrapping Spring Data JPA repositories in DEFAULT mode.
2026-10-07T01:38:28.035+02:00  INFO 46432 --- [registration-backend] [           main] .s.d.r.c.RepositoryConfigurationDelegate : Finished Spring Data repository scanning in 16 ms. Found 1 JPA repository interface.
2026-10-07T01:38:28.114+02:00  INFO 46432 --- [registration-backend] [           main] o.s.boot.tomcat.TomcatWebServer          : Tomcat initialized with port 0 (http)
2026-10-07T01:38:28.116+02:00  INFO 46432 --- [registration-backend] [           main] o.apache.catalina.core.StandardService   : Starting service [Tomcat]
2026-10-07T01:38:28.116+02:00  INFO 46432 --- [registration-backend] [           main] o.apache.catalina.core.StandardEngine    : Starting Servlet engine: [Apache Tomcat/11.0.26]
2026-10-07T01:38:28.163+02:00  INFO 46432 --- [registration-backend] [           main] b.w.c.s.WebApplicationContextInitializer : Root WebApplicationContext: initialization completed in 364 ms
2026-10-07T01:38:28.226+02:00  INFO 46432 --- [registration-backend] [           main] com.zaxxer.hikari.HikariDataSource       : HikariPool-2 - Starting...
2026-10-07T01:38:28.248+02:00  INFO 46432 --- [registration-backend] [           main] com.zaxxer.hikari.pool.HikariPool        : HikariPool-2 - Added connection org.postgresql.jdbc.PgConnection@2580c5de
2026-10-07T01:38:28.248+02:00  INFO 46432 --- [registration-backend] [           main] com.zaxxer.hikari.HikariDataSource       : HikariPool-2 - Start completed.
2026-10-07T01:38:28.249+02:00  INFO 46432 --- [registration-backend] [           main] org.flywaydb.core.FlywayExecutor         : Database: jdbc:postgresql://localhost:50292/test?loggerLevel=OFF (PostgreSQL 16.15)
2026-10-07T01:38:28.272+02:00  INFO 46432 --- [registration-backend] [           main] o.f.c.i.s.JdbcTableSchemaHistory         : Schema history table "public"."flyway_schema_history" does not exist yet
2026-10-07T01:38:28.274+02:00  INFO 46432 --- [registration-backend] [           main] o.f.core.internal.command.DbValidate     : Successfully validated 1 migration (execution time 00:00.007s)
2026-10-07T01:38:28.286+02:00  INFO 46432 --- [registration-backend] [           main] o.f.c.i.s.JdbcTableSchemaHistory         : Creating Schema History table "public"."flyway_schema_history" ...
2026-10-07T01:38:28.322+02:00  INFO 46432 --- [registration-backend] [           main] o.f.core.internal.command.DbMigrate      : Current version of schema "public": << Empty Schema >>
2026-10-07T01:38:28.329+02:00  INFO 46432 --- [registration-backend] [           main] o.f.core.internal.command.DbMigrate      : Migrating schema "public" to version "1 - create registration"
2026-10-07T01:38:28.353+02:00  INFO 46432 --- [registration-backend] [           main] o.f.core.internal.command.DbMigrate      : Successfully applied 1 migration to schema "public", now at version v1 (execution time 00:00.014s)
2026-10-07T01:38:28.373+02:00  INFO 46432 --- [registration-backend] [           main] org.hibernate.orm.jpa                    : HHH008540: Processing PersistenceUnitInfo [name: default]
2026-10-07T01:38:28.396+02:00  INFO 46432 --- [registration-backend] [           main] o.s.o.j.p.SpringPersistenceUnitInfo      : No LoadTimeWeaver setup: ignoring JPA class transformer
2026-10-07T01:38:28.404+02:00  INFO 46432 --- [registration-backend] [           main] org.hibernate.orm.connections.pooling    : HHH10001005: Database info:
	Database JDBC URL [jdbc:postgresql://localhost:50292/test?loggerLevel=OFF]
	Database driver: PostgreSQL JDBC Driver
	Database dialect: PostgreSQLDialect
	Database version: 16.15
	Default catalog/schema: test/public
	Autocommit mode: undefined/unknown
	Isolation level: READ_COMMITTED [default READ_COMMITTED]
	JDBC fetch size: none
	Pool: DataSourceConnectionProvider
	Minimum pool size: undefined/unknown
	Maximum pool size: undefined/unknown
2026-10-07T01:38:28.439+02:00  INFO 46432 --- [registration-backend] [           main] org.hibernate.orm.core                   : HHH000489: No JTA platform available (set 'hibernate.transaction.jta.platform' to enable JTA platform integration)
2026-10-07T01:38:28.455+02:00  INFO 46432 --- [registration-backend] [           main] j.LocalContainerEntityManagerFactoryBean : Initialized JPA EntityManagerFactory for persistence unit 'default'
2026-10-07T01:38:28.585+02:00  INFO 46432 --- [registration-backend] [           main] r$InitializeUserDetailsManagerConfigurer : Global AuthenticationManager configured with UserDetailsService bean with name organizer
2026-10-07T01:38:28.704+02:00  INFO 46432 --- [registration-backend] [           main] o.s.boot.tomcat.TomcatWebServer          : Tomcat started on port 50309 (http) with context path '/'
2026-10-07T01:38:28.741+02:00  INFO 46432 --- [registration-backend] [           main] o.s.boot.tomcat.TomcatWebServer          : Tomcat initialized with port 0 (http)
2026-10-07T01:38:28.741+02:00  INFO 46432 --- [registration-backend] [           main] o.apache.catalina.core.StandardService   : Starting service [Tomcat]
2026-10-07T01:38:28.742+02:00  INFO 46432 --- [registration-backend] [           main] o.apache.catalina.core.StandardEngine    : Starting Servlet engine: [Apache Tomcat/11.0.26]
2026-10-07T01:38:28.791+02:00  INFO 46432 --- [registration-backend] [           main] b.w.c.s.WebApplicationContextInitializer : Root WebApplicationContext: initialization completed in 85 ms
2026-10-07T01:38:28.798+02:00  INFO 46432 --- [registration-backend] [           main] o.s.b.a.e.web.EndpointLinksResolver      : Exposing 1 endpoint beneath base path '/actuator'
2026-10-07T01:38:28.820+02:00  INFO 46432 --- [registration-backend] [           main] o.s.boot.tomcat.TomcatWebServer          : Tomcat started on port 50310 (http) with context path '/'
2026-10-07T01:38:28.822+02:00  INFO 46432 --- [registration-backend] [           main] s.c.r.integration.ApiIntegrationTest     : Started ApiIntegrationTest in 1.053 seconds (process running for 142.259)
2026-10-07T01:38:28.828+02:00  INFO 46432 --- [registration-backend] [o-auto-3-exec-1] o.a.c.c.C.[Tomcat-1].[localhost].[/]     : Initializing Spring DispatcherServlet 'dispatcherServlet'
2026-10-07T01:38:28.828+02:00  INFO 46432 --- [registration-backend] [o-auto-3-exec-1] o.s.web.servlet.DispatcherServlet        : Initializing Servlet 'dispatcherServlet'
2026-10-07T01:38:28.829+02:00  INFO 46432 --- [registration-backend] [o-auto-3-exec-1] o.s.web.servlet.DispatcherServlet        : Completed initialization in 1 ms
2026-10-07T01:38:33.873+02:00  WARN 46432 --- [registration-backend] [           main] org.hibernate.orm.jdbc.error             : HHH000247: ErrorCode: 0, SQLState: 23505
2026-10-07T01:38:33.873+02:00  WARN 46432 --- [registration-backend] [           main] org.hibernate.orm.jdbc.error             : ERROR: duplicate key value violates unique constraint "uq_registration_number"
  Detail: Key (registration_number)=(REG-1NTEGRAT10) already exists.
[INFO] Tests run: 6, Failures: 0, Errors: 0, Skipped: 0, Time elapsed: 8.979 s -- in si.confreg.registration.integration.ApiIntegrationTest
[INFO] Running si.confreg.registration.architecture.ArchitectureTest
2026-10-07T01:38:34.134+02:00  INFO 46432 --- [registration-backend] [           main] com.tngtech.archunit.core.PluginLoader   : Detected Java version 21.0.10
[INFO] Tests run: 10, Failures: 0, Errors: 0, Skipped: 0, Time elapsed: 2.073 s -- in si.confreg.registration.architecture.ArchitectureTest
[INFO] 
[INFO] Results:
[INFO] 
[INFO] Tests run: 68, Failures: 0, Errors: 0, Skipped: 0
[INFO] 
[INFO] 
[INFO] --- jar:3.5.1:jar (default-jar) @ registration-backend ---
[INFO] Building jar: E:\13 - Lab Projects\03_Vasilka_Testing\kyuhi\confreg-C2\02_output\backend\target\registration-backend-0.1.0.jar
[INFO] 
[INFO] --- spring-boot:4.1.1:repackage (repackage) @ registration-backend ---
[INFO] Replacing main artifact E:\13 - Lab Projects\03_Vasilka_Testing\kyuhi\confreg-C2\02_output\backend\target\registration-backend-0.1.0.jar with repackaged archive, adding nested dependencies in BOOT-INF/.
[INFO] The original artifact has been renamed to E:\13 - Lab Projects\03_Vasilka_Testing\kyuhi\confreg-C2\02_output\backend\target\registration-backend-0.1.0.jar.original
[INFO] 
[INFO] --- jacoco:0.8.12:report (report) @ registration-backend ---
[INFO] Loading execution data file E:\13 - Lab Projects\03_Vasilka_Testing\kyuhi\confreg-C2\02_output\backend\target\jacoco.exec
[INFO] Analyzed bundle 'registration-backend' with 41 classes
[INFO] ------------------------------------------------------------------------
[INFO] BUILD SUCCESS
[INFO] ------------------------------------------------------------------------
[INFO] Total time:  02:39 min
[INFO] Finished at: 2026-10-07T01:38:39+02:00
[INFO] ------------------------------------------------------------------------
