 Container confreg-frontend-1 Stopping 
 Container confreg-frontend-1 Stopped 
 Container confreg-frontend-1 Removing 
 Container confreg-frontend-1 Removed 
 Container confreg-backend-1 Stopping 
 Container confreg-backend-1 Stopped 
 Container confreg-backend-1 Removing 
 Container confreg-backend-1 Removed 
 Container confreg-postgres-1 Stopping 
 Container confreg-mailpit-1 Stopping 
 Container confreg-postgres-1 Stopped 
 Container confreg-postgres-1 Removing 
 Container confreg-postgres-1 Removed 
 Container confreg-mailpit-1 Stopped 
 Container confreg-mailpit-1 Removing 
 Container confreg-mailpit-1 Removed 
 Volume confreg_pgdata Removing 
 Network confreg_default Removing 
 Volume confreg_pgdata Removed 
 Network confreg_default Removed 
