 Image confreg-frontend:0.1.0 Building 
 Image confreg-backend:0.1.0 Building 
#1 [internal] load local bake definitions
#1 reading from stdin 1.12kB 0.0s done
#1 DONE 0.0s

#2 [frontend internal] load build definition from Dockerfile
#2 transferring dockerfile: 825B 0.0s done
#2 DONE 0.1s

#3 [backend internal] load build definition from Dockerfile
#3 transferring dockerfile: 739B 0.0s done
#3 DONE 0.1s

#4 [backend internal] load metadata for docker.io/library/eclipse-temurin:21.0.10_7-jre-alpine
#4 DONE 0.1s

#5 [frontend internal] load metadata for docker.io/library/nginx:1.30.5-alpine
#5 DONE 0.1s

#6 [frontend internal] load metadata for docker.io/library/node:24.13.0-alpine
#6 DONE 0.1s

#7 [backend internal] load .dockerignore
#7 transferring context: 81B 0.0s done
#7 DONE 0.0s

#8 [frontend internal] load .dockerignore
#8 transferring context: 131B done
#8 DONE 0.0s

#9 [frontend internal] load build context
#9 DONE 0.0s

#10 [backend internal] load build context
#10 transferring context: 87B done
#10 DONE 0.0s

#11 [backend 1/4] FROM docker.io/library/eclipse-temurin:21.0.10_7-jre-alpine@sha256:ad0cdd9782db550ca7dde6939a16fd850d04e683d37d3cff79d84a5848ba6a5a
#11 resolve docker.io/library/eclipse-temurin:21.0.10_7-jre-alpine@sha256:ad0cdd9782db550ca7dde6939a16fd850d04e683d37d3cff79d84a5848ba6a5a 0.1s done
#11 DONE 0.1s

#12 [backend 2/4] RUN addgroup -S app && adduser -S -G app -H -s /sbin/nologin app
#12 CACHED

#13 [backend 3/4] WORKDIR /app
#13 CACHED

#14 [backend 4/4] COPY --chown=root:root target/registration-backend-0.1.0.jar /app/app.jar
#14 CACHED

#15 [frontend build 1/7] FROM docker.io/library/node:24.13.0-alpine@sha256:cd6fb7efa6490f039f3471a189214d5f548c11df1ff9e5b181aa49e22c14383e
#15 resolve docker.io/library/node:24.13.0-alpine@sha256:cd6fb7efa6490f039f3471a189214d5f548c11df1ff9e5b181aa49e22c14383e 0.1s done
#15 DONE 0.1s

#9 [frontend internal] load build context
#9 transferring context: 3.49kB 0.0s done
#9 DONE 0.1s

#16 [frontend build 5/7] COPY index.html tsconfig.json vite.config.ts ./
#16 CACHED

#17 [frontend build 2/7] WORKDIR /build
#17 CACHED

#18 [frontend build 3/7] COPY package.json package-lock.json .npmrc ./
#18 CACHED

#19 [frontend build 6/7] COPY src ./src
#19 CACHED

#20 [frontend build 4/7] RUN npm ci --no-fund --no-audit
#20 CACHED

#21 [frontend stage-1 1/5] FROM docker.io/library/nginx:1.30.5-alpine@sha256:0985e772fb9f729e6fa0980da05fca5d9c468e870eed43071545afa9d2e27d94
#21 resolve docker.io/library/nginx:1.30.5-alpine@sha256:0985e772fb9f729e6fa0980da05fca5d9c468e870eed43071545afa9d2e27d94 0.1s done
#21 CACHED

#22 [frontend build 7/7] RUN npm run build
#22 CACHED

#23 [backend] exporting to image
#23 exporting layers done
#23 exporting manifest sha256:f8139ea9b620451d72761215baf32f3d8f1e571df77b1e85be304b4d505fe5ba done
#23 exporting config sha256:992ef774b74adfdbb9b85cd83509adf475decf9a1ae298b00ee6f90434dfb1f0 done
#23 exporting attestation manifest sha256:827fa472755eee5708426cd6d5f0dd2c02359bf6a2287621d992532fa8f5e98b
#23 exporting attestation manifest sha256:827fa472755eee5708426cd6d5f0dd2c02359bf6a2287621d992532fa8f5e98b 0.1s done
#23 exporting manifest list sha256:d12a33173dee1e77dce3bf2b1ebfe8db065c6f0aa016e104a9772460715c331f 0.1s done
#23 naming to docker.io/library/confreg-backend:0.1.0 done
#23 unpacking to docker.io/library/confreg-backend:0.1.0 0.0s done
#23 DONE 0.3s

#24 [frontend stage-1 2/5] COPY docker/nginx.conf /etc/nginx/nginx.conf
#24 DONE 0.1s

#25 [frontend stage-1 3/5] COPY docker/40-runtime-config.sh /docker-entrypoint.d/40-runtime-config.sh
#25 DONE 0.1s

#26 [frontend stage-1 4/5] COPY --from=build /build/dist /usr/share/nginx/html
#26 DONE 0.2s

#27 [backend] resolving provenance for metadata file
#27 DONE 0.0s

#28 [frontend stage-1 5/5] RUN chmod 0755 /docker-entrypoint.d/40-runtime-config.sh   && touch /usr/share/nginx/html/config.js   && chown nginx:nginx /usr/share/nginx/html/config.js
#28 DONE 1.2s

#29 [frontend] exporting to image
#29 exporting layers 0.4s done
#29 exporting manifest sha256:d1a58de898bc743703f5fa14854808314ff2e254fc91cb4b8d8257a95a7ad482 0.0s done
#29 exporting config sha256:d6fea8dd13f8c465828e3ff8f9e7078beb252f2a56e9089d443237c581e9bd1c 0.0s done
#29 exporting attestation manifest sha256:894ab8bbc2658b1999d4e7240d9e8dedf1b49a0caf748e83af80978ab8a5b313
#29 exporting attestation manifest sha256:894ab8bbc2658b1999d4e7240d9e8dedf1b49a0caf748e83af80978ab8a5b313 0.0s done
#29 exporting manifest list sha256:9d2ab1aea842d02b61a59b3418419e01eb91bc186cc1471fe165cdc8c010e749 0.0s done
#29 naming to docker.io/library/confreg-frontend:0.1.0 done
#29 unpacking to docker.io/library/confreg-frontend:0.1.0
#29 unpacking to docker.io/library/confreg-frontend:0.1.0 0.3s done
#29 DONE 1.0s

#30 [frontend] resolving provenance for metadata file
#30 DONE 0.0s
 Image confreg-backend:0.1.0 Built 
 Image confreg-frontend:0.1.0 Built 
 Container confreg-backend-1 Running 
 Container confreg-postgres-1 Running 
 Container confreg-mailpit-1 Running 
 Container confreg-frontend-1 Recreate 
 Container confreg-frontend-1 Recreated 
 Container confreg-mailpit-1 Waiting 
 Container confreg-postgres-1 Waiting 
 Container confreg-postgres-1 Healthy 
 Container confreg-mailpit-1 Healthy 
 Container confreg-backend-1 Waiting 
 Container confreg-backend-1 Healthy 
 Container confreg-frontend-1 Starting 
 Container confreg-frontend-1 Started 
