 Image confreg-frontend Building 
 Image confreg-backend Building 
#1 [internal] load local bake definitions
#1 reading from stdin 1.15kB done
#1 DONE 0.0s

#2 [frontend internal] load build definition from Dockerfile
#2 transferring dockerfile: 958B done
#2 DONE 0.1s

#3 [backend internal] load build definition from Dockerfile
#3 transferring dockerfile: 852B done
#3 DONE 0.1s

#4 [frontend internal] load metadata for docker.io/library/nginx:1.30.5-alpine
#4 DONE 0.1s

#5 [backend internal] load metadata for docker.io/library/eclipse-temurin:21.0.10_7-jre-alpine
#5 DONE 0.1s

#6 [frontend internal] load metadata for docker.io/library/node:24.13.0-alpine
#6 DONE 0.1s

#7 [backend internal] load metadata for docker.io/library/eclipse-temurin:21.0.10_7-jdk-alpine
#7 DONE 0.2s

#8 [frontend internal] load .dockerignore
#8 transferring context: 126B done
#8 DONE 0.1s

#9 [backend internal] load .dockerignore
#9 transferring context: 61B done
#9 DONE 0.1s

#10 [frontend internal] load build context
#10 DONE 0.0s

#11 [backend internal] load build context
#11 DONE 0.0s

#12 [frontend build 1/7] FROM docker.io/library/node:24.13.0-alpine@sha256:cd6fb7efa6490f039f3471a189214d5f548c11df1ff9e5b181aa49e22c14383e
#12 resolve docker.io/library/node:24.13.0-alpine@sha256:cd6fb7efa6490f039f3471a189214d5f548c11df1ff9e5b181aa49e22c14383e 0.1s done
#12 DONE 0.1s

#13 [frontend stage-1 1/5] FROM docker.io/library/nginx:1.30.5-alpine@sha256:0985e772fb9f729e6fa0980da05fca5d9c468e870eed43071545afa9d2e27d94
#13 resolve docker.io/library/nginx:1.30.5-alpine@sha256:0985e772fb9f729e6fa0980da05fca5d9c468e870eed43071545afa9d2e27d94 0.1s done
#13 DONE 0.1s

#14 [backend build 1/7] FROM docker.io/library/eclipse-temurin:21.0.10_7-jdk-alpine@sha256:bcc7ec7e8fef937ba9f01ee5f810361d722c6b5dbe19ac188ab7b25c1a4dd2c9
#14 resolve docker.io/library/eclipse-temurin:21.0.10_7-jdk-alpine@sha256:bcc7ec7e8fef937ba9f01ee5f810361d722c6b5dbe19ac188ab7b25c1a4dd2c9 0.1s done
#14 DONE 0.1s

#15 [backend build 2/7] WORKDIR /build
#15 CACHED

#16 [backend stage-1 1/4] FROM docker.io/library/eclipse-temurin:21.0.10_7-jre-alpine@sha256:ad0cdd9782db550ca7dde6939a16fd850d04e683d37d3cff79d84a5848ba6a5a
#16 resolve docker.io/library/eclipse-temurin:21.0.10_7-jre-alpine@sha256:ad0cdd9782db550ca7dde6939a16fd850d04e683d37d3cff79d84a5848ba6a5a 0.1s done
#16 CACHED

#10 [frontend internal] load build context
#10 transferring context: 268.31kB 0.0s done
#10 DONE 0.1s

#11 [backend internal] load build context
#11 transferring context: 80.46kB 0.0s done
#11 DONE 0.2s

#13 [frontend stage-1 1/5] FROM docker.io/library/nginx:1.30.5-alpine@sha256:0985e772fb9f729e6fa0980da05fca5d9c468e870eed43071545afa9d2e27d94
#13 CACHED

#17 [frontend build 2/7] WORKDIR /build
#17 CACHED

#18 [frontend stage-1 2/5] COPY nginx.conf /etc/nginx/nginx.conf
#18 ...

#19 [backend build 3/7] COPY .mvn/ .mvn/
#19 DONE 0.2s

#18 [frontend stage-1 2/5] COPY nginx.conf /etc/nginx/nginx.conf
#18 DONE 0.2s

#20 [frontend build 3/7] COPY package.json package-lock.json .npmrc ./
#20 DONE 0.3s

#21 [frontend stage-1 3/5] COPY write-config.sh /usr/local/bin/write-config.sh
#21 ...

#22 [backend stage-1 2/4] RUN addgroup -S -g 10001 app && adduser -S -u 10001 -G app app
#22 DONE 0.7s

#21 [frontend stage-1 3/5] COPY write-config.sh /usr/local/bin/write-config.sh
#21 DONE 0.3s

#23 [backend build 4/7] COPY mvnw pom.xml ./
#23 DONE 0.4s

#24 [backend build 5/7] RUN sed -i 's/\r$//' mvnw && chmod +x mvnw && ./mvnw -B -q dependency:go-offline
#24 ...

#25 [backend stage-1 3/4] WORKDIR /app
#25 DONE 0.2s

#26 [frontend build 4/7] RUN npm ci --no-fund --no-audit
#26 3.009 npm warn deprecated whatwg-encoding@3.1.1: Use @exodus/bytes instead for a more spec-conformant and faster implementation
#26 10.30 npm warn deprecated eslint@9.39.5: This version is no longer supported. Please see https://eslint.org/version-support for other options.
#26 12.78 
#26 12.78 added 432 packages in 12s
#26 12.78 npm notice
#26 12.78 npm notice New minor version of npm available! 11.6.2 -> 11.21.0
#26 12.78 npm notice Changelog: https://github.com/npm/cli/releases/tag/v11.21.0
#26 12.78 npm notice To update run: npm install -g npm@11.21.0
#26 12.78 npm notice
#26 DONE 13.4s

#24 [backend build 5/7] RUN sed -i 's/\r$//' mvnw && chmod +x mvnw && ./mvnw -B -q dependency:go-offline
#24 ...

#27 [frontend build 5/7] COPY index.html tsconfig.json vite.config.ts ./
#27 DONE 0.3s

#24 [backend build 5/7] RUN sed -i 's/\r$//' mvnw && chmod +x mvnw && ./mvnw -B -q dependency:go-offline
#24 ...

#28 [frontend build 6/7] COPY src/ src/
#28 DONE 0.1s

#29 [frontend build 7/7] RUN npm run build
#29 0.430 
#29 0.430 > registration-frontend@1.0.0 build
#29 0.430 > vite build
#29 0.430 
#29 0.728 vite v6.4.3 building for production...
#29 0.805 transforming...
#29 2.480 ✓ 33 modules transformed.
#29 2.636 rendering chunks...
#29 2.645 computing gzip size...
#29 2.653 dist/index.html                   0.41 kB │ gzip:  0.27 kB
#29 2.653 dist/assets/index-uXIEBHY4.css    0.42 kB │ gzip:  0.29 kB
#29 2.653 dist/assets/index-DUGlvGwl.js   230.76 kB │ gzip: 71.56 kB
#29 2.654 ✓ built in 1.89s
#29 DONE 2.8s

#24 [backend build 5/7] RUN sed -i 's/\r$//' mvnw && chmod +x mvnw && ./mvnw -B -q dependency:go-offline
#24 ...

#30 [frontend stage-1 4/5] COPY --from=build /build/dist/ /usr/share/nginx/html/
#30 DONE 0.1s

#24 [backend build 5/7] RUN sed -i 's/\r$//' mvnw && chmod +x mvnw && ./mvnw -B -q dependency:go-offline
#24 ...

#31 [frontend stage-1 5/5] RUN sed -i 's/\r$//' /usr/local/bin/write-config.sh && chmod 0755 /usr/local/bin/write-config.sh   && mkdir -p /tmp/confreg && chown nginx:nginx /tmp/confreg
#31 DONE 0.3s

#24 [backend build 5/7] RUN sed -i 's/\r$//' mvnw && chmod +x mvnw && ./mvnw -B -q dependency:go-offline
#24 ...

#32 [frontend] exporting to image
#32 exporting layers
#32 exporting layers 0.5s done
#32 exporting manifest sha256:3e918c6d2b7aa30128a33ef10587988a8bd0abaf4cd3c31bde0d54dd3e26fe72 0.0s done
#32 exporting config sha256:21c48fd275ccc013a4196aec5c20c3999da29791ee4a6b97fd7db8fadbd8e4c9 0.0s done
#32 exporting attestation manifest sha256:7495ff2f61287ad074522d9367101b9446ef886ab9f7134f1d050531654278e2
#32 exporting attestation manifest sha256:7495ff2f61287ad074522d9367101b9446ef886ab9f7134f1d050531654278e2 0.0s done
#32 exporting manifest list sha256:19074304f2c652c31e9491cd1a117ad4e183aec6522f820e27a14fb44661b43e 0.0s done
#32 naming to docker.io/library/confreg-frontend:latest done
#32 unpacking to docker.io/library/confreg-frontend:latest
#32 unpacking to docker.io/library/confreg-frontend:latest 0.2s done
#32 DONE 0.9s

#24 [backend build 5/7] RUN sed -i 's/\r$//' mvnw && chmod +x mvnw && ./mvnw -B -q dependency:go-offline
#24 ...

#33 [frontend] resolving provenance for metadata file
#33 DONE 0.0s

#24 [backend build 5/7] RUN sed -i 's/\r$//' mvnw && chmod +x mvnw && ./mvnw -B -q dependency:go-offline
#24 DONE 61.1s

#34 [backend build 6/7] COPY src/main/ src/main/
#34 DONE 0.2s

#35 [backend build 7/7] RUN ./mvnw -B -q -o package -DskipTests
#35 DONE 5.1s

#36 [backend stage-1 4/4] COPY --from=build /build/target/registration-backend-1.0.0.jar app.jar
#36 DONE 0.2s

#37 [backend] exporting to image
#37 exporting layers
#37 exporting layers 2.7s done
#37 exporting manifest sha256:86a5d7230d08dd90def0030ee67c94ddf8cce20d2cc3d505f2be7c869bac67e1 0.0s done
#37 exporting config sha256:670caad6abc80689480dd049adcb8bde3891b1c246b94ca84cb2f2beca59d986 0.0s done
#37 exporting attestation manifest sha256:fb44057ebe0ff679ccab3784fc73fb488f119e50eff9e2672396626c154a10a2 0.0s done
#37 exporting manifest list sha256:a4bf993b3e0821e24a966056294673669d38fd5707b2c994601b1989d55a0ba0
#37 exporting manifest list sha256:a4bf993b3e0821e24a966056294673669d38fd5707b2c994601b1989d55a0ba0 0.0s done
#37 naming to docker.io/library/confreg-backend:latest done
#37 unpacking to docker.io/library/confreg-backend:latest
#37 unpacking to docker.io/library/confreg-backend:latest 0.5s done
#37 DONE 3.4s

#38 [backend] resolving provenance for metadata file
#38 DONE 0.0s
 Image confreg-backend Built 
 Image confreg-frontend Built 
