[INFO] Scanning for projects...
[INFO] 
[INFO] ------------------< si.confreg:registration-backend >-------------------
[INFO] Building registration-backend 1.0.0
[INFO]   from pom.xml
[INFO] --------------------------------[ jar ]---------------------------------
[INFO] 
[INFO] --- jacoco:0.8.12:prepare-agent (prepare-agent) @ registration-backend ---
[INFO] argLine set to "-javaagent:C:\\Users\\sense\\.m2\\repository\\org\\jacoco\\org.jacoco.agent\\0.8.12\\org.jacoco.agent-0.8.12-runtime.jar=destfile=E:\\13 - Lab Projects\\03_Vasilka_Testing\\kyuhi\\confreg-C1\\02_output\\backend\\target\\jacoco.exec"
[INFO] 
[INFO] --- resources:3.5.0:resources (default-resources) @ registration-backend ---
[INFO] Copying 2 resources from src\main\resources to target\classes
[INFO] Copying 1 resource from src\main\resources to target\classes
[INFO] 
[INFO] --- compiler:3.15.0:compile (default-compile) @ registration-backend ---
[INFO] Nothing to compile - all classes are up to date.
[INFO] 
[INFO] --- resources:3.5.0:testResources (default-testResources) @ registration-backend ---
[INFO] Copying 2 resources from src\test\resources to target\test-classes
[INFO] 
[INFO] --- compiler:3.15.0:testCompile (default-testCompile) @ registration-backend ---
[INFO] Nothing to compile - all classes are up to date.
[INFO] 
[INFO] --- surefire:3.5.6:test (default-test) @ registration-backend ---
[INFO] Using auto detected provider org.apache.maven.surefire.junitplatform.JUnitPlatformProvider
[INFO] 
[INFO] -------------------------------------------------------
[INFO]  T E S T S
[INFO] -------------------------------------------------------
[INFO] Running si.confreg.registration.api.ApiExceptionHandlerTest
21:09:59.921 [main] ERROR si.confreg.registration.api.ApiExceptionHandler -- Unexpected error: java.lang.IllegalStateException
[INFO] Tests run: 5, Failures: 0, Errors: 0, Skipped: 0, Time elapsed: 0.356 s -- in si.confreg.registration.api.ApiExceptionHandlerTest
[INFO] Running si.confreg.registration.architecture.ArchitectureTest
21:09:59.985 [main] INFO com.tngtech.archunit.core.PluginLoader -- Detected Java version 21.0.10
[INFO] Tests run: 7, Failures: 0, Errors: 0, Skipped: 0, Time elapsed: 2.465 s -- in si.confreg.registration.architecture.ArchitectureTest
[INFO] Running si.confreg.registration.config.AppPropertiesTest
[INFO] Tests run: 10, Failures: 0, Errors: 0, Skipped: 0, Time elapsed: 0.378 s -- in si.confreg.registration.config.AppPropertiesTest
[INFO] Running si.confreg.registration.domain.PricingPolicyTest
[INFO] Tests run: 8, Failures: 0, Errors: 0, Skipped: 0, Time elapsed: 0.095 s -- in si.confreg.registration.domain.PricingPolicyTest
[INFO] Running si.confreg.registration.domain.RegistrationTest
[INFO] Tests run: 4, Failures: 0, Errors: 0, Skipped: 0, Time elapsed: 0.013 s -- in si.confreg.registration.domain.RegistrationTest
[INFO] Running si.confreg.registration.domain.RegistrationValidatorTest
[INFO] Tests run: 24, Failures: 0, Errors: 0, Skipped: 0, Time elapsed: 0.050 s -- in si.confreg.registration.domain.RegistrationValidatorTest
[INFO] Running si.confreg.registration.mail.ConfirmationMailerTest
Mockito is currently self-attaching to enable the inline-mock-maker. This will no longer work in future releases of the JDK. Please add Mockito as an agent to your build as described in Mockito's documentation: https://javadoc.io/doc/org.mockito/mockito-core/latest/org.mockito/org/mockito/Mockito.html#0.3
WARNING: A Java agent has been loaded dynamically (C:\Users\sense\.m2\repository\net\bytebuddy\byte-buddy-agent\1.18.11\byte-buddy-agent-1.18.11.jar)
WARNING: If a serviceability tool is in use, please run with -XX:+EnableDynamicAgentLoading to hide this warning
WARNING: If a serviceability tool is not in use, please run with -Djdk.instrument.traceUsage for more information
WARNING: Dynamic loading of agents will be disallowed by default in a future release
OpenJDK 64-Bit Server VM warning: Sharing is only supported for boot loader classes because bootstrap classpath has been appended
[INFO] Tests run: 5, Failures: 0, Errors: 0, Skipped: 0, Time elapsed: 7.069 s -- in si.confreg.registration.mail.ConfirmationMailerTest
[INFO] Running si.confreg.registration.security.SecurityFiltersTest
[INFO] Tests run: 22, Failures: 0, Errors: 0, Skipped: 0, Time elapsed: 0.269 s -- in si.confreg.registration.security.SecurityFiltersTest
[INFO] Running si.confreg.registration.service.RegistrationServiceTest
21:10:10.726 [main] INFO si.confreg.registration.service.RegistrationService -- Registration REG-1234567 stored and confirmed
21:10:10.734 [main] INFO si.confreg.registration.service.RegistrationService -- Registration REG-000042 stored and confirmed
21:10:10.744 [main] INFO si.confreg.registration.service.RegistrationService -- Registration rejected; invalid fields: [firstName, email, companyName, workshops]
21:10:10.762 [main] WARN si.confreg.registration.service.RegistrationService -- Registration REG-000001 rolled back: confirmation e-mail not sent (IllegalStateException)
[INFO] Tests run: 5, Failures: 0, Errors: 0, Skipped: 0, Time elapsed: 0.445 s -- in si.confreg.registration.service.RegistrationServiceTest
[INFO] Running si.confreg.registration.time.AppClockTest
[INFO] Tests run: 4, Failures: 0, Errors: 0, Skipped: 0, Time elapsed: 0.040 s -- in si.confreg.registration.time.AppClockTest
[INFO] 
[INFO] Results:
[INFO] 
[INFO] Tests run: 94, Failures: 0, Errors: 0, Skipped: 0
[INFO] 
[INFO] 
[INFO] --- jacoco:0.8.12:report (default-cli) @ registration-backend ---
[INFO] Loading execution data file E:\13 - Lab Projects\03_Vasilka_Testing\kyuhi\confreg-C1\02_output\backend\target\jacoco.exec
[INFO] Analyzed bundle 'registration-backend' with 33 classes
[INFO] ------------------------------------------------------------------------
[INFO] BUILD SUCCESS
[INFO] ------------------------------------------------------------------------
[INFO] Total time:  16.003 s
[INFO] Finished at: 2026-10-06T21:10:11+02:00
[INFO] ------------------------------------------------------------------------
