[INFO] Scanning for projects...
[INFO] 
[INFO] ------------------< si.confreg:registration-backend >-------------------
[INFO] Building registration-backend 1.0.0
[INFO]   from pom.xml
[INFO] --------------------------------[ jar ]---------------------------------
[INFO] 
[INFO] --- jacoco:0.8.12:prepare-agent (prepare-agent) @ registration-backend ---
[INFO] argLine set to "-javaagent:C:\\Users\\sense\\.m2\\repository\\org\\jacoco\\org.jacoco.agent\\0.8.12\\org.jacoco.agent-0.8.12-runtime.jar=destfile=E:\\13 - Lab Projects\\03_Vasilka_Testing\\kyuhi\\confreg-C1\\02_output\\backend\\target\\jacoco.exec"
[INFO] 
[INFO] --- resources:3.5.0:resources (default-resources) @ registration-backend ---
[INFO] Copying 2 resources from src\main\resources to target\classes
[INFO] Copying 1 resource from src\main\resources to target\classes
[INFO] 
[INFO] --- compiler:3.15.0:compile (default-compile) @ registration-backend ---
[INFO] Nothing to compile - all classes are up to date.
[INFO] 
[INFO] --- resources:3.5.0:testResources (default-testResources) @ registration-backend ---
[INFO] Copying 2 resources from src\test\resources to target\test-classes
[INFO] 
[INFO] --- compiler:3.15.0:testCompile (default-testCompile) @ registration-backend ---
[INFO] Nothing to compile - all classes are up to date.
[INFO] 
[INFO] --- surefire:3.5.6:test (default-test) @ registration-backend ---
[INFO] Using auto detected provider org.apache.maven.surefire.junitplatform.JUnitPlatformProvider
[INFO] 
[INFO] -------------------------------------------------------
[INFO]  T E S T S
[INFO] -------------------------------------------------------
[INFO] Running si.confreg.registration.acceptance.ConfirmationEmailAcceptanceTest
21:12:33.316 [main] INFO org.springframework.test.context.support.AnnotationConfigContextLoaderUtils -- Could not detect default configuration classes for test class [si.confreg.registration.acceptance.ConfirmationEmailAcceptanceTest]: ConfirmationEmailAcceptanceTest does not declare any static, non-private, non-final, nested classes annotated with @Configuration.
21:12:33.560 [main] INFO org.springframework.boot.test.context.SpringBootTestContextBootstrapper -- Found @SpringBootConfiguration si.confreg.registration.RegistrationApplication for test class si.confreg.registration.acceptance.ConfirmationEmailAcceptanceTest
21:12:33.739 [main] INFO org.springframework.test.context.support.AnnotationConfigContextLoaderUtils -- Could not detect default configuration classes for test class [si.confreg.registration.acceptance.ConfirmationEmailAcceptanceTest]: ConfirmationEmailAcceptanceTest does not declare any static, non-private, non-final, nested classes annotated with @Configuration.
21:12:33.739 [main] INFO org.springframework.test.context.support.AnnotationConfigContextLoaderUtils -- Could not detect default configuration classes for test class [si.confreg.registration.acceptance.AcceptanceTestBase]: AcceptanceTestBase does not declare any static, non-private, non-final, nested classes annotated with @Configuration.
21:12:33.742 [main] INFO org.springframework.boot.test.context.SpringBootTestContextBootstrapper -- Found @SpringBootConfiguration si.confreg.registration.RegistrationApplication for test class si.confreg.registration.acceptance.ConfirmationEmailAcceptanceTest
21:12:33.810 [main] INFO org.testcontainers.images.PullPolicy -- Image pull policy will be performed by: DefaultPullPolicy()
21:12:33.814 [main] INFO org.testcontainers.utility.ImageNameSubstitutor -- Image name substitution will be performed by: DefaultImageNameSubstitutor (composite of 'ConfigurationFileImageNameSubstitutor' and 'PrefixingImageNameSubstitutor')
21:12:34.383 [main] INFO org.testcontainers.DockerClientFactory -- Testcontainers version: 2.0.5
21:12:34.906 [main] INFO org.testcontainers.dockerclient.DockerClientProviderStrategy -- Loaded org.testcontainers.dockerclient.NpipeSocketClientProviderStrategy from ~/.testcontainers.properties, will try it first
21:12:35.451 [main] INFO org.testcontainers.dockerclient.DockerClientProviderStrategy -- Found Docker environment with local Npipe socket (npipe:////./pipe/docker_engine)
21:12:35.453 [main] INFO org.testcontainers.DockerClientFactory -- Docker host IP address is localhost
21:12:35.478 [main] INFO org.testcontainers.DockerClientFactory -- Connected to docker: 
  Server Version: 29.8.1
  API Version: 1.56
  Operating System: Docker Desktop
  Total Memory: 40065 MB
  Labels: 
    com.docker.desktop.address=npipe://\\.\pipe\docker_cli
21:12:35.591 [main] INFO tc.testcontainers/ryuk:0.14.0 -- Creating container for image: testcontainers/ryuk:0.14.0
21:12:35.976 [main] INFO tc.testcontainers/ryuk:0.14.0 -- Container testcontainers/ryuk:0.14.0 is starting: 93b628e3723d8b004788eef33521112f2ca0310bf5bb8afc5d7025dadccb3260
21:12:36.585 [main] INFO tc.testcontainers/ryuk:0.14.0 -- Container testcontainers/ryuk:0.14.0 started in PT0.9936602S
21:12:36.614 [main] INFO org.testcontainers.utility.RyukResourceReaper -- Ryuk started - will monitor and terminate Testcontainers containers on JVM exit
21:12:36.615 [main] INFO org.testcontainers.DockerClientFactory -- Checking the system...
21:12:36.615 [main] INFO org.testcontainers.DockerClientFactory -- ?? Docker server version should be at least 1.6.0
21:12:36.616 [main] INFO tc.postgres:16.15-alpine -- Creating container for image: postgres:16.15-alpine
21:12:36.777 [main] INFO tc.postgres:16.15-alpine -- Container postgres:16.15-alpine is starting: 633c529b019354573d2b2011dfe9d3210c0215df9958a00a8ff1941c6483f58d
21:12:38.918 [main] INFO tc.postgres:16.15-alpine -- Container postgres:16.15-alpine started in PT2.3013382S
21:12:38.918 [main] INFO tc.postgres:16.15-alpine -- Container is started (JDBC URL: jdbc:postgresql://localhost:61895/test?loggerLevel=OFF)
21:12:38.919 [main] INFO tc.axllent/mailpit:v1.31.1 -- Creating container for image: axllent/mailpit:v1.31.1
21:12:39.040 [main] INFO tc.axllent/mailpit:v1.31.1 -- Container axllent/mailpit:v1.31.1 is starting: b9a723d0eb3d6c10276f494488dbfc5c6caff4311dc460fde182ac1f59e6902e
21:12:39.465 [main] INFO tc.axllent/mailpit:v1.31.1 -- Container axllent/mailpit:v1.31.1 started in PT0.5461536S

  .   ____          _            __ _ _
 /\\ / ___'_ __ _ _(_)_ __  __ _ \ \ \ \
( ( )\___ | '_ | '_| | '_ \/ _` | \ \ \ \
 \\/  ___)| |_)| | | | | || (_| |  ) ) ) )
  '  |____| .__|_| |_|_| |_\__, | / / / /
 =========|_|==============|___/=/_/_/_/

 :: Spring Boot ::                (v4.1.1)

2026-10-06T21:12:40.016+02:00  INFO 32572 --- [registration-backend] [           main] s.c.r.a.ConfirmationEmailAcceptanceTest  : Starting ConfirmationEmailAcceptanceTest using Java 21.0.10 with PID 32572 (started by sense in E:\13 - Lab Projects\03_Vasilka_Testing\kyuhi\confreg-C1\02_output\backend)
2026-10-06T21:12:40.017+02:00  INFO 32572 --- [registration-backend] [           main] s.c.r.a.ConfirmationEmailAcceptanceTest  : No active profile set, falling back to 1 default profile: "default"
2026-10-06T21:12:41.122+02:00  INFO 32572 --- [registration-backend] [           main] .s.d.r.c.RepositoryConfigurationDelegate : Bootstrapping Spring Data JPA repositories in DEFAULT mode.
2026-10-06T21:12:41.218+02:00  INFO 32572 --- [registration-backend] [           main] .s.d.r.c.RepositoryConfigurationDelegate : Finished Spring Data repository scanning in 81 ms. Found 1 JPA repository interface.
2026-10-06T21:12:42.565+02:00  INFO 32572 --- [registration-backend] [           main] o.s.boot.tomcat.TomcatWebServer          : Tomcat initialized with port 0 (http)
2026-10-06T21:12:42.591+02:00  INFO 32572 --- [registration-backend] [           main] o.apache.catalina.core.StandardService   : Starting service [Tomcat]
2026-10-06T21:12:42.592+02:00  INFO 32572 --- [registration-backend] [           main] o.apache.catalina.core.StandardEngine    : Starting Servlet engine: [Apache Tomcat/11.0.26]
2026-10-06T21:12:42.692+02:00  INFO 32572 --- [registration-backend] [           main] b.w.c.s.WebApplicationContextInitializer : Root WebApplicationContext: initialization completed in 2646 ms
2026-10-06T21:12:43.318+02:00  INFO 32572 --- [registration-backend] [           main] com.zaxxer.hikari.HikariDataSource       : HikariPool-1 - Starting...
2026-10-06T21:12:43.552+02:00  INFO 32572 --- [registration-backend] [           main] com.zaxxer.hikari.pool.HikariPool        : HikariPool-1 - Added connection org.postgresql.jdbc.PgConnection@7fae2be3
2026-10-06T21:12:43.554+02:00  INFO 32572 --- [registration-backend] [           main] com.zaxxer.hikari.HikariDataSource       : HikariPool-1 - Start completed.
2026-10-06T21:12:43.592+02:00  INFO 32572 --- [registration-backend] [           main] org.flywaydb.core.FlywayExecutor         : Database: jdbc:postgresql://localhost:61895/test?loggerLevel=OFF (PostgreSQL 16.15)
2026-10-06T21:12:43.669+02:00  INFO 32572 --- [registration-backend] [           main] o.f.c.i.s.JdbcTableSchemaHistory         : Schema history table "public"."flyway_schema_history" does not exist yet
2026-10-06T21:12:43.675+02:00  INFO 32572 --- [registration-backend] [           main] o.f.core.internal.command.DbValidate     : Successfully validated 1 migration (execution time 00:00.025s)
2026-10-06T21:12:43.698+02:00  INFO 32572 --- [registration-backend] [           main] o.f.c.i.s.JdbcTableSchemaHistory         : Creating Schema History table "public"."flyway_schema_history" ...
2026-10-06T21:12:43.766+02:00  INFO 32572 --- [registration-backend] [           main] o.f.core.internal.command.DbMigrate      : Current version of schema "public": << Empty Schema >>
2026-10-06T21:12:43.783+02:00  INFO 32572 --- [registration-backend] [           main] o.f.core.internal.command.DbMigrate      : Migrating schema "public" to version "1 - create registration"
2026-10-06T21:12:43.828+02:00  INFO 32572 --- [registration-backend] [           main] o.f.core.internal.command.DbMigrate      : Successfully applied 1 migration to schema "public", now at version v1 (execution time 00:00.020s)
2026-10-06T21:12:43.985+02:00  INFO 32572 --- [registration-backend] [           main] org.hibernate.orm.jpa                    : HHH008540: Processing PersistenceUnitInfo [name: default]
2026-10-06T21:12:44.082+02:00  INFO 32572 --- [registration-backend] [           main] org.hibernate.orm.core                   : HHH000001: Hibernate ORM core version 7.4.5.Final
2026-10-06T21:12:44.765+02:00  INFO 32572 --- [registration-backend] [           main] o.s.o.j.p.SpringPersistenceUnitInfo      : No LoadTimeWeaver setup: ignoring JPA class transformer
2026-10-06T21:12:44.926+02:00  INFO 32572 --- [registration-backend] [           main] org.hibernate.orm.connections.pooling    : HHH10001005: Database info:
	Database JDBC URL [jdbc:postgresql://localhost:61895/test?loggerLevel=OFF]
	Database driver: PostgreSQL JDBC Driver
	Database dialect: PostgreSQLDialect
	Database version: 16.15
	Default catalog/schema: test/public
	Autocommit mode: undefined/unknown
	Isolation level: READ_COMMITTED [default READ_COMMITTED]
	JDBC fetch size: none
	Pool: DataSourceConnectionProvider
	Minimum pool size: undefined/unknown
	Maximum pool size: undefined/unknown
2026-10-06T21:12:46.188+02:00  INFO 32572 --- [registration-backend] [           main] org.hibernate.orm.core                   : HHH000489: No JTA platform available (set 'hibernate.transaction.jta.platform' to enable JTA platform integration)
2026-10-06T21:12:46.258+02:00  INFO 32572 --- [registration-backend] [           main] j.LocalContainerEntityManagerFactoryBean : Initialized JPA EntityManagerFactory for persistence unit 'default'
2026-10-06T21:12:46.368+02:00  INFO 32572 --- [registration-backend] [           main] o.s.d.j.r.query.QueryEnhancerFactories   : Hibernate is in classpath; If applicable, HQL parser will be used.
2026-10-06T21:12:47.067+02:00  INFO 32572 --- [registration-backend] [           main] r$InitializeUserDetailsManagerConfigurer : Global AuthenticationManager configured with UserDetailsService bean with name organizers
2026-10-06T21:12:47.899+02:00  INFO 32572 --- [registration-backend] [           main] o.s.b.a.e.web.EndpointLinksResolver      : Exposing 1 endpoint beneath base path '/actuator'
2026-10-06T21:12:47.993+02:00  INFO 32572 --- [registration-backend] [           main] o.s.boot.tomcat.TomcatWebServer          : Tomcat started on port 53162 (http) with context path '/'
2026-10-06T21:12:48.004+02:00  INFO 32572 --- [registration-backend] [           main] s.c.r.a.ConfirmationEmailAcceptanceTest  : Started ConfirmationEmailAcceptanceTest in 8.494 seconds (process running for 16.79)
Mockito is currently self-attaching to enable the inline-mock-maker. This will no longer work in future releases of the JDK. Please add Mockito as an agent to your build as described in Mockito's documentation: https://javadoc.io/doc/org.mockito/mockito-core/latest/org.mockito/org/mockito/Mockito.html#0.3
OpenJDK 64-Bit Server VM warning: Sharing is only supported for boot loader classes because bootstrap classpath has been appended
WARNING: A Java agent has been loaded dynamically (C:\Users\sense\.m2\repository\net\bytebuddy\byte-buddy-agent\1.18.11\byte-buddy-agent-1.18.11.jar)
WARNING: If a serviceability tool is in use, please run with -XX:+EnableDynamicAgentLoading to hide this warning
WARNING: If a serviceability tool is not in use, please run with -Djdk.instrument.traceUsage for more information
WARNING: Dynamic loading of agents will be disallowed by default in a future release
2026-10-06T21:12:48.778+02:00  INFO 32572 --- [registration-backend] [o-auto-1-exec-1] o.a.c.c.C.[Tomcat].[localhost].[/]       : Initializing Spring DispatcherServlet 'dispatcherServlet'
2026-10-06T21:12:48.778+02:00  INFO 32572 --- [registration-backend] [o-auto-1-exec-1] o.s.web.servlet.DispatcherServlet        : Initializing Servlet 'dispatcherServlet'
2026-10-06T21:12:48.781+02:00  INFO 32572 --- [registration-backend] [o-auto-1-exec-1] o.s.web.servlet.DispatcherServlet        : Completed initialization in 2 ms
2026-10-06T21:12:54.126+02:00  INFO 32572 --- [registration-backend] [o-auto-1-exec-1] s.c.r.service.RegistrationService        : Registration REG-000001 stored and confirmed
2026-10-06T21:12:58.838+02:00  INFO 32572 --- [registration-backend] [o-auto-1-exec-2] s.c.r.service.RegistrationService        : Registration REG-000002 stored and confirmed
[INFO] Tests run: 2, Failures: 0, Errors: 0, Skipped: 0, Time elapsed: 25.87 s -- in si.confreg.registration.acceptance.ConfirmationEmailAcceptanceTest
[INFO] Running si.confreg.registration.acceptance.FeeAcceptanceTest
2026-10-06T21:12:58.866+02:00  INFO 32572 --- [registration-backend] [           main] t.c.s.AnnotationConfigContextLoaderUtils : Could not detect default configuration classes for test class [si.confreg.registration.acceptance.FeeAcceptanceTest]: FeeAcceptanceTest does not declare any static, non-private, non-final, nested classes annotated with @Configuration.
2026-10-06T21:12:58.868+02:00  INFO 32572 --- [registration-backend] [           main] .b.t.c.SpringBootTestContextBootstrapper : Found @SpringBootConfiguration si.confreg.registration.RegistrationApplication for test class si.confreg.registration.acceptance.FeeAcceptanceTest
2026-10-06T21:12:58.869+02:00  INFO 32572 --- [registration-backend] [           main] t.c.s.AnnotationConfigContextLoaderUtils : Could not detect default configuration classes for test class [si.confreg.registration.acceptance.FeeAcceptanceTest]: FeeAcceptanceTest does not declare any static, non-private, non-final, nested classes annotated with @Configuration.
2026-10-06T21:12:58.869+02:00  INFO 32572 --- [registration-backend] [           main] t.c.s.AnnotationConfigContextLoaderUtils : Could not detect default configuration classes for test class [si.confreg.registration.acceptance.AcceptanceTestBase]: AcceptanceTestBase does not declare any static, non-private, non-final, nested classes annotated with @Configuration.
2026-10-06T21:12:58.870+02:00  INFO 32572 --- [registration-backend] [           main] .b.t.c.SpringBootTestContextBootstrapper : Found @SpringBootConfiguration si.confreg.registration.RegistrationApplication for test class si.confreg.registration.acceptance.FeeAcceptanceTest
2026-10-06T21:12:58.947+02:00  INFO 32572 --- [registration-backend] [o-auto-1-exec-3] s.c.r.service.RegistrationService        : Registration REG-000003 stored and confirmed
2026-10-06T21:12:59.004+02:00  INFO 32572 --- [registration-backend] [o-auto-1-exec-4] s.c.r.service.RegistrationService        : Registration REG-000004 stored and confirmed
2026-10-06T21:12:59.058+02:00  INFO 32572 --- [registration-backend] [o-auto-1-exec-5] s.c.r.service.RegistrationService        : Registration REG-000005 stored and confirmed
2026-10-06T21:12:59.110+02:00  INFO 32572 --- [registration-backend] [o-auto-1-exec-6] s.c.r.service.RegistrationService        : Registration REG-000006 stored and confirmed
2026-10-06T21:12:59.166+02:00  INFO 32572 --- [registration-backend] [o-auto-1-exec-7] s.c.r.service.RegistrationService        : Registration REG-000007 stored and confirmed
2026-10-06T21:12:59.218+02:00  INFO 32572 --- [registration-backend] [o-auto-1-exec-8] s.c.r.service.RegistrationService        : Registration REG-000008 stored and confirmed
2026-10-06T21:12:59.245+02:00  INFO 32572 --- [registration-backend] [o-auto-1-exec-9] s.c.r.service.RegistrationService        : Registration REG-000009 stored and confirmed
2026-10-06T21:12:59.307+02:00  INFO 32572 --- [registration-backend] [-auto-1-exec-10] s.c.r.service.RegistrationService        : Registration REG-000010 stored and confirmed
2026-10-06T21:13:04.303+02:00  INFO 32572 --- [registration-backend] [o-auto-1-exec-1] s.c.r.service.RegistrationService        : Registration REG-000011 stored and confirmed
2026-10-06T21:13:08.920+02:00  INFO 32572 --- [registration-backend] [o-auto-1-exec-2] s.c.r.service.RegistrationService        : Registration REG-000012 stored and confirmed
[INFO] Tests run: 9, Failures: 0, Errors: 0, Skipped: 0, Time elapsed: 10.06 s -- in si.confreg.registration.acceptance.FeeAcceptanceTest
[INFO] Running si.confreg.registration.acceptance.InvoiceDataAcceptanceTest
2026-10-06T21:13:08.930+02:00  INFO 32572 --- [registration-backend] [           main] t.c.s.AnnotationConfigContextLoaderUtils : Could not detect default configuration classes for test class [si.confreg.registration.acceptance.InvoiceDataAcceptanceTest]: InvoiceDataAcceptanceTest does not declare any static, non-private, non-final, nested classes annotated with @Configuration.
2026-10-06T21:13:08.932+02:00  INFO 32572 --- [registration-backend] [           main] .b.t.c.SpringBootTestContextBootstrapper : Found @SpringBootConfiguration si.confreg.registration.RegistrationApplication for test class si.confreg.registration.acceptance.InvoiceDataAcceptanceTest
2026-10-06T21:13:08.932+02:00  INFO 32572 --- [registration-backend] [           main] t.c.s.AnnotationConfigContextLoaderUtils : Could not detect default configuration classes for test class [si.confreg.registration.acceptance.InvoiceDataAcceptanceTest]: InvoiceDataAcceptanceTest does not declare any static, non-private, non-final, nested classes annotated with @Configuration.
2026-10-06T21:13:08.933+02:00  INFO 32572 --- [registration-backend] [           main] t.c.s.AnnotationConfigContextLoaderUtils : Could not detect default configuration classes for test class [si.confreg.registration.acceptance.AcceptanceTestBase]: AcceptanceTestBase does not declare any static, non-private, non-final, nested classes annotated with @Configuration.
2026-10-06T21:13:08.933+02:00  INFO 32572 --- [registration-backend] [           main] .b.t.c.SpringBootTestContextBootstrapper : Found @SpringBootConfiguration si.confreg.registration.RegistrationApplication for test class si.confreg.registration.acceptance.InvoiceDataAcceptanceTest
2026-10-06T21:13:09.001+02:00  INFO 32572 --- [registration-backend] [o-auto-1-exec-3] s.c.r.service.RegistrationService        : Registration REG-000013 stored and confirmed
2026-10-06T21:13:09.061+02:00  INFO 32572 --- [registration-backend] [o-auto-1-exec-5] s.c.r.service.RegistrationService        : Registration REG-000014 stored and confirmed
2026-10-06T21:13:14.802+02:00  INFO 32572 --- [registration-backend] [o-auto-1-exec-7] s.c.r.service.RegistrationService        : Registration REG-000015 stored and confirmed
[INFO] Tests run: 3, Failures: 0, Errors: 0, Skipped: 0, Time elapsed: 5.952 s -- in si.confreg.registration.acceptance.InvoiceDataAcceptanceTest
[INFO] Running si.confreg.registration.acceptance.MailFailureAcceptanceTest
2026-10-06T21:13:14.884+02:00  INFO 32572 --- [registration-backend] [           main] t.c.s.AnnotationConfigContextLoaderUtils : Could not detect default configuration classes for test class [si.confreg.registration.acceptance.MailFailureAcceptanceTest]: MailFailureAcceptanceTest does not declare any static, non-private, non-final, nested classes annotated with @Configuration.
2026-10-06T21:13:14.885+02:00  INFO 32572 --- [registration-backend] [           main] .b.t.c.SpringBootTestContextBootstrapper : Found @SpringBootConfiguration si.confreg.registration.RegistrationApplication for test class si.confreg.registration.acceptance.MailFailureAcceptanceTest
2026-10-06T21:13:14.887+02:00  INFO 32572 --- [registration-backend] [           main] t.c.s.AnnotationConfigContextLoaderUtils : Could not detect default configuration classes for test class [si.confreg.registration.acceptance.MailFailureAcceptanceTest]: MailFailureAcceptanceTest does not declare any static, non-private, non-final, nested classes annotated with @Configuration.
2026-10-06T21:13:14.887+02:00  INFO 32572 --- [registration-backend] [           main] t.c.s.AnnotationConfigContextLoaderUtils : Could not detect default configuration classes for test class [si.confreg.registration.acceptance.AcceptanceTestBase]: AcceptanceTestBase does not declare any static, non-private, non-final, nested classes annotated with @Configuration.
2026-10-06T21:13:14.888+02:00  INFO 32572 --- [registration-backend] [           main] .b.t.c.SpringBootTestContextBootstrapper : Found @SpringBootConfiguration si.confreg.registration.RegistrationApplication for test class si.confreg.registration.acceptance.MailFailureAcceptanceTest
2026-10-06T21:13:19.959+02:00  WARN 32572 --- [registration-backend] [o-auto-1-exec-9] s.c.r.service.RegistrationService        : Registration REG-000016 rolled back: confirmation e-mail not sent (MailSendException)
[INFO] Tests run: 1, Failures: 0, Errors: 0, Skipped: 0, Time elapsed: 5.136 s -- in si.confreg.registration.acceptance.MailFailureAcceptanceTest
[INFO] Running si.confreg.registration.acceptance.RegistrationResponseAcceptanceTest
2026-10-06T21:13:20.022+02:00  INFO 32572 --- [registration-backend] [           main] t.c.s.AnnotationConfigContextLoaderUtils : Could not detect default configuration classes for test class [si.confreg.registration.acceptance.RegistrationResponseAcceptanceTest]: RegistrationResponseAcceptanceTest does not declare any static, non-private, non-final, nested classes annotated with @Configuration.
2026-10-06T21:13:20.024+02:00  INFO 32572 --- [registration-backend] [           main] .b.t.c.SpringBootTestContextBootstrapper : Found @SpringBootConfiguration si.confreg.registration.RegistrationApplication for test class si.confreg.registration.acceptance.RegistrationResponseAcceptanceTest
2026-10-06T21:13:20.025+02:00  INFO 32572 --- [registration-backend] [           main] t.c.s.AnnotationConfigContextLoaderUtils : Could not detect default configuration classes for test class [si.confreg.registration.acceptance.RegistrationResponseAcceptanceTest]: RegistrationResponseAcceptanceTest does not declare any static, non-private, non-final, nested classes annotated with @Configuration.
2026-10-06T21:13:20.025+02:00  INFO 32572 --- [registration-backend] [           main] t.c.s.AnnotationConfigContextLoaderUtils : Could not detect default configuration classes for test class [si.confreg.registration.acceptance.AcceptanceTestBase]: AcceptanceTestBase does not declare any static, non-private, non-final, nested classes annotated with @Configuration.
2026-10-06T21:13:20.026+02:00  INFO 32572 --- [registration-backend] [           main] .b.t.c.SpringBootTestContextBootstrapper : Found @SpringBootConfiguration si.confreg.registration.RegistrationApplication for test class si.confreg.registration.acceptance.RegistrationResponseAcceptanceTest
2026-10-06T21:13:25.010+02:00  INFO 32572 --- [registration-backend] [-auto-1-exec-10] s.c.r.service.RegistrationService        : Registration REG-000017 stored and confirmed
2026-10-06T21:13:29.621+02:00  INFO 32572 --- [registration-backend] [o-auto-1-exec-1] s.c.r.service.RegistrationService        : Registration REG-000018 stored and confirmed
2026-10-06T21:13:29.646+02:00  INFO 32572 --- [registration-backend] [o-auto-1-exec-2] s.c.r.service.RegistrationService        : Registration REG-000019 stored and confirmed
2026-10-06T21:13:29.673+02:00  INFO 32572 --- [registration-backend] [o-auto-1-exec-3] s.c.r.service.RegistrationService        : Registration REG-000020 stored and confirmed
2026-10-06T21:13:29.716+02:00  INFO 32572 --- [registration-backend] [o-auto-1-exec-4] s.c.r.service.RegistrationService        : Registration REG-000021 stored and confirmed
2026-10-06T21:13:29.874+02:00  INFO 32572 --- [registration-backend] [o-auto-1-exec-6] s.c.r.service.RegistrationService        : Registration REG-000022 stored and confirmed
[INFO] Tests run: 4, Failures: 0, Errors: 0, Skipped: 0, Time elapsed: 9.874 s -- in si.confreg.registration.acceptance.RegistrationResponseAcceptanceTest
[INFO] Running si.confreg.registration.acceptance.ValidationAcceptanceTest
2026-10-06T21:13:29.897+02:00  INFO 32572 --- [registration-backend] [           main] t.c.s.AnnotationConfigContextLoaderUtils : Could not detect default configuration classes for test class [si.confreg.registration.acceptance.ValidationAcceptanceTest]: ValidationAcceptanceTest does not declare any static, non-private, non-final, nested classes annotated with @Configuration.
2026-10-06T21:13:29.900+02:00  INFO 32572 --- [registration-backend] [           main] .b.t.c.SpringBootTestContextBootstrapper : Found @SpringBootConfiguration si.confreg.registration.RegistrationApplication for test class si.confreg.registration.acceptance.ValidationAcceptanceTest
2026-10-06T21:13:29.901+02:00  INFO 32572 --- [registration-backend] [           main] t.c.s.AnnotationConfigContextLoaderUtils : Could not detect default configuration classes for test class [si.confreg.registration.acceptance.ValidationAcceptanceTest]: ValidationAcceptanceTest does not declare any static, non-private, non-final, nested classes annotated with @Configuration.
2026-10-06T21:13:29.901+02:00  INFO 32572 --- [registration-backend] [           main] t.c.s.AnnotationConfigContextLoaderUtils : Could not detect default configuration classes for test class [si.confreg.registration.acceptance.AcceptanceTestBase]: AcceptanceTestBase does not declare any static, non-private, non-final, nested classes annotated with @Configuration.
2026-10-06T21:13:29.902+02:00  INFO 32572 --- [registration-backend] [           main] .b.t.c.SpringBootTestContextBootstrapper : Found @SpringBootConfiguration si.confreg.registration.RegistrationApplication for test class si.confreg.registration.acceptance.ValidationAcceptanceTest
2026-10-06T21:13:29.938+02:00  INFO 32572 --- [registration-backend] [o-auto-1-exec-7] s.c.r.service.RegistrationService        : Registration rejected; invalid fields: [email]
2026-10-06T21:13:30.370+02:00  INFO 32572 --- [registration-backend] [o-auto-1-exec-8] s.c.r.service.RegistrationService        : Registration rejected; invalid fields: [payerType]
2026-10-06T21:13:30.734+02:00  INFO 32572 --- [registration-backend] [o-auto-1-exec-9] s.c.r.service.RegistrationService        : Registration rejected; invalid fields: [payerType]
2026-10-06T21:13:31.104+02:00  INFO 32572 --- [registration-backend] [-auto-1-exec-10] s.c.r.service.RegistrationService        : Registration rejected; invalid fields: [payerType]
2026-10-06T21:13:31.477+02:00  INFO 32572 --- [registration-backend] [o-auto-1-exec-1] s.c.r.service.RegistrationService        : Registration rejected; invalid fields: [firstName]
2026-10-06T21:13:31.849+02:00  INFO 32572 --- [registration-backend] [o-auto-1-exec-2] s.c.r.service.RegistrationService        : Registration rejected; invalid fields: [lastName]
2026-10-06T21:13:32.225+02:00  INFO 32572 --- [registration-backend] [o-auto-1-exec-3] s.c.r.service.RegistrationService        : Registration rejected; invalid fields: [email]
2026-10-06T21:13:32.278+02:00  INFO 32572 --- [registration-backend] [o-auto-1-exec-4] s.c.r.service.RegistrationService        : Registration rejected; invalid fields: [payerType]
2026-10-06T21:13:37.607+02:00  INFO 32572 --- [registration-backend] [o-auto-1-exec-5] s.c.r.service.RegistrationService        : Registration REG-000023 stored and confirmed
2026-10-06T21:13:42.218+02:00  INFO 32572 --- [registration-backend] [o-auto-1-exec-6] s.c.r.service.RegistrationService        : Registration REG-000024 stored and confirmed
2026-10-06T21:13:42.288+02:00  INFO 32572 --- [registration-backend] [o-auto-1-exec-7] s.c.r.service.RegistrationService        : Registration REG-000025 stored and confirmed
2026-10-06T21:13:42.330+02:00  INFO 32572 --- [registration-backend] [o-auto-1-exec-8] s.c.r.service.RegistrationService        : Registration REG-000026 stored and confirmed
2026-10-06T21:13:42.370+02:00  INFO 32572 --- [registration-backend] [o-auto-1-exec-9] s.c.r.service.RegistrationService        : Registration REG-000027 stored and confirmed
2026-10-06T21:13:42.408+02:00  INFO 32572 --- [registration-backend] [-auto-1-exec-10] s.c.r.service.RegistrationService        : Registration rejected; invalid fields: [firstName]
2026-10-06T21:13:42.771+02:00  INFO 32572 --- [registration-backend] [o-auto-1-exec-1] s.c.r.service.RegistrationService        : Registration rejected; invalid fields: [lastName]
2026-10-06T21:13:43.141+02:00  INFO 32572 --- [registration-backend] [o-auto-1-exec-2] s.c.r.service.RegistrationService        : Registration rejected; invalid fields: [email]
2026-10-06T21:13:43.195+02:00  INFO 32572 --- [registration-backend] [o-auto-1-exec-3] s.c.r.service.RegistrationService        : Registration rejected; invalid fields: [payerType]
2026-10-06T21:13:43.562+02:00  INFO 32572 --- [registration-backend] [o-auto-1-exec-4] s.c.r.service.RegistrationService        : Registration rejected; invalid fields: [companyName]
2026-10-06T21:13:43.933+02:00  INFO 32572 --- [registration-backend] [o-auto-1-exec-5] s.c.r.service.RegistrationService        : Registration rejected; invalid fields: [companyAddress]
2026-10-06T21:13:44.306+02:00  INFO 32572 --- [registration-backend] [o-auto-1-exec-6] s.c.r.service.RegistrationService        : Registration rejected; invalid fields: [companyVatId]
2026-10-06T21:13:44.678+02:00  INFO 32572 --- [registration-backend] [o-auto-1-exec-7] s.c.r.service.RegistrationService        : Registration rejected; invalid fields: [companyName]
2026-10-06T21:13:45.046+02:00  INFO 32572 --- [registration-backend] [o-auto-1-exec-8] s.c.r.service.RegistrationService        : Registration rejected; invalid fields: [companyAddress]
2026-10-06T21:13:45.405+02:00  INFO 32572 --- [registration-backend] [o-auto-1-exec-9] s.c.r.service.RegistrationService        : Registration rejected; invalid fields: [companyVatId]
2026-10-06T21:13:45.779+02:00  INFO 32572 --- [registration-backend] [-auto-1-exec-10] s.c.r.service.RegistrationService        : Registration rejected; invalid fields: [firstName]
2026-10-06T21:13:46.143+02:00  INFO 32572 --- [registration-backend] [o-auto-1-exec-1] s.c.r.service.RegistrationService        : Registration rejected; invalid fields: [lastName]
2026-10-06T21:13:46.498+02:00  INFO 32572 --- [registration-backend] [o-auto-1-exec-2] s.c.r.service.RegistrationService        : Registration rejected; invalid fields: [companyName]
2026-10-06T21:13:46.854+02:00  INFO 32572 --- [registration-backend] [o-auto-1-exec-3] s.c.r.service.RegistrationService        : Registration rejected; invalid fields: [companyAddress]
2026-10-06T21:13:47.220+02:00  INFO 32572 --- [registration-backend] [o-auto-1-exec-4] s.c.r.service.RegistrationService        : Registration rejected; invalid fields: [companyVatId]
2026-10-06T21:13:52.585+02:00  INFO 32572 --- [registration-backend] [o-auto-1-exec-5] s.c.r.service.RegistrationService        : Registration REG-000028 stored and confirmed
2026-10-06T21:13:52.622+02:00  INFO 32572 --- [registration-backend] [o-auto-1-exec-6] s.c.r.service.RegistrationService        : Registration rejected; invalid fields: [email]
2026-10-06T21:13:52.675+02:00  INFO 32572 --- [registration-backend] [o-auto-1-exec-7] s.c.r.service.RegistrationService        : Registration rejected; invalid fields: [email]
2026-10-06T21:13:52.729+02:00  INFO 32572 --- [registration-backend] [o-auto-1-exec-8] s.c.r.service.RegistrationService        : Registration rejected; invalid fields: [email]
2026-10-06T21:13:53.094+02:00  INFO 32572 --- [registration-backend] [o-auto-1-exec-9] s.c.r.service.RegistrationService        : Registration rejected; invalid fields: [email]
2026-10-06T21:13:53.462+02:00  INFO 32572 --- [registration-backend] [-auto-1-exec-10] s.c.r.service.RegistrationService        : Registration rejected; invalid fields: [email]
2026-10-06T21:13:53.834+02:00  INFO 32572 --- [registration-backend] [o-auto-1-exec-1] s.c.r.service.RegistrationService        : Registration rejected; invalid fields: [email]
2026-10-06T21:13:54.190+02:00  INFO 32572 --- [registration-backend] [o-auto-1-exec-2] s.c.r.service.RegistrationService        : Registration rejected; invalid fields: [email]
2026-10-06T21:13:54.563+02:00  INFO 32572 --- [registration-backend] [o-auto-1-exec-3] s.c.r.service.RegistrationService        : Registration rejected; invalid fields: [companyName]
2026-10-06T21:13:54.930+02:00  INFO 32572 --- [registration-backend] [o-auto-1-exec-4] s.c.r.service.RegistrationService        : Registration rejected; invalid fields: [companyAddress]
2026-10-06T21:13:55.304+02:00  INFO 32572 --- [registration-backend] [o-auto-1-exec-5] s.c.r.service.RegistrationService        : Registration rejected; invalid fields: [companyVatId]
[INFO] Tests run: 39, Failures: 0, Errors: 0, Skipped: 0, Time elapsed: 25.74 s -- in si.confreg.registration.acceptance.ValidationAcceptanceTest
[INFO] Running si.confreg.registration.acceptance.WorkshopAcceptanceTest
2026-10-06T21:13:55.643+02:00  INFO 32572 --- [registration-backend] [           main] t.c.s.AnnotationConfigContextLoaderUtils : Could not detect default configuration classes for test class [si.confreg.registration.acceptance.WorkshopAcceptanceTest]: WorkshopAcceptanceTest does not declare any static, non-private, non-final, nested classes annotated with @Configuration.
2026-10-06T21:13:55.644+02:00  INFO 32572 --- [registration-backend] [           main] .b.t.c.SpringBootTestContextBootstrapper : Found @SpringBootConfiguration si.confreg.registration.RegistrationApplication for test class si.confreg.registration.acceptance.WorkshopAcceptanceTest
2026-10-06T21:13:55.645+02:00  INFO 32572 --- [registration-backend] [           main] t.c.s.AnnotationConfigContextLoaderUtils : Could not detect default configuration classes for test class [si.confreg.registration.acceptance.WorkshopAcceptanceTest]: WorkshopAcceptanceTest does not declare any static, non-private, non-final, nested classes annotated with @Configuration.
2026-10-06T21:13:55.645+02:00  INFO 32572 --- [registration-backend] [           main] t.c.s.AnnotationConfigContextLoaderUtils : Could not detect default configuration classes for test class [si.confreg.registration.acceptance.AcceptanceTestBase]: AcceptanceTestBase does not declare any static, non-private, non-final, nested classes annotated with @Configuration.
2026-10-06T21:13:55.646+02:00  INFO 32572 --- [registration-backend] [           main] .b.t.c.SpringBootTestContextBootstrapper : Found @SpringBootConfiguration si.confreg.registration.RegistrationApplication for test class si.confreg.registration.acceptance.WorkshopAcceptanceTest
2026-10-06T21:14:00.671+02:00  INFO 32572 --- [registration-backend] [o-auto-1-exec-6] s.c.r.service.RegistrationService        : Registration REG-000029 stored and confirmed
2026-10-06T21:14:05.267+02:00  INFO 32572 --- [registration-backend] [o-auto-1-exec-7] s.c.r.service.RegistrationService        : Registration REG-000030 stored and confirmed
2026-10-06T21:14:05.309+02:00  INFO 32572 --- [registration-backend] [o-auto-1-exec-8] s.c.r.service.RegistrationService        : Registration rejected; invalid fields: [workshops]
2026-10-06T21:14:05.708+02:00  INFO 32572 --- [registration-backend] [o-auto-1-exec-9] s.c.r.service.RegistrationService        : Registration REG-000031 stored and confirmed
2026-10-06T21:14:10.725+02:00  INFO 32572 --- [registration-backend] [-auto-1-exec-10] s.c.r.service.RegistrationService        : Registration REG-000032 stored and confirmed
2026-10-06T21:14:10.761+02:00  INFO 32572 --- [registration-backend] [o-auto-1-exec-1] s.c.r.service.RegistrationService        : Registration rejected; invalid fields: [workshops]
2026-10-06T21:14:11.125+02:00  INFO 32572 --- [registration-backend] [o-auto-1-exec-2] s.c.r.service.RegistrationService        : Registration rejected; invalid fields: [workshops]
[INFO] Tests run: 6, Failures: 0, Errors: 0, Skipped: 0, Time elapsed: 15.82 s -- in si.confreg.registration.acceptance.WorkshopAcceptanceTest
[INFO] Running si.confreg.registration.api.ApiExceptionHandlerTest
2026-10-06T21:14:11.463+02:00 ERROR 32572 --- [registration-backend] [           main] s.c.r.api.ApiExceptionHandler            : Unexpected error: java.lang.IllegalStateException
[INFO] Tests run: 5, Failures: 0, Errors: 0, Skipped: 0, Time elapsed: 0.007 s -- in si.confreg.registration.api.ApiExceptionHandlerTest
[INFO] Running si.confreg.registration.architecture.ArchitectureTest
2026-10-06T21:14:11.487+02:00  INFO 32572 --- [registration-backend] [           main] com.tngtech.archunit.core.PluginLoader   : Detected Java version 21.0.10
[INFO] Tests run: 7, Failures: 0, Errors: 0, Skipped: 0, Time elapsed: 2.462 s -- in si.confreg.registration.architecture.ArchitectureTest
[INFO] Running si.confreg.registration.config.AppPropertiesTest
[INFO] Tests run: 10, Failures: 0, Errors: 0, Skipped: 0, Time elapsed: 0.045 s -- in si.confreg.registration.config.AppPropertiesTest
[INFO] Running si.confreg.registration.domain.PricingPolicyTest
[INFO] Tests run: 8, Failures: 0, Errors: 0, Skipped: 0, Time elapsed: 0.047 s -- in si.confreg.registration.domain.PricingPolicyTest
[INFO] Running si.confreg.registration.domain.RegistrationTest
[INFO] Tests run: 4, Failures: 0, Errors: 0, Skipped: 0, Time elapsed: 0.009 s -- in si.confreg.registration.domain.RegistrationTest
[INFO] Running si.confreg.registration.domain.RegistrationValidatorTest
[INFO] Tests run: 24, Failures: 0, Errors: 0, Skipped: 0, Time elapsed: 0.039 s -- in si.confreg.registration.domain.RegistrationValidatorTest
[INFO] Running si.confreg.registration.integration.LimitsIntegrationTest
2026-10-06T21:14:14.076+02:00  INFO 32572 --- [registration-backend] [           main] t.c.s.AnnotationConfigContextLoaderUtils : Could not detect default configuration classes for test class [si.confreg.registration.integration.LimitsIntegrationTest]: LimitsIntegrationTest does not declare any static, non-private, non-final, nested classes annotated with @Configuration.
2026-10-06T21:14:14.089+02:00  INFO 32572 --- [registration-backend] [           main] .b.t.c.SpringBootTestContextBootstrapper : Found @SpringBootConfiguration si.confreg.registration.RegistrationApplication for test class si.confreg.registration.integration.LimitsIntegrationTest
2026-10-06T21:14:14.090+02:00  INFO 32572 --- [registration-backend] [           main] t.c.s.AnnotationConfigContextLoaderUtils : Could not detect default configuration classes for test class [si.confreg.registration.integration.LimitsIntegrationTest]: LimitsIntegrationTest does not declare any static, non-private, non-final, nested classes annotated with @Configuration.
2026-10-06T21:14:14.091+02:00  INFO 32572 --- [registration-backend] [           main] t.c.s.AnnotationConfigContextLoaderUtils : Could not detect default configuration classes for test class [si.confreg.registration.integration.IntegrationTestBase]: IntegrationTestBase does not declare any static, non-private, non-final, nested classes annotated with @Configuration.
2026-10-06T21:14:14.092+02:00  INFO 32572 --- [registration-backend] [           main] .b.t.c.SpringBootTestContextBootstrapper : Found @SpringBootConfiguration si.confreg.registration.RegistrationApplication for test class si.confreg.registration.integration.LimitsIntegrationTest
2026-10-06T21:14:14.097+02:00  INFO 32572 --- [registration-backend] [           main] tc.postgres:16.15-alpine                 : Creating container for image: postgres:16.15-alpine
2026-10-06T21:14:14.232+02:00  INFO 32572 --- [registration-backend] [           main] tc.postgres:16.15-alpine                 : Container postgres:16.15-alpine is starting: 79d6b49a98bbca0623e86d74b4e881a637cd9a0f37ad5bb40c4522b1dc736a87
2026-10-06T21:14:16.466+02:00  INFO 32572 --- [registration-backend] [           main] tc.postgres:16.15-alpine                 : Container postgres:16.15-alpine started in PT2.368566S
2026-10-06T21:14:16.466+02:00  INFO 32572 --- [registration-backend] [           main] tc.postgres:16.15-alpine                 : Container is started (JDBC URL: jdbc:postgresql://localhost:58972/test?loggerLevel=OFF)
2026-10-06T21:14:16.466+02:00  INFO 32572 --- [registration-backend] [           main] tc.axllent/mailpit:v1.31.1               : Creating container for image: axllent/mailpit:v1.31.1
2026-10-06T21:14:16.592+02:00  INFO 32572 --- [registration-backend] [           main] tc.axllent/mailpit:v1.31.1               : Container axllent/mailpit:v1.31.1 is starting: a31678df1d93233c8a1386035fc466d7cd942e76b8188c12abbf235cda88ce2a
2026-10-06T21:14:16.979+02:00  INFO 32572 --- [registration-backend] [           main] tc.axllent/mailpit:v1.31.1               : Container axllent/mailpit:v1.31.1 started in PT0.5124492S

  .   ____          _            __ _ _
 /\\ / ___'_ __ _ _(_)_ __  __ _ \ \ \ \
( ( )\___ | '_ | '_| | '_ \/ _` | \ \ \ \
 \\/  ___)| |_)| | | | | || (_| |  ) ) ) )
  '  |____| .__|_| |_|_| |_\__, | / / / /
 =========|_|==============|___/=/_/_/_/

 :: Spring Boot ::                (v4.1.1)

2026-10-06T21:14:17.022+02:00  INFO 32572 --- [registration-backend] [           main] s.c.r.integration.LimitsIntegrationTest  : Starting LimitsIntegrationTest using Java 21.0.10 with PID 32572 (started by sense in E:\13 - Lab Projects\03_Vasilka_Testing\kyuhi\confreg-C1\02_output\backend)
2026-10-06T21:14:17.022+02:00  INFO 32572 --- [registration-backend] [           main] s.c.r.integration.LimitsIntegrationTest  : No active profile set, falling back to 1 default profile: "default"
2026-10-06T21:14:17.236+02:00  INFO 32572 --- [registration-backend] [           main] .s.d.r.c.RepositoryConfigurationDelegate : Bootstrapping Spring Data JPA repositories in DEFAULT mode.
2026-10-06T21:14:17.259+02:00  INFO 32572 --- [registration-backend] [           main] .s.d.r.c.RepositoryConfigurationDelegate : Finished Spring Data repository scanning in 20 ms. Found 1 JPA repository interface.
2026-10-06T21:14:17.367+02:00  INFO 32572 --- [registration-backend] [           main] o.s.boot.tomcat.TomcatWebServer          : Tomcat initialized with port 0 (http)
2026-10-06T21:14:17.368+02:00  INFO 32572 --- [registration-backend] [           main] o.apache.catalina.core.StandardService   : Starting service [Tomcat]
2026-10-06T21:14:17.368+02:00  INFO 32572 --- [registration-backend] [           main] o.apache.catalina.core.StandardEngine    : Starting Servlet engine: [Apache Tomcat/11.0.26]
2026-10-06T21:14:17.419+02:00  INFO 32572 --- [registration-backend] [           main] b.w.c.s.WebApplicationContextInitializer : Root WebApplicationContext: initialization completed in 395 ms
2026-10-06T21:14:17.498+02:00  INFO 32572 --- [registration-backend] [           main] com.zaxxer.hikari.HikariDataSource       : HikariPool-2 - Starting...
2026-10-06T21:14:17.524+02:00  INFO 32572 --- [registration-backend] [           main] com.zaxxer.hikari.pool.HikariPool        : HikariPool-2 - Added connection org.postgresql.jdbc.PgConnection@5d0ae599
2026-10-06T21:14:17.524+02:00  INFO 32572 --- [registration-backend] [           main] com.zaxxer.hikari.HikariDataSource       : HikariPool-2 - Start completed.
2026-10-06T21:14:17.526+02:00  INFO 32572 --- [registration-backend] [           main] org.flywaydb.core.FlywayExecutor         : Database: jdbc:postgresql://localhost:58972/test?loggerLevel=OFF (PostgreSQL 16.15)
2026-10-06T21:14:17.551+02:00  INFO 32572 --- [registration-backend] [           main] o.f.c.i.s.JdbcTableSchemaHistory         : Schema history table "public"."flyway_schema_history" does not exist yet
2026-10-06T21:14:17.553+02:00  INFO 32572 --- [registration-backend] [           main] o.f.core.internal.command.DbValidate     : Successfully validated 1 migration (execution time 00:00.005s)
2026-10-06T21:14:17.566+02:00  INFO 32572 --- [registration-backend] [           main] o.f.c.i.s.JdbcTableSchemaHistory         : Creating Schema History table "public"."flyway_schema_history" ...
2026-10-06T21:14:17.604+02:00  INFO 32572 --- [registration-backend] [           main] o.f.core.internal.command.DbMigrate      : Current version of schema "public": << Empty Schema >>
2026-10-06T21:14:17.612+02:00  INFO 32572 --- [registration-backend] [           main] o.f.core.internal.command.DbMigrate      : Migrating schema "public" to version "1 - create registration"
2026-10-06T21:14:17.647+02:00  INFO 32572 --- [registration-backend] [           main] o.f.core.internal.command.DbMigrate      : Successfully applied 1 migration to schema "public", now at version v1 (execution time 00:00.016s)
2026-10-06T21:14:17.670+02:00  INFO 32572 --- [registration-backend] [           main] org.hibernate.orm.jpa                    : HHH008540: Processing PersistenceUnitInfo [name: default]
2026-10-06T21:14:17.698+02:00  INFO 32572 --- [registration-backend] [           main] o.s.o.j.p.SpringPersistenceUnitInfo      : No LoadTimeWeaver setup: ignoring JPA class transformer
2026-10-06T21:14:17.707+02:00  INFO 32572 --- [registration-backend] [           main] org.hibernate.orm.connections.pooling    : HHH10001005: Database info:
	Database JDBC URL [jdbc:postgresql://localhost:58972/test?loggerLevel=OFF]
	Database driver: PostgreSQL JDBC Driver
	Database dialect: PostgreSQLDialect
	Database version: 16.15
	Default catalog/schema: test/public
	Autocommit mode: undefined/unknown
	Isolation level: READ_COMMITTED [default READ_COMMITTED]
	JDBC fetch size: none
	Pool: DataSourceConnectionProvider
	Minimum pool size: undefined/unknown
	Maximum pool size: undefined/unknown
2026-10-06T21:14:17.767+02:00  INFO 32572 --- [registration-backend] [           main] org.hibernate.orm.core                   : HHH000489: No JTA platform available (set 'hibernate.transaction.jta.platform' to enable JTA platform integration)
2026-10-06T21:14:17.785+02:00  INFO 32572 --- [registration-backend] [           main] j.LocalContainerEntityManagerFactoryBean : Initialized JPA EntityManagerFactory for persistence unit 'default'
2026-10-06T21:14:17.926+02:00  INFO 32572 --- [registration-backend] [           main] r$InitializeUserDetailsManagerConfigurer : Global AuthenticationManager configured with UserDetailsService bean with name organizers
2026-10-06T21:14:18.058+02:00  INFO 32572 --- [registration-backend] [           main] o.s.b.a.e.web.EndpointLinksResolver      : Exposing 1 endpoint beneath base path '/actuator'
2026-10-06T21:14:18.091+02:00  INFO 32572 --- [registration-backend] [           main] o.s.boot.tomcat.TomcatWebServer          : Tomcat started on port 58988 (http) with context path '/'
2026-10-06T21:14:18.095+02:00  INFO 32572 --- [registration-backend] [           main] s.c.r.integration.LimitsIntegrationTest  : Started LimitsIntegrationTest in 1.111 seconds (process running for 106.881)
2026-10-06T21:14:18.107+02:00  INFO 32572 --- [registration-backend] [o-auto-2-exec-1] o.a.c.c.C.[Tomcat-1].[localhost].[/]     : Initializing Spring DispatcherServlet 'dispatcherServlet'
2026-10-06T21:14:18.107+02:00  INFO 32572 --- [registration-backend] [o-auto-2-exec-1] o.s.web.servlet.DispatcherServlet        : Initializing Servlet 'dispatcherServlet'
2026-10-06T21:14:18.109+02:00  INFO 32572 --- [registration-backend] [o-auto-2-exec-1] o.s.web.servlet.DispatcherServlet        : Completed initialization in 1 ms
2026-10-06T21:14:23.112+02:00  INFO 32572 --- [registration-backend] [o-auto-2-exec-1] s.c.r.service.RegistrationService        : Registration REG-000001 stored and confirmed
2026-10-06T21:14:27.838+02:00  INFO 32572 --- [registration-backend] [o-auto-2-exec-3] s.c.r.service.RegistrationService        : Registration REG-000002 stored and confirmed
[INFO] Tests run: 1, Failures: 0, Errors: 0, Skipped: 0, Time elapsed: 13.80 s -- in si.confreg.registration.integration.LimitsIntegrationTest
[INFO] Running si.confreg.registration.integration.RegistrationIntegrationTest
2026-10-06T21:14:27.881+02:00  INFO 32572 --- [registration-backend] [           main] t.c.s.AnnotationConfigContextLoaderUtils : Could not detect default configuration classes for test class [si.confreg.registration.integration.RegistrationIntegrationTest]: RegistrationIntegrationTest does not declare any static, non-private, non-final, nested classes annotated with @Configuration.
2026-10-06T21:14:27.882+02:00  INFO 32572 --- [registration-backend] [           main] .b.t.c.SpringBootTestContextBootstrapper : Found @SpringBootConfiguration si.confreg.registration.RegistrationApplication for test class si.confreg.registration.integration.RegistrationIntegrationTest
2026-10-06T21:14:27.883+02:00  INFO 32572 --- [registration-backend] [           main] t.c.s.AnnotationConfigContextLoaderUtils : Could not detect default configuration classes for test class [si.confreg.registration.integration.RegistrationIntegrationTest]: RegistrationIntegrationTest does not declare any static, non-private, non-final, nested classes annotated with @Configuration.
2026-10-06T21:14:27.884+02:00  INFO 32572 --- [registration-backend] [           main] t.c.s.AnnotationConfigContextLoaderUtils : Could not detect default configuration classes for test class [si.confreg.registration.integration.IntegrationTestBase]: IntegrationTestBase does not declare any static, non-private, non-final, nested classes annotated with @Configuration.
2026-10-06T21:14:27.885+02:00  INFO 32572 --- [registration-backend] [           main] .b.t.c.SpringBootTestContextBootstrapper : Found @SpringBootConfiguration si.confreg.registration.RegistrationApplication for test class si.confreg.registration.integration.RegistrationIntegrationTest

  .   ____          _            __ _ _
 /\\ / ___'_ __ _ _(_)_ __  __ _ \ \ \ \
( ( )\___ | '_ | '_| | '_ \/ _` | \ \ \ \
 \\/  ___)| |_)| | | | | || (_| |  ) ) ) )
  '  |____| .__|_| |_|_| |_\__, | / / / /
 =========|_|==============|___/=/_/_/_/

 :: Spring Boot ::                (v4.1.1)

2026-10-06T21:14:27.918+02:00  INFO 32572 --- [registration-backend] [           main] s.c.r.i.RegistrationIntegrationTest      : Starting RegistrationIntegrationTest using Java 21.0.10 with PID 32572 (started by sense in E:\13 - Lab Projects\03_Vasilka_Testing\kyuhi\confreg-C1\02_output\backend)
2026-10-06T21:14:27.918+02:00  INFO 32572 --- [registration-backend] [           main] s.c.r.i.RegistrationIntegrationTest      : No active profile set, falling back to 1 default profile: "default"
2026-10-06T21:14:28.102+02:00  INFO 32572 --- [registration-backend] [           main] .s.d.r.c.RepositoryConfigurationDelegate : Bootstrapping Spring Data JPA repositories in DEFAULT mode.
2026-10-06T21:14:28.123+02:00  INFO 32572 --- [registration-backend] [           main] .s.d.r.c.RepositoryConfigurationDelegate : Finished Spring Data repository scanning in 20 ms. Found 1 JPA repository interface.
2026-10-06T21:14:28.208+02:00  INFO 32572 --- [registration-backend] [           main] o.s.boot.tomcat.TomcatWebServer          : Tomcat initialized with port 0 (http)
2026-10-06T21:14:28.210+02:00  INFO 32572 --- [registration-backend] [           main] o.apache.catalina.core.StandardService   : Starting service [Tomcat]
2026-10-06T21:14:28.210+02:00  INFO 32572 --- [registration-backend] [           main] o.apache.catalina.core.StandardEngine    : Starting Servlet engine: [Apache Tomcat/11.0.26]
2026-10-06T21:14:28.261+02:00  INFO 32572 --- [registration-backend] [           main] b.w.c.s.WebApplicationContextInitializer : Root WebApplicationContext: initialization completed in 341 ms
2026-10-06T21:14:28.326+02:00  INFO 32572 --- [registration-backend] [           main] com.zaxxer.hikari.HikariDataSource       : HikariPool-3 - Starting...
2026-10-06T21:14:28.342+02:00  INFO 32572 --- [registration-backend] [           main] com.zaxxer.hikari.pool.HikariPool        : HikariPool-3 - Added connection org.postgresql.jdbc.PgConnection@2f7db7a2
2026-10-06T21:14:28.342+02:00  INFO 32572 --- [registration-backend] [           main] com.zaxxer.hikari.HikariDataSource       : HikariPool-3 - Start completed.
2026-10-06T21:14:28.344+02:00  INFO 32572 --- [registration-backend] [           main] org.flywaydb.core.FlywayExecutor         : Database: jdbc:postgresql://localhost:58972/test?loggerLevel=OFF (PostgreSQL 16.15)
2026-10-06T21:14:28.370+02:00  INFO 32572 --- [registration-backend] [           main] o.f.core.internal.command.DbValidate     : Successfully validated 1 migration (execution time 00:00.008s)
2026-10-06T21:14:28.396+02:00  INFO 32572 --- [registration-backend] [           main] o.f.core.internal.command.DbMigrate      : Current version of schema "public": 1
2026-10-06T21:14:28.397+02:00  INFO 32572 --- [registration-backend] [           main] o.f.core.internal.command.DbMigrate      : Schema "public" is up to date. No migration necessary.
2026-10-06T21:14:28.419+02:00  INFO 32572 --- [registration-backend] [           main] org.hibernate.orm.jpa                    : HHH008540: Processing PersistenceUnitInfo [name: default]
2026-10-06T21:14:28.443+02:00  INFO 32572 --- [registration-backend] [           main] o.s.o.j.p.SpringPersistenceUnitInfo      : No LoadTimeWeaver setup: ignoring JPA class transformer
2026-10-06T21:14:28.453+02:00  INFO 32572 --- [registration-backend] [           main] org.hibernate.orm.connections.pooling    : HHH10001005: Database info:
	Database JDBC URL [jdbc:postgresql://localhost:58972/test?loggerLevel=OFF]
	Database driver: PostgreSQL JDBC Driver
	Database dialect: PostgreSQLDialect
	Database version: 16.15
	Default catalog/schema: test/public
	Autocommit mode: undefined/unknown
	Isolation level: READ_COMMITTED [default READ_COMMITTED]
	JDBC fetch size: none
	Pool: DataSourceConnectionProvider
	Minimum pool size: undefined/unknown
	Maximum pool size: undefined/unknown
2026-10-06T21:14:28.494+02:00  INFO 32572 --- [registration-backend] [           main] org.hibernate.orm.core                   : HHH000489: No JTA platform available (set 'hibernate.transaction.jta.platform' to enable JTA platform integration)
2026-10-06T21:14:28.514+02:00  INFO 32572 --- [registration-backend] [           main] j.LocalContainerEntityManagerFactoryBean : Initialized JPA EntityManagerFactory for persistence unit 'default'
2026-10-06T21:14:28.657+02:00  INFO 32572 --- [registration-backend] [           main] r$InitializeUserDetailsManagerConfigurer : Global AuthenticationManager configured with UserDetailsService bean with name organizers
2026-10-06T21:14:28.779+02:00  INFO 32572 --- [registration-backend] [           main] o.s.b.a.e.web.EndpointLinksResolver      : Exposing 1 endpoint beneath base path '/actuator'
2026-10-06T21:14:28.800+02:00  INFO 32572 --- [registration-backend] [           main] o.s.boot.tomcat.TomcatWebServer          : Tomcat started on port 59013 (http) with context path '/'
2026-10-06T21:14:28.805+02:00  INFO 32572 --- [registration-backend] [           main] s.c.r.i.RegistrationIntegrationTest      : Started RegistrationIntegrationTest in 0.914 seconds (process running for 117.591)
2026-10-06T21:14:28.815+02:00  INFO 32572 --- [registration-backend] [o-auto-3-exec-1] o.a.c.c.C.[Tomcat-2].[localhost].[/]     : Initializing Spring DispatcherServlet 'dispatcherServlet'
2026-10-06T21:14:28.815+02:00  INFO 32572 --- [registration-backend] [o-auto-3-exec-1] o.s.web.servlet.DispatcherServlet        : Initializing Servlet 'dispatcherServlet'
2026-10-06T21:14:28.816+02:00  INFO 32572 --- [registration-backend] [o-auto-3-exec-1] o.s.web.servlet.DispatcherServlet        : Completed initialization in 1 ms
2026-10-06T21:14:33.875+02:00  INFO 32572 --- [registration-backend] [o-auto-3-exec-5] s.c.r.service.RegistrationService        : Registration REG-000003 stored and confirmed
2026-10-06T21:14:38.480+02:00  INFO 32572 --- [registration-backend] [o-auto-3-exec-6] s.c.r.service.RegistrationService        : Registration REG-000004 stored and confirmed
2026-10-06T21:14:38.485+02:00  INFO 32572 --- [registration-backend] [o-auto-3-exec-7] s.c.r.service.RegistrationService        : Registration rejected; invalid fields: [email]
2026-10-06T21:14:38.686+02:00  INFO 32572 --- [registration-backend] [o-auto-3-exec-3] s.c.r.service.RegistrationService        : Registration REG-000005 stored and confirmed
2026-10-06T21:14:38.752+02:00  INFO 32572 --- [registration-backend] [o-auto-3-exec-7] s.c.r.service.RegistrationService        : Registration REG-000006 stored and confirmed
[INFO] Tests run: 11, Failures: 0, Errors: 0, Skipped: 0, Time elapsed: 11.13 s -- in si.confreg.registration.integration.RegistrationIntegrationTest
[INFO] Running si.confreg.registration.mail.ConfirmationMailerTest
[INFO] Tests run: 5, Failures: 0, Errors: 0, Skipped: 0, Time elapsed: 5.624 s -- in si.confreg.registration.mail.ConfirmationMailerTest
[INFO] Running si.confreg.registration.security.SecurityFiltersTest
[INFO] Tests run: 22, Failures: 0, Errors: 0, Skipped: 0, Time elapsed: 0.236 s -- in si.confreg.registration.security.SecurityFiltersTest
[INFO] Running si.confreg.registration.service.RegistrationServiceTest
2026-10-06T21:14:45.386+02:00  INFO 32572 --- [registration-backend] [           main] s.c.r.service.RegistrationService        : Registration REG-1234567 stored and confirmed
2026-10-06T21:14:45.393+02:00  INFO 32572 --- [registration-backend] [           main] s.c.r.service.RegistrationService        : Registration REG-000042 stored and confirmed
2026-10-06T21:14:45.402+02:00  INFO 32572 --- [registration-backend] [           main] s.c.r.service.RegistrationService        : Registration rejected; invalid fields: [firstName, email, companyName, workshops]
2026-10-06T21:14:45.420+02:00  WARN 32572 --- [registration-backend] [           main] s.c.r.service.RegistrationService        : Registration REG-000001 rolled back: confirmation e-mail not sent (IllegalStateException)
[INFO] Tests run: 5, Failures: 0, Errors: 0, Skipped: 0, Time elapsed: 0.550 s -- in si.confreg.registration.service.RegistrationServiceTest
[INFO] Running si.confreg.registration.time.AppClockTest
[INFO] Tests run: 4, Failures: 0, Errors: 0, Skipped: 0, Time elapsed: 0.020 s -- in si.confreg.registration.time.AppClockTest
[INFO] 
[INFO] Results:
[INFO] 
[INFO] Tests run: 170, Failures: 0, Errors: 0, Skipped: 0
[INFO] 
[INFO] 
[INFO] --- jar:3.5.1:jar (default-jar) @ registration-backend ---
[INFO] 
[INFO] --- spring-boot:4.1.1:repackage (repackage) @ registration-backend ---
[INFO] Replacing main artifact E:\13 - Lab Projects\03_Vasilka_Testing\kyuhi\confreg-C1\02_output\backend\target\registration-backend-1.0.0.jar with repackaged archive, adding nested dependencies in BOOT-INF/.
[INFO] The original artifact has been renamed to E:\13 - Lab Projects\03_Vasilka_Testing\kyuhi\confreg-C1\02_output\backend\target\registration-backend-1.0.0.jar.original
[INFO] 
[INFO] --- jacoco:0.8.12:report (report) @ registration-backend ---
[INFO] Loading execution data file E:\13 - Lab Projects\03_Vasilka_Testing\kyuhi\confreg-C1\02_output\backend\target\jacoco.exec
[INFO] Analyzed bundle 'registration-backend' with 33 classes
[INFO] ------------------------------------------------------------------------
[INFO] BUILD SUCCESS
[INFO] ------------------------------------------------------------------------
[INFO] Total time:  02:19 min
[INFO] Finished at: 2026-10-06T21:14:48+02:00
[INFO] ------------------------------------------------------------------------
