[INFO] Scanning for projects...
[INFO] 
[INFO] ------------------------< scan:preflight-scan >-------------------------
[INFO] Building preflight-scan 0.0.0
[INFO]   from pom.xml
[INFO] --------------------------------[ jar ]---------------------------------
[INFO] 
[INFO] --- dependency-check:12.1.0:check (default-cli) @ preflight-scan ---
[INFO] Checking for updates
[INFO] Skipping the NVD API Update as it was completed within the last 240 minutes
[INFO] Skipping Known Exploited Vulnerabilities update check since last check was within 24 hours.
[INFO] Check for updates complete (835 ms)
[INFO] 

Dependency-Check is an open source tool performing a best effort analysis of 3rd party dependencies; false positives and false negatives may exist in the analysis performed by the tool. Use of the tool and the reporting provided constitutes acceptance for use in an AS IS condition, and there are NO warranties, implied or otherwise, with regard to the analysis or its use. Any use of the tool and the reporting provided is at the user's risk. In no event shall the copyright holder or OWASP be held liable for any damages whatsoever arising out of or in connection with the use of this tool, the analysis performed, or the resulting report.


   About ODC: https://jeremylong.github.io/DependencyCheck/general/internals.html
   False Positives: https://jeremylong.github.io/DependencyCheck/general/suppression.html

💖 Sponsor: https://github.com/sponsors/jeremylong


[INFO] Analysis Started
[INFO] Finished Archive Analyzer (2 seconds)
[INFO] Finished File Name Analyzer (0 seconds)
[INFO] Finished Jar Analyzer (1 seconds)
[INFO] Finished Dependency Merging Analyzer (0 seconds)
[INFO] Finished Hint Analyzer (0 seconds)
[INFO] Finished Version Filter Analyzer (0 seconds)
WARNING: A restricted method in java.lang.foreign.Linker has been called
WARNING: java.lang.foreign.Linker::downcallHandle has been called by the unnamed module
WARNING: Use --enable-native-access=ALL-UNNAMED to avoid a warning for this module

Oct 06, 2026 6:47:10 PM org.apache.lucene.store.MemorySegmentIndexInputProvider <init>
INFO: Using MemorySegmentIndexInput and native madvise support with Java 21 or later; to disable start with -Dorg.apache.lucene.store.MMapDirectory.enableMemorySegments=false
Oct 06, 2026 6:47:11 PM org.apache.lucene.internal.vectorization.VectorizationProvider lookup
WARNING: Java vector incubator module is not readable. For optimal vector performance, pass '--add-modules jdk.incubator.vector' to enable Vector API.
[INFO] Created CPE Index (2 seconds)
[INFO] Finished CPE Analyzer (5 seconds)
[INFO] Finished False Positive Analyzer (0 seconds)
[INFO] Finished NVD CVE Analyzer (0 seconds)
[INFO] Finished RetireJS Analyzer (0 seconds)
[INFO] Finished Vulnerability Suppression Analyzer (0 seconds)
[INFO] Finished Known Exploited Vulnerability Analyzer (0 seconds)
[INFO] Finished Dependency Bundling Analyzer (0 seconds)
[INFO] Finished Unused Suppression Rule Analyzer (0 seconds)
[INFO] Analysis Complete (10 seconds)
[INFO] Writing JSON report to: /w/target/dependency-check-report.json
[INFO] Writing HTML report to: /w/target/dependency-check-report.html
[WARNING] 

One or more dependencies were identified with known vulnerabilities in preflight-scan:

angus-activation-2.0.3.jar (pkg:maven/org.eclipse.angus/angus-activation@2.0.3, cpe:2.3:a:eclipse:angus_mail:2.0.3:*:*:*:*:*:*:*) : CVE-2025-7962
docker-java-transport-zerodep-3.7.1.jar/META-INF/maven/org.apache.httpcomponents.client5/httpclient5/pom.xml (pkg:maven/org.apache.httpcomponents.client5/httpclient5@5.5.1, cpe:2.3:a:apache:httpclient:5.5.1:*:*:*:*:*:*:*) : CVE-2026-71290, CVE-2026-64607
docker-java-transport-zerodep-3.7.1.jar/META-INF/maven/org.apache.httpcomponents.core5/httpcore5/pom.xml (pkg:maven/org.apache.httpcomponents.core5/httpcore5@5.3.6, cpe:2.3:a:apache:httpcomponents_core:5.3.6:*:*:*:*:*:*:*) : CVE-2026-54399, CVE-2026-54428
hibernate-validator-9.1.3.Final.jar (pkg:maven/org.hibernate.validator/hibernate-validator@9.1.3.Final, cpe:2.3:a:hibernate:hibernate-validator:9.1.3:*:*:*:*:*:*:*, cpe:2.3:a:redhat:hibernate_validator:9.1.3:*:*:*:*:*:*:*, cpe:2.3:a:validator:validator:9.1.3:*:*:*:*:*:*:*) : CVE-2025-15104
testcontainers-postgresql-2.0.5.jar (pkg:maven/org.testcontainers/testcontainers-postgresql@2.0.5, cpe:2.3:a:postgresql:postgresql:2.0.5:*:*:*:*:*:*:*) : CVE-2015-0244, CVE-2015-3166, CVE-2019-10211, CVE-2018-1115, CVE-2015-0241, CVE-2015-0242, CVE-2015-0243, CVE-2019-10127, CVE-2020-25695, CVE-2026-6473, CVE-2026-6475, CVE-2026-6477, CVE-2026-6637, CVE-2016-5423, CVE-2016-7048, CVE-2020-25694, CVE-2021-23214, CVE-2019-10128, CVE-2015-3167, CVE-2016-0768, CVE-2016-0773, CVE-2017-7484, CVE-2026-6479, CVE-2016-5424, CVE-2017-14798, CVE-2019-10210, CVE-2014-0061, CVE-2014-0063, CVE-2014-0064, CVE-2014-0065, CVE-2026-6478, CVE-2015-5288, CVE-2007-2138, CVE-2026-6472, CVE-2014-0062, CVE-2014-0067, CVE-2014-8161, CVE-2015-3165, CVE-2021-3393, CVE-2026-6474, CVE-2014-0060, CVE-2014-0066, CVE-2010-0733


See the dependency-check report for more details.


[INFO] ------------------------------------------------------------------------
[INFO] BUILD SUCCESS
[INFO] ------------------------------------------------------------------------
[INFO] Total time:  01:15 min
[INFO] Finished at: 2026-10-06T18:47:17Z
[INFO] ------------------------------------------------------------------------
