[INFO] Scanning for projects...
[INFO] 
[INFO] ------------------< si.confreg:registration-backend >-------------------
[INFO] Building registration-backend 0.1.0
[INFO]   from pom.xml
[INFO] --------------------------------[ jar ]---------------------------------
[INFO] 
[INFO] --- clean:3.5.0:clean (default-clean) @ registration-backend ---
[INFO] Deleting C:\Users\tanej\Documents\LAB\tanej-confreg-C1\02_output\backend\target
[INFO] 
[INFO] --- jacoco:0.8.12:prepare-agent (prepare-agent) @ registration-backend ---
[INFO] argLine set to -javaagent:C:\\Users\\tanej\\.m2\\repository\\org\\jacoco\\org.jacoco.agent\\0.8.12\\org.jacoco.agent-0.8.12-runtime.jar=destfile=C:\\Users\\tanej\\Documents\\LAB\\tanej-confreg-C1\\02_output\\backend\\target\\jacoco.exec
[INFO] 
[INFO] --- resources:3.5.0:resources (default-resources) @ registration-backend ---
[INFO] Copying 1 resource from src\main\resources to target\classes
[INFO] Copying 1 resource from src\main\resources to target\classes
[INFO] 
[INFO] --- compiler:3.15.0:compile (default-compile) @ registration-backend ---
[INFO] Recompiling the module because of changed source code.
[INFO] Compiling 42 source files with javac [debug parameters release 21] to target\classes
[INFO] 
[INFO] --- resources:3.5.0:testResources (default-testResources) @ registration-backend ---
[INFO] Copying 1 resource from src\test\resources to target\test-classes
[INFO] 
[INFO] --- compiler:3.15.0:testCompile (default-testCompile) @ registration-backend ---
[INFO] Recompiling the module because of changed dependency.
[INFO] Compiling 21 source files with javac [debug parameters release 21] to target\test-classes
[INFO] 
[INFO] --- surefire:3.5.6:test (default-test) @ registration-backend ---
[INFO] Using auto detected provider org.apache.maven.surefire.junitplatform.JUnitPlatformProvider
[INFO] 
[INFO] -------------------------------------------------------
[INFO]  T E S T S
[INFO] -------------------------------------------------------
[INFO] Running si.confreg.registration.acceptance.ArchitectureAcceptanceTest
23:07:44.933 [main] INFO com.tngtech.archunit.core.PluginLoader -- Detected Java version 21.0.11
[INFO] Tests run: 8, Failures: 0, Errors: 0, Skipped: 0, Time elapsed: 3.300 s -- in si.confreg.registration.acceptance.ArchitectureAcceptanceTest
[INFO] Running si.confreg.registration.acceptance.ConfirmationEmailAcceptanceTest
23:07:48.548 [main] INFO org.springframework.test.context.support.AnnotationConfigContextLoaderUtils -- Could not detect default configuration classes for test class [si.confreg.registration.acceptance.ConfirmationEmailAcceptanceTest]: ConfirmationEmailAcceptanceTest does not declare any static, non-private, non-final, nested classes annotated with @Configuration.
23:07:48.739 [main] INFO org.springframework.boot.test.context.SpringBootTestContextBootstrapper -- Found @SpringBootConfiguration si.confreg.registration.RegistrationApplication for test class si.confreg.registration.acceptance.ConfirmationEmailAcceptanceTest
23:07:48.900 [main] INFO org.springframework.test.context.support.AnnotationConfigContextLoaderUtils -- Could not detect default configuration classes for test class [si.confreg.registration.acceptance.ConfirmationEmailAcceptanceTest]: ConfirmationEmailAcceptanceTest does not declare any static, non-private, non-final, nested classes annotated with @Configuration.
23:07:48.900 [main] INFO org.springframework.test.context.support.AnnotationConfigContextLoaderUtils -- Could not detect default configuration classes for test class [si.confreg.registration.acceptance.AcceptanceTestBase]: AcceptanceTestBase does not declare any static, non-private, non-final, nested classes annotated with @Configuration.
23:07:48.903 [main] INFO org.springframework.boot.test.context.SpringBootTestContextBootstrapper -- Found @SpringBootConfiguration si.confreg.registration.RegistrationApplication for test class si.confreg.registration.acceptance.ConfirmationEmailAcceptanceTest
23:07:49.025 [main] INFO org.testcontainers.images.PullPolicy -- Image pull policy will be performed by: DefaultPullPolicy()
23:07:49.029 [main] INFO org.testcontainers.utility.ImageNameSubstitutor -- Image name substitution will be performed by: DefaultImageNameSubstitutor (composite of 'ConfigurationFileImageNameSubstitutor' and 'PrefixingImageNameSubstitutor')
23:07:49.050 [main] INFO org.testcontainers.DockerClientFactory -- Testcontainers version: 2.0.5
23:07:49.785 [main] INFO org.testcontainers.dockerclient.DockerClientProviderStrategy -- Loaded org.testcontainers.dockerclient.NpipeSocketClientProviderStrategy from ~/.testcontainers.properties, will try it first
23:07:50.476 [main] INFO org.testcontainers.dockerclient.DockerClientProviderStrategy -- Found Docker environment with local Npipe socket (npipe:////./pipe/docker_engine)
23:07:50.478 [main] INFO org.testcontainers.DockerClientFactory -- Docker host IP address is localhost
23:07:50.505 [main] INFO org.testcontainers.DockerClientFactory -- Connected to docker: 
  Server Version: 29.8.0
  API Version: 1.56
  Operating System: Docker Desktop
  Total Memory: 7612 MB
  Labels: 
    com.docker.desktop.address=npipe://\\.\pipe\docker_cli
23:07:51.187 [main] INFO tc.testcontainers/ryuk:0.14.0 -- Creating container for image: testcontainers/ryuk:0.14.0
23:07:51.352 [main] INFO org.testcontainers.utility.RegistryAuthLocator -- Credential helper/store (docker-credential-desktop) does not have credentials for https://index.docker.io/v1/
23:07:51.595 [main] INFO tc.testcontainers/ryuk:0.14.0 -- Container testcontainers/ryuk:0.14.0 is starting: b902667122c5e8c13133d8e1bf351e106164279163ecb4d2cab815486a6fb059
23:07:52.231 [main] INFO tc.testcontainers/ryuk:0.14.0 -- Container testcontainers/ryuk:0.14.0 started in PT1.0438271S
23:07:52.242 [main] INFO org.testcontainers.utility.RyukResourceReaper -- Ryuk started - will monitor and terminate Testcontainers containers on JVM exit
23:07:52.242 [main] INFO org.testcontainers.DockerClientFactory -- Checking the system...
23:07:52.243 [main] INFO org.testcontainers.DockerClientFactory -- ?? Docker server version should be at least 1.6.0
23:07:52.244 [main] INFO tc.postgres:16.15-alpine -- Creating container for image: postgres:16.15-alpine
23:07:52.404 [main] INFO tc.postgres:16.15-alpine -- Container postgres:16.15-alpine is starting: c2e355564aad9f94ccabcef023a0207a3ad3ed3a7a539612760ac6f0ec5adf9d
23:07:55.333 [main] INFO tc.postgres:16.15-alpine -- Container postgres:16.15-alpine started in PT3.0883757S
23:07:55.333 [main] INFO tc.postgres:16.15-alpine -- Container is started (JDBC URL: jdbc:postgresql://localhost:57654/test?loggerLevel=OFF)
23:07:55.334 [main] INFO tc.axllent/mailpit:v1.31.1 -- Creating container for image: axllent/mailpit:v1.31.1
23:07:55.459 [main] INFO tc.axllent/mailpit:v1.31.1 -- Container axllent/mailpit:v1.31.1 is starting: e6bfce49f4bfc760ca76f1e54c2c252007824e213348b6bdd43fb0d1085fbf93
23:07:55.864 [main] INFO org.testcontainers.containers.wait.strategy.HttpWaitStrategy -- /quizzical_jennings: Waiting for 60 seconds for URL: http://localhost:57655/livez (where port 57655 maps to container port 8025)
23:07:55.884 [main] INFO tc.axllent/mailpit:v1.31.1 -- Container axllent/mailpit:v1.31.1 started in PT0.5504842S

  .   ____          _            __ _ _
 /\\ / ___'_ __ _ _(_)_ __  __ _ \ \ \ \
( ( )\___ | '_ | '_| | '_ \/ _` | \ \ \ \
 \\/  ___)| |_)| | | | | || (_| |  ) ) ) )
  '  |____| .__|_| |_|_| |_\__, | / / / /
 =========|_|==============|___/=/_/_/_/

 :: Spring Boot ::                (v4.1.1)

2026-10-06T23:07:56.894+02:00  INFO 8880 --- [registration-backend] [           main] s.c.r.a.ConfirmationEmailAcceptanceTest  : Starting ConfirmationEmailAcceptanceTest using Java 21.0.11 with PID 8880 (started by tanej in C:\Users\tanej\Documents\LAB\tanej-confreg-C1\02_output\backend)
2026-10-06T23:07:56.896+02:00  INFO 8880 --- [registration-backend] [           main] s.c.r.a.ConfirmationEmailAcceptanceTest  : No active profile set, falling back to 1 default profile: "default"
2026-10-06T23:07:58.092+02:00  INFO 8880 --- [registration-backend] [           main] .s.d.r.c.RepositoryConfigurationDelegate : Bootstrapping Spring Data JPA repositories in DEFAULT mode.
2026-10-06T23:07:58.186+02:00  INFO 8880 --- [registration-backend] [           main] .s.d.r.c.RepositoryConfigurationDelegate : Finished Spring Data repository scanning in 79 ms. Found 1 JPA repository interface.
2026-10-06T23:07:59.359+02:00  INFO 8880 --- [registration-backend] [           main] o.s.boot.tomcat.TomcatWebServer          : Tomcat initialized with port 0 (http)
2026-10-06T23:07:59.382+02:00  INFO 8880 --- [registration-backend] [           main] o.apache.catalina.core.StandardService   : Starting service [Tomcat]
2026-10-06T23:07:59.383+02:00  INFO 8880 --- [registration-backend] [           main] o.apache.catalina.core.StandardEngine    : Starting Servlet engine: [Apache Tomcat/11.0.26]
2026-10-06T23:07:59.464+02:00  INFO 8880 --- [registration-backend] [           main] b.w.c.s.WebApplicationContextInitializer : Root WebApplicationContext: initialization completed in 2528 ms
2026-10-06T23:08:00.191+02:00  INFO 8880 --- [registration-backend] [           main] com.zaxxer.hikari.HikariDataSource       : HikariPool-1 - Starting...
2026-10-06T23:08:00.437+02:00  INFO 8880 --- [registration-backend] [           main] com.zaxxer.hikari.pool.HikariPool        : HikariPool-1 - Added connection org.postgresql.jdbc.PgConnection@44d23b9a
2026-10-06T23:08:00.439+02:00  INFO 8880 --- [registration-backend] [           main] com.zaxxer.hikari.HikariDataSource       : HikariPool-1 - Start completed.
2026-10-06T23:08:00.482+02:00  INFO 8880 --- [registration-backend] [           main] org.flywaydb.core.FlywayExecutor         : Database: jdbc:postgresql://localhost:57654/test?loggerLevel=OFF (PostgreSQL 16.15)
2026-10-06T23:08:00.581+02:00  INFO 8880 --- [registration-backend] [           main] o.f.c.i.s.JdbcTableSchemaHistory         : Schema history table "public"."flyway_schema_history" does not exist yet
2026-10-06T23:08:00.587+02:00  INFO 8880 --- [registration-backend] [           main] o.f.core.internal.command.DbValidate     : Successfully validated 1 migration (execution time 00:00.033s)
2026-10-06T23:08:00.614+02:00  INFO 8880 --- [registration-backend] [           main] o.f.c.i.s.JdbcTableSchemaHistory         : Creating Schema History table "public"."flyway_schema_history" ...
2026-10-06T23:08:00.708+02:00  INFO 8880 --- [registration-backend] [           main] o.f.core.internal.command.DbMigrate      : Current version of schema "public": << Empty Schema >>
2026-10-06T23:08:00.732+02:00  INFO 8880 --- [registration-backend] [           main] o.f.core.internal.command.DbMigrate      : Migrating schema "public" to version "1 - create registration"
2026-10-06T23:08:00.825+02:00  INFO 8880 --- [registration-backend] [           main] o.f.core.internal.command.DbMigrate      : Successfully applied 1 migration to schema "public", now at version v1 (execution time 00:00.049s)
2026-10-06T23:08:01.081+02:00  INFO 8880 --- [registration-backend] [           main] org.hibernate.orm.jpa                    : HHH008540: Processing PersistenceUnitInfo [name: default]
2026-10-06T23:08:01.194+02:00  INFO 8880 --- [registration-backend] [           main] org.hibernate.orm.core                   : HHH000001: Hibernate ORM core version 7.4.5.Final
2026-10-06T23:08:02.001+02:00  INFO 8880 --- [registration-backend] [           main] o.s.o.j.p.SpringPersistenceUnitInfo      : No LoadTimeWeaver setup: ignoring JPA class transformer
2026-10-06T23:08:02.179+02:00  INFO 8880 --- [registration-backend] [           main] org.hibernate.orm.connections.pooling    : HHH10001005: Database info:
	Database JDBC URL [jdbc:postgresql://localhost:57654/test?loggerLevel=OFF]
	Database driver: PostgreSQL JDBC Driver
	Database dialect: PostgreSQLDialect
	Database version: 16.15
	Default catalog/schema: test/public
	Autocommit mode: undefined/unknown
	Isolation level: READ_COMMITTED [default READ_COMMITTED]
	JDBC fetch size: none
	Pool: DataSourceConnectionProvider
	Minimum pool size: undefined/unknown
	Maximum pool size: undefined/unknown
2026-10-06T23:08:03.606+02:00  INFO 8880 --- [registration-backend] [           main] org.hibernate.orm.core                   : HHH000489: No JTA platform available (set 'hibernate.transaction.jta.platform' to enable JTA platform integration)
2026-10-06T23:08:03.687+02:00  INFO 8880 --- [registration-backend] [           main] j.LocalContainerEntityManagerFactoryBean : Initialized JPA EntityManagerFactory for persistence unit 'default'
2026-10-06T23:08:03.892+02:00  INFO 8880 --- [registration-backend] [           main] o.s.d.j.r.query.QueryEnhancerFactories   : Hibernate is in classpath; If applicable, HQL parser will be used.
2026-10-06T23:08:04.426+02:00  INFO 8880 --- [registration-backend] [           main] r$InitializeUserDetailsManagerConfigurer : Global AuthenticationManager configured with UserDetailsService bean with name organizer
2026-10-06T23:08:05.435+02:00  INFO 8880 --- [registration-backend] [           main] o.s.boot.tomcat.TomcatWebServer          : Tomcat started on port 57668 (http) with context path '/'
2026-10-06T23:08:05.537+02:00  INFO 8880 --- [registration-backend] [           main] o.s.boot.tomcat.TomcatWebServer          : Tomcat initialized with port 0 (http)
2026-10-06T23:08:05.538+02:00  INFO 8880 --- [registration-backend] [           main] o.apache.catalina.core.StandardService   : Starting service [Tomcat]
2026-10-06T23:08:05.539+02:00  INFO 8880 --- [registration-backend] [           main] o.apache.catalina.core.StandardEngine    : Starting Servlet engine: [Apache Tomcat/11.0.26]
2026-10-06T23:08:05.584+02:00  INFO 8880 --- [registration-backend] [           main] b.w.c.s.WebApplicationContextInitializer : Root WebApplicationContext: initialization completed in 144 ms
2026-10-06T23:08:05.604+02:00  INFO 8880 --- [registration-backend] [           main] o.s.b.a.e.web.EndpointLinksResolver      : Exposing 1 endpoint beneath base path '/actuator'
2026-10-06T23:08:05.661+02:00  INFO 8880 --- [registration-backend] [           main] o.s.boot.tomcat.TomcatWebServer          : Tomcat started on port 57669 (http) with context path '/'
2026-10-06T23:08:05.672+02:00  INFO 8880 --- [registration-backend] [           main] s.c.r.a.ConfirmationEmailAcceptanceTest  : Started ConfirmationEmailAcceptanceTest in 9.299 seconds (process running for 22.899)
Mockito is currently self-attaching to enable the inline-mock-maker. This will no longer work in future releases of the JDK. Please add Mockito as an agent to your build as described in Mockito's documentation: https://javadoc.io/doc/org.mockito/mockito-core/latest/org.mockito/org/mockito/Mockito.html#0.3
Java HotSpot(TM) 64-Bit Server VM warning: Sharing is only supported for boot loader classes because bootstrap classpath has been appended
WARNING: A Java agent has been loaded dynamically (C:\Users\tanej\.m2\repository\net\bytebuddy\byte-buddy-agent\1.18.11\byte-buddy-agent-1.18.11.jar)
WARNING: If a serviceability tool is in use, please run with -XX:+EnableDynamicAgentLoading to hide this warning
WARNING: If a serviceability tool is not in use, please run with -Djdk.instrument.traceUsage for more information
WARNING: Dynamic loading of agents will be disallowed by default in a future release
2026-10-06T23:08:06.387+02:00  INFO 8880 --- [registration-backend] [o-auto-1-exec-1] o.a.c.c.C.[Tomcat].[localhost].[/]       : Initializing Spring DispatcherServlet 'dispatcherServlet'
2026-10-06T23:08:06.388+02:00  INFO 8880 --- [registration-backend] [o-auto-1-exec-1] o.s.web.servlet.DispatcherServlet        : Initializing Servlet 'dispatcherServlet'
2026-10-06T23:08:06.389+02:00  INFO 8880 --- [registration-backend] [o-auto-1-exec-1] o.s.web.servlet.DispatcherServlet        : Completed initialization in 1 ms
[INFO] Tests run: 4, Failures: 0, Errors: 0, Skipped: 0, Time elapsed: 19.64 s -- in si.confreg.registration.acceptance.ConfirmationEmailAcceptanceTest
[INFO] Running si.confreg.registration.acceptance.MailFailureAcceptanceTest
2026-10-06T23:08:07.859+02:00  INFO 8880 --- [registration-backend] [           main] t.c.s.AnnotationConfigContextLoaderUtils : Could not detect default configuration classes for test class [si.confreg.registration.acceptance.MailFailureAcceptanceTest]: MailFailureAcceptanceTest does not declare any static, non-private, non-final, nested classes annotated with @Configuration.
2026-10-06T23:08:07.861+02:00  INFO 8880 --- [registration-backend] [           main] .b.t.c.SpringBootTestContextBootstrapper : Found @SpringBootConfiguration si.confreg.registration.RegistrationApplication for test class si.confreg.registration.acceptance.MailFailureAcceptanceTest
2026-10-06T23:08:07.862+02:00  INFO 8880 --- [registration-backend] [           main] t.c.s.AnnotationConfigContextLoaderUtils : Could not detect default configuration classes for test class [si.confreg.registration.acceptance.MailFailureAcceptanceTest]: MailFailureAcceptanceTest does not declare any static, non-private, non-final, nested classes annotated with @Configuration.
2026-10-06T23:08:07.863+02:00  INFO 8880 --- [registration-backend] [           main] t.c.s.AnnotationConfigContextLoaderUtils : Could not detect default configuration classes for test class [si.confreg.registration.acceptance.AcceptanceTestBase]: AcceptanceTestBase does not declare any static, non-private, non-final, nested classes annotated with @Configuration.
2026-10-06T23:08:07.864+02:00  INFO 8880 --- [registration-backend] [           main] .b.t.c.SpringBootTestContextBootstrapper : Found @SpringBootConfiguration si.confreg.registration.RegistrationApplication for test class si.confreg.registration.acceptance.MailFailureAcceptanceTest
2026-10-06T23:08:07.869+02:00  INFO 8880 --- [registration-backend] [           main] o.s.boot.tomcat.GracefulShutdown         : Commencing graceful shutdown. Waiting for active requests to complete
2026-10-06T23:08:07.877+02:00  INFO 8880 --- [registration-backend] [tomcat-shutdown] o.s.boot.tomcat.GracefulShutdown         : Graceful shutdown complete

  .   ____          _            __ _ _
 /\\ / ___'_ __ _ _(_)_ __  __ _ \ \ \ \
( ( )\___ | '_ | '_| | '_ \/ _` | \ \ \ \
 \\/  ___)| |_)| | | | | || (_| |  ) ) ) )
  '  |____| .__|_| |_|_| |_\__, | / / / /
 =========|_|==============|___/=/_/_/_/

 :: Spring Boot ::                (v4.1.1)

2026-10-06T23:08:07.907+02:00  INFO 8880 --- [registration-backend] [           main] s.c.r.a.MailFailureAcceptanceTest        : Starting MailFailureAcceptanceTest using Java 21.0.11 with PID 8880 (started by tanej in C:\Users\tanej\Documents\LAB\tanej-confreg-C1\02_output\backend)
2026-10-06T23:08:07.907+02:00  INFO 8880 --- [registration-backend] [           main] s.c.r.a.MailFailureAcceptanceTest        : No active profile set, falling back to 1 default profile: "default"
2026-10-06T23:08:08.157+02:00  INFO 8880 --- [registration-backend] [           main] .s.d.r.c.RepositoryConfigurationDelegate : Bootstrapping Spring Data JPA repositories in DEFAULT mode.
2026-10-06T23:08:08.177+02:00  INFO 8880 --- [registration-backend] [           main] .s.d.r.c.RepositoryConfigurationDelegate : Finished Spring Data repository scanning in 18 ms. Found 1 JPA repository interface.
2026-10-06T23:08:08.267+02:00  INFO 8880 --- [registration-backend] [           main] o.s.boot.tomcat.TomcatWebServer          : Tomcat initialized with port 0 (http)
2026-10-06T23:08:08.269+02:00  INFO 8880 --- [registration-backend] [           main] o.apache.catalina.core.StandardService   : Starting service [Tomcat]
2026-10-06T23:08:08.269+02:00  INFO 8880 --- [registration-backend] [           main] o.apache.catalina.core.StandardEngine    : Starting Servlet engine: [Apache Tomcat/11.0.26]
2026-10-06T23:08:08.300+02:00  INFO 8880 --- [registration-backend] [           main] b.w.c.s.WebApplicationContextInitializer : Root WebApplicationContext: initialization completed in 392 ms
2026-10-06T23:08:08.354+02:00  INFO 8880 --- [registration-backend] [           main] com.zaxxer.hikari.HikariDataSource       : HikariPool-2 - Starting...
2026-10-06T23:08:08.379+02:00  INFO 8880 --- [registration-backend] [           main] com.zaxxer.hikari.pool.HikariPool        : HikariPool-2 - Added connection org.postgresql.jdbc.PgConnection@2da08dcd
2026-10-06T23:08:08.379+02:00  INFO 8880 --- [registration-backend] [           main] com.zaxxer.hikari.HikariDataSource       : HikariPool-2 - Start completed.
2026-10-06T23:08:08.381+02:00  INFO 8880 --- [registration-backend] [           main] org.flywaydb.core.FlywayExecutor         : Database: jdbc:postgresql://localhost:57654/test?loggerLevel=OFF (PostgreSQL 16.15)
2026-10-06T23:08:08.413+02:00  INFO 8880 --- [registration-backend] [           main] o.f.core.internal.command.DbValidate     : Successfully validated 1 migration (execution time 00:00.011s)
2026-10-06T23:08:08.443+02:00  INFO 8880 --- [registration-backend] [           main] o.f.core.internal.command.DbMigrate      : Current version of schema "public": 1
2026-10-06T23:08:08.444+02:00  INFO 8880 --- [registration-backend] [           main] o.f.core.internal.command.DbMigrate      : Schema "public" is up to date. No migration necessary.
2026-10-06T23:08:08.464+02:00  INFO 8880 --- [registration-backend] [           main] org.hibernate.orm.jpa                    : HHH008540: Processing PersistenceUnitInfo [name: default]
2026-10-06T23:08:08.486+02:00  INFO 8880 --- [registration-backend] [           main] o.s.o.j.p.SpringPersistenceUnitInfo      : No LoadTimeWeaver setup: ignoring JPA class transformer
2026-10-06T23:08:08.497+02:00  INFO 8880 --- [registration-backend] [           main] org.hibernate.orm.connections.pooling    : HHH10001005: Database info:
	Database JDBC URL [jdbc:postgresql://localhost:57654/test?loggerLevel=OFF]
	Database driver: PostgreSQL JDBC Driver
	Database dialect: PostgreSQLDialect
	Database version: 16.15
	Default catalog/schema: test/public
	Autocommit mode: undefined/unknown
	Isolation level: READ_COMMITTED [default READ_COMMITTED]
	JDBC fetch size: none
	Pool: DataSourceConnectionProvider
	Minimum pool size: undefined/unknown
	Maximum pool size: undefined/unknown
2026-10-06T23:08:08.538+02:00  INFO 8880 --- [registration-backend] [           main] org.hibernate.orm.core                   : HHH000489: No JTA platform available (set 'hibernate.transaction.jta.platform' to enable JTA platform integration)
2026-10-06T23:08:08.566+02:00  INFO 8880 --- [registration-backend] [           main] j.LocalContainerEntityManagerFactoryBean : Initialized JPA EntityManagerFactory for persistence unit 'default'
2026-10-06T23:08:08.715+02:00  INFO 8880 --- [registration-backend] [           main] r$InitializeUserDetailsManagerConfigurer : Global AuthenticationManager configured with UserDetailsService bean with name organizer
2026-10-06T23:08:08.866+02:00  INFO 8880 --- [registration-backend] [           main] o.s.boot.tomcat.TomcatWebServer          : Tomcat started on port 57688 (http) with context path '/'
2026-10-06T23:08:08.914+02:00  INFO 8880 --- [registration-backend] [           main] o.s.boot.tomcat.TomcatWebServer          : Tomcat initialized with port 0 (http)
2026-10-06T23:08:08.915+02:00  INFO 8880 --- [registration-backend] [           main] o.apache.catalina.core.StandardService   : Starting service [Tomcat]
2026-10-06T23:08:08.915+02:00  INFO 8880 --- [registration-backend] [           main] o.apache.catalina.core.StandardEngine    : Starting Servlet engine: [Apache Tomcat/11.0.26]
2026-10-06T23:08:08.952+02:00  INFO 8880 --- [registration-backend] [           main] b.w.c.s.WebApplicationContextInitializer : Root WebApplicationContext: initialization completed in 84 ms
2026-10-06T23:08:08.961+02:00  INFO 8880 --- [registration-backend] [           main] o.s.b.a.e.web.EndpointLinksResolver      : Exposing 1 endpoint beneath base path '/actuator'
2026-10-06T23:08:08.988+02:00  INFO 8880 --- [registration-backend] [           main] o.s.boot.tomcat.TomcatWebServer          : Tomcat started on port 57689 (http) with context path '/'
2026-10-06T23:08:08.992+02:00  INFO 8880 --- [registration-backend] [           main] s.c.r.a.MailFailureAcceptanceTest        : Started MailFailureAcceptanceTest in 1.11 seconds (process running for 26.22)
2026-10-06T23:08:09.000+02:00  INFO 8880 --- [registration-backend] [o-auto-3-exec-1] o.a.c.c.C.[Tomcat-1].[localhost].[/]     : Initializing Spring DispatcherServlet 'dispatcherServlet'
2026-10-06T23:08:09.000+02:00  INFO 8880 --- [registration-backend] [o-auto-3-exec-1] o.s.web.servlet.DispatcherServlet        : Initializing Servlet 'dispatcherServlet'
2026-10-06T23:08:09.001+02:00  INFO 8880 --- [registration-backend] [o-auto-3-exec-1] o.s.web.servlet.DispatcherServlet        : Completed initialization in 1 ms
2026-10-06T23:08:09.033+02:00  WARN 8880 --- [registration-backend] [o-auto-3-exec-1] s.c.r.api.ApiExceptionHandler            : Confirmation e-mail not accepted (MailSendException); registration rolled back
2026-10-06T23:08:09.110+02:00  WARN 8880 --- [registration-backend] [o-auto-3-exec-2] s.c.r.api.ApiExceptionHandler            : Confirmation e-mail not accepted (MailSendException); registration rolled back
[INFO] Tests run: 2, Failures: 0, Errors: 0, Skipped: 0, Time elapsed: 1.305 s -- in si.confreg.registration.acceptance.MailFailureAcceptanceTest
[INFO] Running si.confreg.registration.acceptance.RegistrationFeeAcceptanceTest
2026-10-06T23:08:09.166+02:00  INFO 8880 --- [registration-backend] [           main] t.c.s.AnnotationConfigContextLoaderUtils : Could not detect default configuration classes for test class [si.confreg.registration.acceptance.RegistrationFeeAcceptanceTest]: RegistrationFeeAcceptanceTest does not declare any static, non-private, non-final, nested classes annotated with @Configuration.
2026-10-06T23:08:09.169+02:00  INFO 8880 --- [registration-backend] [           main] .b.t.c.SpringBootTestContextBootstrapper : Found @SpringBootConfiguration si.confreg.registration.RegistrationApplication for test class si.confreg.registration.acceptance.RegistrationFeeAcceptanceTest
2026-10-06T23:08:09.170+02:00  INFO 8880 --- [registration-backend] [           main] t.c.s.AnnotationConfigContextLoaderUtils : Could not detect default configuration classes for test class [si.confreg.registration.acceptance.RegistrationFeeAcceptanceTest]: RegistrationFeeAcceptanceTest does not declare any static, non-private, non-final, nested classes annotated with @Configuration.
2026-10-06T23:08:09.171+02:00  INFO 8880 --- [registration-backend] [           main] t.c.s.AnnotationConfigContextLoaderUtils : Could not detect default configuration classes for test class [si.confreg.registration.acceptance.AcceptanceTestBase]: AcceptanceTestBase does not declare any static, non-private, non-final, nested classes annotated with @Configuration.
2026-10-06T23:08:09.172+02:00  INFO 8880 --- [registration-backend] [           main] .b.t.c.SpringBootTestContextBootstrapper : Found @SpringBootConfiguration si.confreg.registration.RegistrationApplication for test class si.confreg.registration.acceptance.RegistrationFeeAcceptanceTest
2026-10-06T23:08:09.175+02:00  INFO 8880 --- [registration-backend] [           main] o.s.boot.tomcat.GracefulShutdown         : Commencing graceful shutdown. Waiting for active requests to complete
2026-10-06T23:08:09.182+02:00  INFO 8880 --- [registration-backend] [tomcat-shutdown] o.s.boot.tomcat.GracefulShutdown         : Graceful shutdown complete
2026-10-06T23:08:09.188+02:00  INFO 8880 --- [registration-backend] [           main] o.s.boot.tomcat.TomcatWebServer          : Tomcat started on port 57698 (http) with context path '/'
[INFO] Tests run: 8, Failures: 0, Errors: 0, Skipped: 0, Time elapsed: 0.360 s -- in si.confreg.registration.acceptance.RegistrationFeeAcceptanceTest
[INFO] Running si.confreg.registration.acceptance.RegistrationStorageAcceptanceTest
2026-10-06T23:08:09.531+02:00  INFO 8880 --- [registration-backend] [           main] t.c.s.AnnotationConfigContextLoaderUtils : Could not detect default configuration classes for test class [si.confreg.registration.acceptance.RegistrationStorageAcceptanceTest]: RegistrationStorageAcceptanceTest does not declare any static, non-private, non-final, nested classes annotated with @Configuration.
2026-10-06T23:08:09.535+02:00  INFO 8880 --- [registration-backend] [           main] .b.t.c.SpringBootTestContextBootstrapper : Found @SpringBootConfiguration si.confreg.registration.RegistrationApplication for test class si.confreg.registration.acceptance.RegistrationStorageAcceptanceTest
2026-10-06T23:08:09.536+02:00  INFO 8880 --- [registration-backend] [           main] t.c.s.AnnotationConfigContextLoaderUtils : Could not detect default configuration classes for test class [si.confreg.registration.acceptance.RegistrationStorageAcceptanceTest]: RegistrationStorageAcceptanceTest does not declare any static, non-private, non-final, nested classes annotated with @Configuration.
2026-10-06T23:08:09.539+02:00  INFO 8880 --- [registration-backend] [           main] t.c.s.AnnotationConfigContextLoaderUtils : Could not detect default configuration classes for test class [si.confreg.registration.acceptance.AcceptanceTestBase]: AcceptanceTestBase does not declare any static, non-private, non-final, nested classes annotated with @Configuration.
2026-10-06T23:08:09.542+02:00  INFO 8880 --- [registration-backend] [           main] .b.t.c.SpringBootTestContextBootstrapper : Found @SpringBootConfiguration si.confreg.registration.RegistrationApplication for test class si.confreg.registration.acceptance.RegistrationStorageAcceptanceTest
[INFO] Tests run: 9, Failures: 0, Errors: 0, Skipped: 0, Time elapsed: 1.767 s -- in si.confreg.registration.acceptance.RegistrationStorageAcceptanceTest
[INFO] Running si.confreg.registration.acceptance.ValidationAcceptanceTest
2026-10-06T23:08:11.296+02:00  INFO 8880 --- [registration-backend] [           main] t.c.s.AnnotationConfigContextLoaderUtils : Could not detect default configuration classes for test class [si.confreg.registration.acceptance.ValidationAcceptanceTest]: ValidationAcceptanceTest does not declare any static, non-private, non-final, nested classes annotated with @Configuration.
2026-10-06T23:08:11.298+02:00  INFO 8880 --- [registration-backend] [           main] .b.t.c.SpringBootTestContextBootstrapper : Found @SpringBootConfiguration si.confreg.registration.RegistrationApplication for test class si.confreg.registration.acceptance.ValidationAcceptanceTest
2026-10-06T23:08:11.300+02:00  INFO 8880 --- [registration-backend] [           main] t.c.s.AnnotationConfigContextLoaderUtils : Could not detect default configuration classes for test class [si.confreg.registration.acceptance.ValidationAcceptanceTest]: ValidationAcceptanceTest does not declare any static, non-private, non-final, nested classes annotated with @Configuration.
2026-10-06T23:08:11.300+02:00  INFO 8880 --- [registration-backend] [           main] t.c.s.AnnotationConfigContextLoaderUtils : Could not detect default configuration classes for test class [si.confreg.registration.acceptance.AcceptanceTestBase]: AcceptanceTestBase does not declare any static, non-private, non-final, nested classes annotated with @Configuration.
2026-10-06T23:08:11.301+02:00  INFO 8880 --- [registration-backend] [           main] .b.t.c.SpringBootTestContextBootstrapper : Found @SpringBootConfiguration si.confreg.registration.RegistrationApplication for test class si.confreg.registration.acceptance.ValidationAcceptanceTest
[INFO] Tests run: 17, Failures: 0, Errors: 0, Skipped: 0, Time elapsed: 18.73 s -- in si.confreg.registration.acceptance.ValidationAcceptanceTest
[INFO] Running si.confreg.registration.acceptance.WorkshopAcceptanceTest
2026-10-06T23:08:30.030+02:00  INFO 8880 --- [registration-backend] [           main] t.c.s.AnnotationConfigContextLoaderUtils : Could not detect default configuration classes for test class [si.confreg.registration.acceptance.WorkshopAcceptanceTest]: WorkshopAcceptanceTest does not declare any static, non-private, non-final, nested classes annotated with @Configuration.
2026-10-06T23:08:30.031+02:00  INFO 8880 --- [registration-backend] [           main] .b.t.c.SpringBootTestContextBootstrapper : Found @SpringBootConfiguration si.confreg.registration.RegistrationApplication for test class si.confreg.registration.acceptance.WorkshopAcceptanceTest
2026-10-06T23:08:30.032+02:00  INFO 8880 --- [registration-backend] [           main] t.c.s.AnnotationConfigContextLoaderUtils : Could not detect default configuration classes for test class [si.confreg.registration.acceptance.WorkshopAcceptanceTest]: WorkshopAcceptanceTest does not declare any static, non-private, non-final, nested classes annotated with @Configuration.
2026-10-06T23:08:30.032+02:00  INFO 8880 --- [registration-backend] [           main] t.c.s.AnnotationConfigContextLoaderUtils : Could not detect default configuration classes for test class [si.confreg.registration.acceptance.AcceptanceTestBase]: AcceptanceTestBase does not declare any static, non-private, non-final, nested classes annotated with @Configuration.
2026-10-06T23:08:30.033+02:00  INFO 8880 --- [registration-backend] [           main] .b.t.c.SpringBootTestContextBootstrapper : Found @SpringBootConfiguration si.confreg.registration.RegistrationApplication for test class si.confreg.registration.acceptance.WorkshopAcceptanceTest
[INFO] Tests run: 4, Failures: 0, Errors: 0, Skipped: 0, Time elapsed: 0.262 s -- in si.confreg.registration.acceptance.WorkshopAcceptanceTest
[INFO] Running si.confreg.registration.api.RegistrationRequestReaderTest
[INFO] Tests run: 11, Failures: 0, Errors: 0, Skipped: 0, Time elapsed: 0.022 s -- in si.confreg.registration.api.RegistrationRequestReaderTest
[INFO] Running si.confreg.registration.application.RegisterParticipantTest
[INFO] Tests run: 7, Failures: 0, Errors: 0, Skipped: 0, Time elapsed: 0.838 s -- in si.confreg.registration.application.RegisterParticipantTest
[INFO] Running si.confreg.registration.clock.TestClockTest
[INFO] Tests run: 6, Failures: 0, Errors: 0, Skipped: 0, Time elapsed: 0.073 s -- in si.confreg.registration.clock.TestClockTest
[INFO] Running si.confreg.registration.config.ApplicationConfigurationTest
[INFO] Tests run: 8, Failures: 0, Errors: 0, Skipped: 0, Time elapsed: 0.065 s -- in si.confreg.registration.config.ApplicationConfigurationTest
[INFO] Running si.confreg.registration.domain.FeeScheduleTest
[INFO] Tests run: 6, Failures: 0, Errors: 0, Skipped: 0, Time elapsed: 0.096 s -- in si.confreg.registration.domain.FeeScheduleTest
[INFO] Running si.confreg.registration.domain.FeesTest
[INFO] Tests run: 6, Failures: 0, Errors: 0, Skipped: 0, Time elapsed: 0.036 s -- in si.confreg.registration.domain.FeesTest
[INFO] Running si.confreg.registration.domain.PayerTypeTest
[INFO] Tests run: 2, Failures: 0, Errors: 0, Skipped: 0, Time elapsed: 0.007 s -- in si.confreg.registration.domain.PayerTypeTest
[INFO] Running si.confreg.registration.domain.RegistrationValidatorTest
[INFO] Tests run: 41, Failures: 0, Errors: 0, Skipped: 0, Time elapsed: 0.119 s -- in si.confreg.registration.domain.RegistrationValidatorTest
[INFO] Running si.confreg.registration.domain.WorkshopCatalogueTest
[INFO] Tests run: 9, Failures: 0, Errors: 0, Skipped: 0, Time elapsed: 0.028 s -- in si.confreg.registration.domain.WorkshopCatalogueTest
[INFO] Running si.confreg.registration.integration.HttpIntegrationTest
2026-10-06T23:08:31.600+02:00  INFO 8880 --- [registration-backend] [           main] t.c.s.AnnotationConfigContextLoaderUtils : Could not detect default configuration classes for test class [si.confreg.registration.integration.HttpIntegrationTest]: HttpIntegrationTest does not declare any static, non-private, non-final, nested classes annotated with @Configuration.
2026-10-06T23:08:31.648+02:00  INFO 8880 --- [registration-backend] [           main] .b.t.c.SpringBootTestContextBootstrapper : Found @SpringBootConfiguration si.confreg.registration.RegistrationApplication for test class si.confreg.registration.integration.HttpIntegrationTest
2026-10-06T23:08:31.653+02:00  INFO 8880 --- [registration-backend] [           main] t.c.s.AnnotationConfigContextLoaderUtils : Could not detect default configuration classes for test class [si.confreg.registration.integration.HttpIntegrationTest]: HttpIntegrationTest does not declare any static, non-private, non-final, nested classes annotated with @Configuration.
2026-10-06T23:08:31.659+02:00  INFO 8880 --- [registration-backend] [           main] .b.t.c.SpringBootTestContextBootstrapper : Found @SpringBootConfiguration si.confreg.registration.RegistrationApplication for test class si.confreg.registration.integration.HttpIntegrationTest
2026-10-06T23:08:31.692+02:00  INFO 8880 --- [registration-backend] [           main] tc.postgres:16.15-alpine                 : Creating container for image: postgres:16.15-alpine
2026-10-06T23:08:31.887+02:00  INFO 8880 --- [registration-backend] [           main] tc.postgres:16.15-alpine                 : Container postgres:16.15-alpine is starting: c4b842f9873a7fc4a514da56b9b55abe77ad29884f854d7de7d28ed86c4c8150
2026-10-06T23:08:35.003+02:00  INFO 8880 --- [registration-backend] [           main] tc.postgres:16.15-alpine                 : Container postgres:16.15-alpine started in PT3.3105962S
2026-10-06T23:08:35.004+02:00  INFO 8880 --- [registration-backend] [           main] tc.postgres:16.15-alpine                 : Container is started (JDBC URL: jdbc:postgresql://localhost:63031/test?loggerLevel=OFF)
2026-10-06T23:08:35.004+02:00  INFO 8880 --- [registration-backend] [           main] tc.axllent/mailpit:v1.31.1               : Creating container for image: axllent/mailpit:v1.31.1
2026-10-06T23:08:35.153+02:00  INFO 8880 --- [registration-backend] [           main] tc.axllent/mailpit:v1.31.1               : Container axllent/mailpit:v1.31.1 is starting: 9fb243416a4025e4cdf8f2c2a8e181798f1ee920768fdcb2220a632cc927a8a0
2026-10-06T23:08:35.596+02:00  INFO 8880 --- [registration-backend] [           main] o.t.c.wait.strategy.HttpWaitStrategy     : /admiring_napier: Waiting for 60 seconds for URL: http://localhost:63037/livez (where port 63037 maps to container port 8025)
2026-10-06T23:08:35.602+02:00  INFO 8880 --- [registration-backend] [           main] tc.axllent/mailpit:v1.31.1               : Container axllent/mailpit:v1.31.1 started in PT0.5977828S
2026-10-06T23:08:35.613+02:00  INFO 8880 --- [registration-backend] [           main] o.s.boot.tomcat.GracefulShutdown         : Commencing graceful shutdown. Waiting for active requests to complete
2026-10-06T23:08:35.624+02:00  INFO 8880 --- [registration-backend] [tomcat-shutdown] o.s.boot.tomcat.GracefulShutdown         : Graceful shutdown aborted with one or more requests still active

  .   ____          _            __ _ _
 /\\ / ___'_ __ _ _(_)_ __  __ _ \ \ \ \
( ( )\___ | '_ | '_| | '_ \/ _` | \ \ \ \
 \\/  ___)| |_)| | | | | || (_| |  ) ) ) )
  '  |____| .__|_| |_|_| |_\__, | / / / /
 =========|_|==============|___/=/_/_/_/

 :: Spring Boot ::                (v4.1.1)

2026-10-06T23:08:35.711+02:00  INFO 8880 --- [registration-backend] [           main] s.c.r.integration.HttpIntegrationTest    : Starting HttpIntegrationTest using Java 21.0.11 with PID 8880 (started by tanej in C:\Users\tanej\Documents\LAB\tanej-confreg-C1\02_output\backend)
2026-10-06T23:08:35.711+02:00  INFO 8880 --- [registration-backend] [           main] s.c.r.integration.HttpIntegrationTest    : No active profile set, falling back to 1 default profile: "default"
2026-10-06T23:08:36.216+02:00  INFO 8880 --- [registration-backend] [           main] .s.d.r.c.RepositoryConfigurationDelegate : Bootstrapping Spring Data JPA repositories in DEFAULT mode.
2026-10-06T23:08:36.248+02:00  INFO 8880 --- [registration-backend] [           main] .s.d.r.c.RepositoryConfigurationDelegate : Finished Spring Data repository scanning in 29 ms. Found 1 JPA repository interface.
2026-10-06T23:08:36.483+02:00  INFO 8880 --- [registration-backend] [           main] o.s.boot.tomcat.TomcatWebServer          : Tomcat initialized with port 0 (http)
2026-10-06T23:08:36.485+02:00  INFO 8880 --- [registration-backend] [           main] o.apache.catalina.core.StandardService   : Starting service [Tomcat]
2026-10-06T23:08:36.486+02:00  INFO 8880 --- [registration-backend] [           main] o.apache.catalina.core.StandardEngine    : Starting Servlet engine: [Apache Tomcat/11.0.26]
2026-10-06T23:08:36.563+02:00  INFO 8880 --- [registration-backend] [           main] b.w.c.s.WebApplicationContextInitializer : Root WebApplicationContext: initialization completed in 848 ms
2026-10-06T23:08:36.730+02:00  INFO 8880 --- [registration-backend] [           main] com.zaxxer.hikari.HikariDataSource       : HikariPool-3 - Starting...
2026-10-06T23:08:36.787+02:00  INFO 8880 --- [registration-backend] [           main] com.zaxxer.hikari.pool.HikariPool        : HikariPool-3 - Added connection org.postgresql.jdbc.PgConnection@c0ac66b
2026-10-06T23:08:36.788+02:00  INFO 8880 --- [registration-backend] [           main] com.zaxxer.hikari.HikariDataSource       : HikariPool-3 - Start completed.
2026-10-06T23:08:36.794+02:00  INFO 8880 --- [registration-backend] [           main] org.flywaydb.core.FlywayExecutor         : Database: jdbc:postgresql://localhost:63031/test?loggerLevel=OFF (PostgreSQL 16.15)
2026-10-06T23:08:36.848+02:00  INFO 8880 --- [registration-backend] [           main] o.f.c.i.s.JdbcTableSchemaHistory         : Schema history table "public"."flyway_schema_history" does not exist yet
2026-10-06T23:08:36.852+02:00  INFO 8880 --- [registration-backend] [           main] o.f.core.internal.command.DbValidate     : Successfully validated 1 migration (execution time 00:00.015s)
2026-10-06T23:08:36.885+02:00  INFO 8880 --- [registration-backend] [           main] o.f.c.i.s.JdbcTableSchemaHistory         : Creating Schema History table "public"."flyway_schema_history" ...
2026-10-06T23:08:36.968+02:00  INFO 8880 --- [registration-backend] [           main] o.f.core.internal.command.DbMigrate      : Current version of schema "public": << Empty Schema >>
2026-10-06T23:08:36.982+02:00  INFO 8880 --- [registration-backend] [           main] o.f.core.internal.command.DbMigrate      : Migrating schema "public" to version "1 - create registration"
2026-10-06T23:08:37.040+02:00  INFO 8880 --- [registration-backend] [           main] o.f.core.internal.command.DbMigrate      : Successfully applied 1 migration to schema "public", now at version v1 (execution time 00:00.035s)
2026-10-06T23:08:37.086+02:00  INFO 8880 --- [registration-backend] [           main] org.hibernate.orm.jpa                    : HHH008540: Processing PersistenceUnitInfo [name: default]
2026-10-06T23:08:37.216+02:00  INFO 8880 --- [registration-backend] [           main] o.s.o.j.p.SpringPersistenceUnitInfo      : No LoadTimeWeaver setup: ignoring JPA class transformer
2026-10-06T23:08:37.236+02:00  INFO 8880 --- [registration-backend] [           main] org.hibernate.orm.connections.pooling    : HHH10001005: Database info:
	Database JDBC URL [jdbc:postgresql://localhost:63031/test?loggerLevel=OFF]
	Database driver: PostgreSQL JDBC Driver
	Database dialect: PostgreSQLDialect
	Database version: 16.15
	Default catalog/schema: test/public
	Autocommit mode: undefined/unknown
	Isolation level: READ_COMMITTED [default READ_COMMITTED]
	JDBC fetch size: none
	Pool: DataSourceConnectionProvider
	Minimum pool size: undefined/unknown
	Maximum pool size: undefined/unknown
2026-10-06T23:08:37.320+02:00  INFO 8880 --- [registration-backend] [           main] org.hibernate.orm.core                   : HHH000489: No JTA platform available (set 'hibernate.transaction.jta.platform' to enable JTA platform integration)
2026-10-06T23:08:37.353+02:00  INFO 8880 --- [registration-backend] [           main] j.LocalContainerEntityManagerFactoryBean : Initialized JPA EntityManagerFactory for persistence unit 'default'
2026-10-06T23:08:37.611+02:00  INFO 8880 --- [registration-backend] [           main] r$InitializeUserDetailsManagerConfigurer : Global AuthenticationManager configured with UserDetailsService bean with name organizer
2026-10-06T23:08:37.820+02:00  INFO 8880 --- [registration-backend] [           main] o.s.boot.tomcat.TomcatWebServer          : Tomcat started on port 63052 (http) with context path '/'
2026-10-06T23:08:37.883+02:00  INFO 8880 --- [registration-backend] [           main] o.s.boot.tomcat.TomcatWebServer          : Tomcat initialized with port 0 (http)
2026-10-06T23:08:37.885+02:00  INFO 8880 --- [registration-backend] [           main] o.apache.catalina.core.StandardService   : Starting service [Tomcat]
2026-10-06T23:08:37.885+02:00  INFO 8880 --- [registration-backend] [           main] o.apache.catalina.core.StandardEngine    : Starting Servlet engine: [Apache Tomcat/11.0.26]
2026-10-06T23:08:37.928+02:00  INFO 8880 --- [registration-backend] [           main] b.w.c.s.WebApplicationContextInitializer : Root WebApplicationContext: initialization completed in 105 ms
2026-10-06T23:08:37.940+02:00  INFO 8880 --- [registration-backend] [           main] o.s.b.a.e.web.EndpointLinksResolver      : Exposing 1 endpoint beneath base path '/actuator'
2026-10-06T23:08:37.976+02:00  INFO 8880 --- [registration-backend] [           main] o.s.boot.tomcat.TomcatWebServer          : Tomcat started on port 63054 (http) with context path '/'
2026-10-06T23:08:37.983+02:00  INFO 8880 --- [registration-backend] [           main] s.c.r.integration.HttpIntegrationTest    : Started HttpIntegrationTest in 2.355 seconds (process running for 55.213)
2026-10-06T23:08:37.998+02:00  INFO 8880 --- [registration-backend] [o-auto-6-exec-1] o.a.c.c.C.[Tomcat-2].[localhost].[/]     : Initializing Spring DispatcherServlet 'dispatcherServletRegistration'
2026-10-06T23:08:37.998+02:00  INFO 8880 --- [registration-backend] [o-auto-6-exec-1] o.s.web.servlet.DispatcherServlet        : Initializing Servlet 'dispatcherServletRegistration'
2026-10-06T23:08:37.999+02:00  INFO 8880 --- [registration-backend] [o-auto-6-exec-1] o.s.web.servlet.DispatcherServlet        : Completed initialization in 1 ms
2026-10-06T23:08:38.099+02:00  WARN 8880 --- [registration-backend] [o-auto-6-exec-3] o.s.web.servlet.PageNotFound             : No mapping for GET /actuator/env
2026-10-06T23:08:38.119+02:00  INFO 8880 --- [registration-backend] [o-auto-5-exec-1] o.a.c.c.C.[Tomcat-1].[localhost].[/]     : Initializing Spring DispatcherServlet 'dispatcherServlet'
2026-10-06T23:08:38.119+02:00  INFO 8880 --- [registration-backend] [o-auto-5-exec-1] o.s.web.servlet.DispatcherServlet        : Initializing Servlet 'dispatcherServlet'
2026-10-06T23:08:38.120+02:00  INFO 8880 --- [registration-backend] [o-auto-5-exec-1] o.s.web.servlet.DispatcherServlet        : Completed initialization in 1 ms
2026-10-06T23:08:38.138+02:00  WARN 8880 --- [registration-backend] [o-auto-5-exec-2] o.s.web.servlet.PageNotFound             : No mapping for GET /actuator/health
2026-10-06T23:08:38.642+02:00  WARN 8880 --- [registration-backend] [o-auto-5-exec-1] o.s.web.servlet.PageNotFound             : No mapping for GET /api/anything
[INFO] Tests run: 8, Failures: 0, Errors: 0, Skipped: 0, Time elapsed: 7.080 s -- in si.confreg.registration.integration.HttpIntegrationTest
[INFO] Running si.confreg.registration.mail.SmtpConfirmationSenderTest
[INFO] Tests run: 5, Failures: 0, Errors: 0, Skipped: 0, Time elapsed: 0.223 s -- in si.confreg.registration.mail.SmtpConfirmationSenderTest
[INFO] Running si.confreg.registration.persistence.JpaRegistrationStoreTest
[INFO] Tests run: 4, Failures: 0, Errors: 0, Skipped: 0, Time elapsed: 0.232 s -- in si.confreg.registration.persistence.JpaRegistrationStoreTest
[INFO] Running si.confreg.registration.security.FiltersTest
[INFO] Tests run: 16, Failures: 0, Errors: 0, Skipped: 0, Time elapsed: 0.069 s -- in si.confreg.registration.security.FiltersTest
[INFO] 
[INFO] Results:
[INFO] 
[INFO] Tests run: 181, Failures: 0, Errors: 0, Skipped: 0
[INFO] 
[INFO] 
[INFO] --- jar:3.5.1:jar (default-jar) @ registration-backend ---
[INFO] Building jar: C:\Users\tanej\Documents\LAB\tanej-confreg-C1\02_output\backend\target\registration-backend-0.1.0.jar
[INFO] 
[INFO] --- spring-boot:4.1.1:repackage (repackage) @ registration-backend ---
[INFO] Replacing main artifact C:\Users\tanej\Documents\LAB\tanej-confreg-C1\02_output\backend\target\registration-backend-0.1.0.jar with repackaged archive, adding nested dependencies in BOOT-INF/.
[INFO] The original artifact has been renamed to C:\Users\tanej\Documents\LAB\tanej-confreg-C1\02_output\backend\target\registration-backend-0.1.0.jar.original
[INFO] 
[INFO] --- jacoco:0.8.12:report (report) @ registration-backend ---
[INFO] Loading execution data file C:\Users\tanej\Documents\LAB\tanej-confreg-C1\02_output\backend\target\jacoco.exec
[INFO] Analyzed bundle 'registration-backend' with 46 classes
[INFO] ------------------------------------------------------------------------
[INFO] BUILD SUCCESS
[INFO] ------------------------------------------------------------------------
[INFO] Total time:  01:08 min
[INFO] Finished at: 2026-10-06T23:08:42+02:00
[INFO] ------------------------------------------------------------------------
